Archive member included because of file (symbol)

c:/program files (x86)/microchip/xc32/v1.40/bin/bin/../../lib/gcc/pic32mx/4.8.3/../../../../pic32mx/lib\libsupc++.a(class_type_info.o)
                              build/default/production/Object.o (vtable for __cxxabiv1::__class_type_info)
c:/program files (x86)/microchip/xc32/v1.40/bin/bin/../../lib/gcc/pic32mx/4.8.3/../../../../pic32mx/lib\libsupc++.a(del_op.o)
                              build/default/production/Object.o (operator delete(void*))
c:/program files (x86)/microchip/xc32/v1.40/bin/bin/../../lib/gcc/pic32mx/4.8.3/../../../../pic32mx/lib\libsupc++.a(eh_catch.o)
                              build/default/production/SPIDevice.o (__cxa_get_exception_ptr)
c:/program files (x86)/microchip/xc32/v1.40/bin/bin/../../lib/gcc/pic32mx/4.8.3/../../../../pic32mx/lib\libsupc++.a(eh_exception.o)
                              build/default/production/System.o (std::exception::~exception())
c:/program files (x86)/microchip/xc32/v1.40/bin/bin/../../lib/gcc/pic32mx/4.8.3/../../../../pic32mx/lib\libsupc++.a(eh_globals.o)
                              c:/program files (x86)/microchip/xc32/v1.40/bin/bin/../../lib/gcc/pic32mx/4.8.3/../../../../pic32mx/lib\libsupc++.a(eh_catch.o) (__cxa_get_globals_fast)
c:/program files (x86)/microchip/xc32/v1.40/bin/bin/../../lib/gcc/pic32mx/4.8.3/../../../../pic32mx/lib\libsupc++.a(eh_personality.o)
                              build/default/production/Object.o (__gxx_personality_sj0)
c:/program files (x86)/microchip/xc32/v1.40/bin/bin/../../lib/gcc/pic32mx/4.8.3/../../../../pic32mx/lib\libsupc++.a(eh_terminate.o)
                              c:/program files (x86)/microchip/xc32/v1.40/bin/bin/../../lib/gcc/pic32mx/4.8.3/../../../../pic32mx/lib\libsupc++.a(eh_personality.o) (__cxxabiv1::__terminate(void (*)()))
c:/program files (x86)/microchip/xc32/v1.40/bin/bin/../../lib/gcc/pic32mx/4.8.3/../../../../pic32mx/lib\libsupc++.a(eh_throw.o)
                              c:/program files (x86)/microchip/xc32/v1.40/bin/bin/../../lib/gcc/pic32mx/4.8.3/../../../../pic32mx/lib\libsupc++.a(eh_personality.o) (__cxa_throw)
c:/program files (x86)/microchip/xc32/v1.40/bin/bin/../../lib/gcc/pic32mx/4.8.3/../../../../pic32mx/lib\libsupc++.a(eh_unex_handler.o)
                              c:/program files (x86)/microchip/xc32/v1.40/bin/bin/../../lib/gcc/pic32mx/4.8.3/../../../../pic32mx/lib\libsupc++.a(eh_terminate.o) (__cxxabiv1::__unexpected_handler)
c:/program files (x86)/microchip/xc32/v1.40/bin/bin/../../lib/gcc/pic32mx/4.8.3/../../../../pic32mx/lib\libsupc++.a(new_op.o)
                              build/default/production/System.o (operator new(unsigned long))
c:/program files (x86)/microchip/xc32/v1.40/bin/bin/../../lib/gcc/pic32mx/4.8.3/../../../../pic32mx/lib\libsupc++.a(si_class_type_info.o)
                              build/default/production/System.o (vtable for __cxxabiv1::__si_class_type_info)
c:/program files (x86)/microchip/xc32/v1.40/bin/bin/../../lib/gcc/pic32mx/4.8.3/../../../../pic32mx/lib\libsupc++.a(tinfo.o)
                              c:/program files (x86)/microchip/xc32/v1.40/bin/bin/../../lib/gcc/pic32mx/4.8.3/../../../../pic32mx/lib\libsupc++.a(class_type_info.o) (std::type_info::~type_info())
c:/program files (x86)/microchip/xc32/v1.40/bin/bin/../../lib/gcc/pic32mx/4.8.3/../../../../pic32mx/lib\libsupc++.a(pure.o)
                              build/default/production/Object.o (__cxa_pure_virtual)
c:/program files (x86)/microchip/xc32/v1.40/bin/bin/../../lib/gcc/pic32mx/4.8.3/../../../../pic32mx/lib\libsupc++.a(eh_alloc.o)
                              c:/program files (x86)/microchip/xc32/v1.40/bin/bin/../../lib/gcc/pic32mx/4.8.3/../../../../pic32mx/lib\libsupc++.a(eh_personality.o) (__cxa_allocate_exception)
c:/program files (x86)/microchip/xc32/v1.40/bin/bin/../../lib/gcc/pic32mx/4.8.3/../../../../pic32mx/lib\libsupc++.a(eh_call.o)
                              c:/program files (x86)/microchip/xc32/v1.40/bin/bin/../../lib/gcc/pic32mx/4.8.3/../../../../pic32mx/lib\libsupc++.a(eh_personality.o) (__cxa_call_terminate)
c:/program files (x86)/microchip/xc32/v1.40/bin/bin/../../lib/gcc/pic32mx/4.8.3/../../../../pic32mx/lib\libsupc++.a(eh_term_handler.o)
                              c:/program files (x86)/microchip/xc32/v1.40/bin/bin/../../lib/gcc/pic32mx/4.8.3/../../../../pic32mx/lib\libsupc++.a(eh_terminate.o) (__cxxabiv1::__terminate_handler)
c:/program files (x86)/microchip/xc32/v1.40/bin/bin/../../lib/gcc/pic32mx/4.8.3/../../../../pic32mx/lib\libsupc++.a(new_handler.o)
                              c:/program files (x86)/microchip/xc32/v1.40/bin/bin/../../lib/gcc/pic32mx/4.8.3/../../../../pic32mx/lib\libsupc++.a(new_op.o) (__new_handler)
c:/program files (x86)/microchip/xc32/v1.40/bin/bin/../../lib/gcc/pic32mx/4.8.3/../../../../pic32mx/lib\libxcpp.a(gccex.o)
                              build/default/production/System.o (std::exception::_Raise() const)
[...]
Memory Configuration

Name             Origin             Length             Attributes
kseg0_program_mem 0x9d000000         0x0003f000         xr
exception_mem    0x9d03f000         0x00001000
debug_exec_mem   0x9fc00490         0x00000760
kseg0_boot_mem   0x9fc00490         0x00000000
kseg1_boot_mem   0xbfc00000         0x00000490
config3          0xbfc00bf0         0x00000004
config2          0xbfc00bf4         0x00000004
config1          0xbfc00bf8         0x00000004
config0          0xbfc00bfc         0x00000004
kseg1_data_mem   0xa0000000         0x00010000         w !x
sfrs             0xbf800000         0x00100000
configsfrs       0xbfc00bf0         0x00000010
*default*        0x00000000         0xffffffff

Linker script and memory map

LOAD c:/program files (x86)/microchip/xc32/v1.40/bin/bin/../../lib/gcc/pic32mx/4.8.3/../../../../pic32mx/lib/./proc/32MX270F256D/cpprt0_mips32r2.o
LOAD c:/program files (x86)/microchip/xc32/v1.40/bin/bin/../../lib/gcc/pic32mx/4.8.3/crti.o
LOAD c:/program files (x86)/microchip/xc32/v1.40/bin/bin/../../lib/gcc/pic32mx/4.8.3/crtbegin.o
LOAD build/default/production/Object.o
LOAD build/default/production/Main.o
LOAD build/default/production/System.o
LOAD build/default/production/Register.o
LOAD build/default/production/SPIDevice.o
LOAD build/default/production/SPIBus.o
                0x00000001                __MPLAB_BUILD = 0x1
                0x00000400                _min_heap_size = 0x400
LOAD c:/program files (x86)/microchip/xc32/v1.40/bin/bin/../../lib/gcc/pic32mx/4.8.3/../../../../pic32mx/lib\libsupc++.a
LOAD c:/program files (x86)/microchip/xc32/v1.40/bin/bin/../../lib/gcc/pic32mx/4.8.3/../../../../pic32mx/lib\libxcpp.a
LOAD c:/program files (x86)/microchip/xc32/v1.40/bin/bin/../../lib/gcc/pic32mx/4.8.3/../../../../pic32mx/lib/./proc/32MX270F256D\default_isr_vectors.o
LOAD c:/program files (x86)/microchip/xc32/v1.40/bin/bin/../../lib/gcc/pic32mx/4.8.3/../../../../pic32mx/lib\pic32_software_reset.o
                0x00000400                PROVIDE (_min_stack_size, 0x400)
LOAD c:/program files (x86)/microchip/xc32/v1.40/bin/bin/../../lib/gcc/pic32mx/4.8.3/../../../../pic32mx/lib/./proc/32MX270F256D\processor.o
START GROUP
LOAD c:/program files (x86)/microchip/xc32/v1.40/bin/bin/../../lib/gcc/pic32mx/4.8.3/../../../../pic32mx/lib\libmchp_peripheral.a
END GROUP
START GROUP
LOAD c:/program files (x86)/microchip/xc32/v1.40/bin/bin/../../lib/gcc/pic32mx/4.8.3/../../../../pic32mx/lib\libmchp_peripheral_32MX270F256D.a
END GROUP
                0x00000001                PROVIDE (_vector_spacing, 0x1)
                0x9d03f000                _ebase_address = 0x9d03f000
                0xbfc00000                _RESET_ADDR = 0xbfc00000
                0xbfc00380                _BEV_EXCPT_ADDR = 0xbfc00380
                0xbfc00480                _DBG_EXCPT_ADDR = 0xbfc00480
                0x9fc00490                _DBG_CODE_ADDR = 0x9fc00490
                0x00000760                _DBG_CODE_SIZE = 0x760
                0x9d03f180                _GEN_EXCPT_ADDR = (_ebase_address + 0x180)

.config_BFC00BF0
 *(.config_BFC00BF0)

.config_BFC00BF4
 *(.config_BFC00BF4)

.config_BFC00BF8
 *(.config_BFC00BF8)

.config_BFC00BFC
 *(.config_BFC00BFC)
                0xbfc02000                PROVIDE (_DBG_CODE_ADDR, 0xbfc02000)
                0x00000ff0                PROVIDE (_DBG_CODE_SIZE, 0xff0)

.reset          0xbfc00000      0x1d0
 *(.reset)
 .reset         0xbfc00000        0x8 c:/program files (x86)/microchip/xc32/v1.40/bin/bin/../../lib/gcc/pic32mx/4.8.3/../../../../pic32mx/lib/./proc/32MX270F256D/cpprt0_mips32r2.o
                0xbfc00000                _reset
 *(.reset.startup)
 .reset.startup
                0xbfc00008      0x1c8 c:/program files (x86)/microchip/xc32/v1.40/bin/bin/../../lib/gcc/pic32mx/4.8.3/../../../../pic32mx/lib/./proc/32MX270F256D/cpprt0_mips32r2.o

.bev_excpt      0xbfc00380       0x10
 *(.bev_handler)
 .bev_handler   0xbfc00380       0x10 c:/program files (x86)/microchip/xc32/v1.40/bin/bin/../../lib/gcc/pic32mx/4.8.3/../../../../pic32mx/lib/./proc/32MX270F256D/cpprt0_mips32r2.o

.dbg_excpt      0xbfc00480        0x0
                0xbfc00480                . = (. + DEFINED (_DEBUGGER)?0x8:0x0)

.dbg_code       0x9fc00490        0x0
                0x9fc00490                . = (. + DEFINED (_DEBUGGER)?_DBG_CODE_SIZE:0x0)

.app_excpt      0x9d03f180       0x10
 *(.gen_handler)
 .gen_handler   0x9d03f180       0x10 c:/program files (x86)/microchip/xc32/v1.40/bin/bin/../../lib/gcc/pic32mx/4.8.3/../../../../pic32mx/lib/./proc/32MX270F256D/cpprt0_mips32r2.o

.vector_0       0x9d03f200        0x8
 *(.vector_0)
 .vector_0      0x9d03f200        0x8 c:/program files (x86)/microchip/xc32/v1.40/bin/bin/../../lib/gcc/pic32mx/4.8.3/../../../../pic32mx/lib\libpic32.a(vector0.o)
                0x9d03f200                __vector_dispatch_0
                0x00000001                ASSERT (((_vector_spacing == 0x0) || (SIZEOF (.vector_0) <= (_vector_spacing << 0x5))), function at exception vector 0 too large)

.vector_1       0x9d03f220        0x8
 *(.vector_1)
 .vector_1      0x9d03f220        0x8 c:/program files (x86)/microchip/xc32/v1.40/bin/bin/../../lib/gcc/pic32mx/4.8.3/../../../../pic32mx/lib\libpic32.a(vector1.o)
                0x9d03f220                __vector_dispatch_1
                0x00000001                ASSERT (((_vector_spacing == 0x0) || (SIZEOF (.vector_1) <= (_vector_spacing << 0x5))), function at exception vector 1 too large)

.vector_2       0x9d03f240        0x8
 *(.vector_2)
 .vector_2      0x9d03f240        0x8 c:/program files (x86)/microchip/xc32/v1.40/bin/bin/../../lib/gcc/pic32mx/4.8.3/../../../../pic32mx/lib\libpic32.a(vector2.o)
                0x9d03f240                __vector_dispatch_2
                0x00000001                ASSERT (((_vector_spacing == 0x0) || (SIZEOF (.vector_2) <= (_vector_spacing << 0x5))), function at exception vector 2 too large)

.vector_3       0x9d03f260        0x8
 *(.vector_3)
 .vector_3      0x9d03f260        0x8 c:/program files (x86)/microchip/xc32/v1.40/bin/bin/../../lib/gcc/pic32mx/4.8.3/../../../../pic32mx/lib\libpic32.a(vector3.o)
                0x9d03f260                __vector_dispatch_3
                0x00000001                ASSERT (((_vector_spacing == 0x0) || (SIZEOF (.vector_3) <= (_vector_spacing << 0x5))), function at exception vector 3 too large)

.vector_4       0x9d03f280        0x8
 *(.vector_4)
 .vector_4      0x9d03f280        0x8 c:/program files (x86)/microchip/xc32/v1.40/bin/bin/../../lib/gcc/pic32mx/4.8.3/../../../../pic32mx/lib\libpic32.a(vector4.o)
                0x9d03f280                __vector_dispatch_4
                0x00000001                ASSERT (((_vector_spacing == 0x0) || (SIZEOF (.vector_4) <= (_vector_spacing << 0x5))), function at exception vector 4 too large)

.vector_5       0x9d03f2a0        0x8
 *(.vector_5)
 .vector_5      0x9d03f2a0        0x8 c:/program files (x86)/microchip/xc32/v1.40/bin/bin/../../lib/gcc/pic32mx/4.8.3/../../../../pic32mx/lib\libpic32.a(vector5.o)
                0x9d03f2a0                __vector_dispatch_5
                0x00000001                ASSERT (((_vector_spacing == 0x0) || (SIZEOF (.vector_5) <= (_vector_spacing << 0x5))), function at exception vector 5 too large)

.vector_6       0x9d03f2c0        0x8
 *(.vector_6)
 .vector_6      0x9d03f2c0        0x8 c:/program files (x86)/microchip/xc32/v1.40/bin/bin/../../lib/gcc/pic32mx/4.8.3/../../../../pic32mx/lib\libpic32.a(vector6.o)
                0x9d03f2c0                __vector_dispatch_6
                0x00000001                ASSERT (((_vector_spacing == 0x0) || (SIZEOF (.vector_6) <= (_vector_spacing << 0x5))), function at exception vector 6 too large)

.vector_7       0x9d03f2e0        0x8
 *(.vector_7)
 .vector_7      0x9d03f2e0        0x8 c:/program files (x86)/microchip/xc32/v1.40/bin/bin/../../lib/gcc/pic32mx/4.8.3/../../../../pic32mx/lib\libpic32.a(vector7.o)
                0x9d03f2e0                __vector_dispatch_7
                0x00000001                ASSERT (((_vector_spacing == 0x0) || (SIZEOF (.vector_7) <= (_vector_spacing << 0x5))), function at exception vector 7 too large)

.vector_8       0x9d03f300        0x8
 *(.vector_8)
 .vector_8      0x9d03f300        0x8 c:/program files (x86)/microchip/xc32/v1.40/bin/bin/../../lib/gcc/pic32mx/4.8.3/../../../../pic32mx/lib\libpic32.a(vector8.o)
                0x9d03f300                __vector_dispatch_8
                0x00000001                ASSERT (((_vector_spacing == 0x0) || (SIZEOF (.vector_8) <= (_vector_spacing << 0x5))), function at exception vector 8 too large)

.vector_9       0x9d03f320        0x8
 *(.vector_9)
 .vector_9      0x9d03f320        0x8 c:/program files (x86)/microchip/xc32/v1.40/bin/bin/../../lib/gcc/pic32mx/4.8.3/../../../../pic32mx/lib\libpic32.a(vector9.o)
                0x9d03f320                __vector_dispatch_9
                0x00000001                ASSERT (((_vector_spacing == 0x0) || (SIZEOF (.vector_9) <= (_vector_spacing << 0x5))), function at exception vector 9 too large)

.vector_10      0x9d03f340        0x8
 *(.vector_10)
 .vector_10     0x9d03f340        0x8 c:/program files (x86)/microchip/xc32/v1.40/bin/bin/../../lib/gcc/pic32mx/4.8.3/../../../../pic32mx/lib\libpic32.a(vector10.o)
                0x9d03f340                __vector_dispatch_10
                0x00000001                ASSERT (((_vector_spacing == 0x0) || (SIZEOF (.vector_10) <= (_vector_spacing << 0x5))), function at exception vector 10 too large)

.vector_11      0x9d03f360        0x8
 *(.vector_11)
 .vector_11     0x9d03f360        0x8 c:/program files (x86)/microchip/xc32/v1.40/bin/bin/../../lib/gcc/pic32mx/4.8.3/../../../../pic32mx/lib\libpic32.a(vector11.o)
                0x9d03f360                __vector_dispatch_11
                0x00000001                ASSERT (((_vector_spacing == 0x0) || (SIZEOF (.vector_11) <= (_vector_spacing << 0x5))), function at exception vector 11 too large)

.vector_12      0x9d03f380        0x8
 *(.vector_12)
 .vector_12     0x9d03f380        0x8 c:/program files (x86)/microchip/xc32/v1.40/bin/bin/../../lib/gcc/pic32mx/4.8.3/../../../../pic32mx/lib\libpic32.a(vector12.o)
                0x9d03f380                __vector_dispatch_12
                0x00000001                ASSERT (((_vector_spacing == 0x0) || (SIZEOF (.vector_12) <= (_vector_spacing << 0x5))), function at exception vector 12 too large)

.vector_13      0x9d03f3a0        0x8
 *(.vector_13)
 .vector_13     0x9d03f3a0        0x8 c:/program files (x86)/microchip/xc32/v1.40/bin/bin/../../lib/gcc/pic32mx/4.8.3/../../../../pic32mx/lib\libpic32.a(vector13.o)
                0x9d03f3a0                __vector_dispatch_13
                0x00000001                ASSERT (((_vector_spacing == 0x0) || (SIZEOF (.vector_13) <= (_vector_spacing << 0x5))), function at exception vector 13 too large)

.vector_14      0x9d03f3c0        0x8
 *(.vector_14)
 .vector_14     0x9d03f3c0        0x8 c:/program files (x86)/microchip/xc32/v1.40/bin/bin/../../lib/gcc/pic32mx/4.8.3/../../../../pic32mx/lib\libpic32.a(vector14.o)
                0x9d03f3c0                __vector_dispatch_14
                0x00000001                ASSERT (((_vector_spacing == 0x0) || (SIZEOF (.vector_14) <= (_vector_spacing << 0x5))), function at exception vector 14 too large)

.vector_15      0x9d03f3e0        0x8
 *(.vector_15)
 .vector_15     0x9d03f3e0        0x8 c:/program files (x86)/microchip/xc32/v1.40/bin/bin/../../lib/gcc/pic32mx/4.8.3/../../../../pic32mx/lib\libpic32.a(vector15.o)
                0x9d03f3e0                __vector_dispatch_15
                0x00000001                ASSERT (((_vector_spacing == 0x0) || (SIZEOF (.vector_15) <= (_vector_spacing << 0x5))), function at exception vector 15 too large)

.vector_16      0x9d03f400        0x8
 *(.vector_16)
 .vector_16     0x9d03f400        0x8 c:/program files (x86)/microchip/xc32/v1.40/bin/bin/../../lib/gcc/pic32mx/4.8.3/../../../../pic32mx/lib\libpic32.a(vector16.o)
                0x9d03f400                __vector_dispatch_16
                0x00000001                ASSERT (((_vector_spacing == 0x0) || (SIZEOF (.vector_16) <= (_vector_spacing << 0x5))), function at exception vector 16 too large)

.vector_17      0x9d03f420        0x8
 *(.vector_17)
 .vector_17     0x9d03f420        0x8 c:/program files (x86)/microchip/xc32/v1.40/bin/bin/../../lib/gcc/pic32mx/4.8.3/../../../../pic32mx/lib\libpic32.a(vector17.o)
                0x9d03f420                __vector_dispatch_17
                0x00000001                ASSERT (((_vector_spacing == 0x0) || (SIZEOF (.vector_17) <= (_vector_spacing << 0x5))), function at exception vector 17 too large)

.vector_18      0x9d03f440        0x8
 *(.vector_18)
 .vector_18     0x9d03f440        0x8 c:/program files (x86)/microchip/xc32/v1.40/bin/bin/../../lib/gcc/pic32mx/4.8.3/../../../../pic32mx/lib\libpic32.a(vector18.o)
                0x9d03f440                __vector_dispatch_18
                0x00000001                ASSERT (((_vector_spacing == 0x0) || (SIZEOF (.vector_18) <= (_vector_spacing << 0x5))), function at exception vector 18 too large)

.vector_19      0x9d03f460        0x8
 *(.vector_19)
 .vector_19     0x9d03f460        0x8 c:/program files (x86)/microchip/xc32/v1.40/bin/bin/../../lib/gcc/pic32mx/4.8.3/../../../../pic32mx/lib\libpic32.a(vector19.o)
                0x9d03f460                __vector_dispatch_19
                0x00000001                ASSERT (((_vector_spacing == 0x0) || (SIZEOF (.vector_19) <= (_vector_spacing << 0x5))), function at exception vector 19 too large)

.vector_20      0x9d03f480        0x8
 *(.vector_20)
 .vector_20     0x9d03f480        0x8 c:/program files (x86)/microchip/xc32/v1.40/bin/bin/../../lib/gcc/pic32mx/4.8.3/../../../../pic32mx/lib\libpic32.a(vector20.o)
                0x9d03f480                __vector_dispatch_20
                0x00000001                ASSERT (((_vector_spacing == 0x0) || (SIZEOF (.vector_20) <= (_vector_spacing << 0x5))), function at exception vector 20 too large)

.vector_21      0x9d03f4a0        0x8
 *(.vector_21)
 .vector_21     0x9d03f4a0        0x8 c:/program files (x86)/microchip/xc32/v1.40/bin/bin/../../lib/gcc/pic32mx/4.8.3/../../../../pic32mx/lib\libpic32.a(vector21.o)
                0x9d03f4a0                __vector_dispatch_21
                0x00000001                ASSERT (((_vector_spacing == 0x0) || (SIZEOF (.vector_21) <= (_vector_spacing << 0x5))), function at exception vector 21 too large)

.vector_22      0x9d03f4c0        0x8
 *(.vector_22)
 .vector_22     0x9d03f4c0        0x8 c:/program files (x86)/microchip/xc32/v1.40/bin/bin/../../lib/gcc/pic32mx/4.8.3/../../../../pic32mx/lib\libpic32.a(vector22.o)
                0x9d03f4c0                __vector_dispatch_22
                0x00000001                ASSERT (((_vector_spacing == 0x0) || (SIZEOF (.vector_22) <= (_vector_spacing << 0x5))), function at exception vector 22 too large)

.vector_23      0x9d03f4e0        0x8
 *(.vector_23)
 .vector_23     0x9d03f4e0        0x8 c:/program files (x86)/microchip/xc32/v1.40/bin/bin/../../lib/gcc/pic32mx/4.8.3/../../../../pic32mx/lib\libpic32.a(vector23.o)
                0x9d03f4e0                __vector_dispatch_23
                0x00000001                ASSERT (((_vector_spacing == 0x0) || (SIZEOF (.vector_23) <= (_vector_spacing << 0x5))), function at exception vector 23 too large)

.vector_24      0x9d03f500        0x8
 *(.vector_24)
 .vector_24     0x9d03f500        0x8 c:/program files (x86)/microchip/xc32/v1.40/bin/bin/../../lib/gcc/pic32mx/4.8.3/../../../../pic32mx/lib\libpic32.a(vector24.o)
                0x9d03f500                __vector_dispatch_24
                0x00000001                ASSERT (((_vector_spacing == 0x0) || (SIZEOF (.vector_24) <= (_vector_spacing << 0x5))), function at exception vector 24 too large)

.vector_25      0x9d03f520        0x8
 *(.vector_25)
 .vector_25     0x9d03f520        0x8 c:/program files (x86)/microchip/xc32/v1.40/bin/bin/../../lib/gcc/pic32mx/4.8.3/../../../../pic32mx/lib\libpic32.a(vector25.o)
                0x9d03f520                __vector_dispatch_25
                0x00000001                ASSERT (((_vector_spacing == 0x0) || (SIZEOF (.vector_25) <= (_vector_spacing << 0x5))), function at exception vector 25 too large)

.vector_26      0x9d03f540        0x8
 *(.vector_26)
 .vector_26     0x9d03f540        0x8 c:/program files (x86)/microchip/xc32/v1.40/bin/bin/../../lib/gcc/pic32mx/4.8.3/../../../../pic32mx/lib\libpic32.a(vector26.o)
                0x9d03f540                __vector_dispatch_26
                0x00000001                ASSERT (((_vector_spacing == 0x0) || (SIZEOF (.vector_26) <= (_vector_spacing << 0x5))), function at exception vector 26 too large)

.vector_27      0x9d03f560        0x8
 *(.vector_27)
 .vector_27     0x9d03f560        0x8 c:/program files (x86)/microchip/xc32/v1.40/bin/bin/../../lib/gcc/pic32mx/4.8.3/../../../../pic32mx/lib\libpic32.a(vector27.o)
                0x9d03f560                __vector_dispatch_27
                0x00000001                ASSERT (((_vector_spacing == 0x0) || (SIZEOF (.vector_27) <= (_vector_spacing << 0x5))), function at exception vector 27 too large)

.vector_28      0x9d03f580        0x8
 *(.vector_28)
 .vector_28     0x9d03f580        0x8 c:/program files (x86)/microchip/xc32/v1.40/bin/bin/../../lib/gcc/pic32mx/4.8.3/../../../../pic32mx/lib\libpic32.a(vector28.o)
                0x9d03f580                __vector_dispatch_28
                0x00000001                ASSERT (((_vector_spacing == 0x0) || (SIZEOF (.vector_28) <= (_vector_spacing << 0x5))), function at exception vector 28 too large)

.vector_29      0x9d03f5a0        0x8
 *(.vector_29)
 .vector_29     0x9d03f5a0        0x8 c:/program files (x86)/microchip/xc32/v1.40/bin/bin/../../lib/gcc/pic32mx/4.8.3/../../../../pic32mx/lib\libpic32.a(vector29.o)
                0x9d03f5a0                __vector_dispatch_29
                0x00000001                ASSERT (((_vector_spacing == 0x0) || (SIZEOF (.vector_29) <= (_vector_spacing << 0x5))), function at exception vector 29 too large)

.vector_30      0x9d03f5c0        0x8
 *(.vector_30)
 .vector_30     0x9d03f5c0        0x8 c:/program files (x86)/microchip/xc32/v1.40/bin/bin/../../lib/gcc/pic32mx/4.8.3/../../../../pic32mx/lib\libpic32.a(vector30.o)
                0x9d03f5c0                __vector_dispatch_30
                0x00000001                ASSERT (((_vector_spacing == 0x0) || (SIZEOF (.vector_30) <= (_vector_spacing << 0x5))), function at exception vector 30 too large)

.vector_31      0x9d03f5e0        0x8
 *(.vector_31)
 .vector_31     0x9d03f5e0        0x8 c:/program files (x86)/microchip/xc32/v1.40/bin/bin/../../lib/gcc/pic32mx/4.8.3/../../../../pic32mx/lib\libpic32.a(vector31.o)
                0x9d03f5e0                __vector_dispatch_31
                0x00000001                ASSERT (((_vector_spacing == 0x0) || (SIZEOF (.vector_31) <= (_vector_spacing << 0x5))), function at exception vector 31 too large)

.vector_32      0x9d03f600        0x8
 *(.vector_32)
 .vector_32     0x9d03f600        0x8 c:/program files (x86)/microchip/xc32/v1.40/bin/bin/../../lib/gcc/pic32mx/4.8.3/../../../../pic32mx/lib\libpic32.a(vector32.o)
                0x9d03f600                __vector_dispatch_32
                0x00000001                ASSERT (((_vector_spacing == 0x0) || (SIZEOF (.vector_32) <= (_vector_spacing << 0x5))), function at exception vector 32 too large)

.vector_33      0x9d03f620        0x8
 *(.vector_33)
 .vector_33     0x9d03f620        0x8 c:/program files (x86)/microchip/xc32/v1.40/bin/bin/../../lib/gcc/pic32mx/4.8.3/../../../../pic32mx/lib\libpic32.a(vector33.o)
                0x9d03f620                __vector_dispatch_33
                0x00000001                ASSERT (((_vector_spacing == 0x0) || (SIZEOF (.vector_33) <= (_vector_spacing << 0x5))), function at exception vector 33 too large)

.vector_34      0x9d03f640        0x8
 *(.vector_34)
 .vector_34     0x9d03f640        0x8 c:/program files (x86)/microchip/xc32/v1.40/bin/bin/../../lib/gcc/pic32mx/4.8.3/../../../../pic32mx/lib\libpic32.a(vector34.o)
                0x9d03f640                __vector_dispatch_34
                0x00000001                ASSERT (((_vector_spacing == 0x0) || (SIZEOF (.vector_34) <= (_vector_spacing << 0x5))), function at exception vector 34 too large)

.vector_35      0x9d03f660        0x8
 *(.vector_35)
 .vector_35     0x9d03f660        0x8 c:/program files (x86)/microchip/xc32/v1.40/bin/bin/../../lib/gcc/pic32mx/4.8.3/../../../../pic32mx/lib\libpic32.a(vector35.o)
                0x9d03f660                __vector_dispatch_35
                0x00000001                ASSERT (((_vector_spacing == 0x0) || (SIZEOF (.vector_35) <= (_vector_spacing << 0x5))), function at exception vector 35 too large)

.vector_36      0x9d03f680        0x8
 *(.vector_36)
 .vector_36     0x9d03f680        0x8 c:/program files (x86)/microchip/xc32/v1.40/bin/bin/../../lib/gcc/pic32mx/4.8.3/../../../../pic32mx/lib\libpic32.a(vector36.o)
                0x9d03f680                __vector_dispatch_36
                0x00000001                ASSERT (((_vector_spacing == 0x0) || (SIZEOF (.vector_36) <= (_vector_spacing << 0x5))), function at exception vector 36 too large)

.vector_37      0x9d03f6a0        0x8
 *(.vector_37)
 .vector_37     0x9d03f6a0        0x8 c:/program files (x86)/microchip/xc32/v1.40/bin/bin/../../lib/gcc/pic32mx/4.8.3/../../../../pic32mx/lib\libpic32.a(vector37.o)
                0x9d03f6a0                __vector_dispatch_37
                0x00000001                ASSERT (((_vector_spacing == 0x0) || (SIZEOF (.vector_37) <= (_vector_spacing << 0x5))), function at exception vector 37 too large)

.vector_38      0x9d03f6c0        0x8
 *(.vector_38)
 .vector_38     0x9d03f6c0        0x8 c:/program files (x86)/microchip/xc32/v1.40/bin/bin/../../lib/gcc/pic32mx/4.8.3/../../../../pic32mx/lib\libpic32.a(vector38.o)
                0x9d03f6c0                __vector_dispatch_38
                0x00000001                ASSERT (((_vector_spacing == 0x0) || (SIZEOF (.vector_38) <= (_vector_spacing << 0x5))), function at exception vector 38 too large)

.vector_39      0x9d03f6e0        0x8
 *(.vector_39)
 .vector_39     0x9d03f6e0        0x8 c:/program files (x86)/microchip/xc32/v1.40/bin/bin/../../lib/gcc/pic32mx/4.8.3/../../../../pic32mx/lib\libpic32.a(vector39.o)
                0x9d03f6e0                __vector_dispatch_39
                0x00000001                ASSERT (((_vector_spacing == 0x0) || (SIZEOF (.vector_39) <= (_vector_spacing << 0x5))), function at exception vector 39 too large)

.vector_40      0x9d03f700        0x8
 *(.vector_40)
 .vector_40     0x9d03f700        0x8 c:/program files (x86)/microchip/xc32/v1.40/bin/bin/../../lib/gcc/pic32mx/4.8.3/../../../../pic32mx/lib\libpic32.a(vector40.o)
                0x9d03f700                __vector_dispatch_40
                0x00000001                ASSERT (((_vector_spacing == 0x0) || (SIZEOF (.vector_40) <= (_vector_spacing << 0x5))), function at exception vector 40 too large)

.vector_41      0x9d03f720        0x8
 *(.vector_41)
 .vector_41     0x9d03f720        0x8 c:/program files (x86)/microchip/xc32/v1.40/bin/bin/../../lib/gcc/pic32mx/4.8.3/../../../../pic32mx/lib\libpic32.a(vector41.o)
                0x9d03f720                __vector_dispatch_41
                0x00000001                ASSERT (((_vector_spacing == 0x0) || (SIZEOF (.vector_41) <= (_vector_spacing << 0x5))), function at exception vector 41 too large)

.vector_42      0x9d03f740        0x8
 *(.vector_42)
 .vector_42     0x9d03f740        0x8 c:/program files (x86)/microchip/xc32/v1.40/bin/bin/../../lib/gcc/pic32mx/4.8.3/../../../../pic32mx/lib\libpic32.a(vector42.o)
                0x9d03f740                __vector_dispatch_42
                0x00000001                ASSERT (((_vector_spacing == 0x0) || (SIZEOF (.vector_42) <= (_vector_spacing << 0x5))), function at exception vector 42 too large)

.vector_43      0x9d03f760        0x8
 *(.vector_43)
 .vector_43     0x9d03f760        0x8 c:/program files (x86)/microchip/xc32/v1.40/bin/bin/../../lib/gcc/pic32mx/4.8.3/../../../../pic32mx/lib\libpic32.a(vector43.o)
                0x9d03f760                __vector_dispatch_43
                0x00000001                ASSERT (((_vector_spacing == 0x0) || (SIZEOF (.vector_43) <= (_vector_spacing << 0x5))), function at exception vector 43 too large)

.vector_44      0x9d03f780        0x0
 *(.vector_44)
                0x00000001                ASSERT (((_vector_spacing == 0x0) || (SIZEOF (.vector_44) <= (_vector_spacing << 0x5))), function at exception vector 44 too large)

.vector_45      0x9d03f7a0        0x0
 *(.vector_45)
                0x00000001                ASSERT (((_vector_spacing == 0x0) || (SIZEOF (.vector_45) <= (_vector_spacing << 0x5))), function at exception vector 45 too large)

.vector_46      0x9d03f7c0        0x0
 *(.vector_46)
                0x00000001                ASSERT (((_vector_spacing == 0x0) || (SIZEOF (.vector_46) <= (_vector_spacing << 0x5))), function at exception vector 46 too large)

.vector_47      0x9d03f7e0        0x0
 *(.vector_47)
                0x00000001                ASSERT (((_vector_spacing == 0x0) || (SIZEOF (.vector_47) <= (_vector_spacing << 0x5))), function at exception vector 47 too large)

.vector_48      0x9d03f800        0x0
 *(.vector_48)
                0x00000001                ASSERT (((_vector_spacing == 0x0) || (SIZEOF (.vector_48) <= (_vector_spacing << 0x5))), function at exception vector 48 too large)

.vector_49      0x9d03f820        0x0
 *(.vector_49)
                0x00000001                ASSERT (((_vector_spacing == 0x0) || (SIZEOF (.vector_49) <= (_vector_spacing << 0x5))), function at exception vector 49 too large)

.vector_50      0x9d03f840        0x0
 *(.vector_50)
                0x00000001                ASSERT (((_vector_spacing == 0x0) || (SIZEOF (.vector_50) <= (_vector_spacing << 0x5))), function at exception vector 50 too large)

.vector_51      0x9d03f860        0x0
 *(.vector_51)
                0x00000001                ASSERT (((_vector_spacing == 0x0) || (SIZEOF (.vector_51) <= (_vector_spacing << 0x5))), function at exception vector 51 too large)

.vector_52      0x9d03f880        0x0
 *(.vector_52)
                0x00000001                ASSERT (((_vector_spacing == 0x0) || (SIZEOF (.vector_52) <= (_vector_spacing << 0x5))), function at exception vector 52 too large)

.vector_53      0x9d03f8a0        0x0
 *(.vector_53)
                0x00000001                ASSERT (((_vector_spacing == 0x0) || (SIZEOF (.vector_53) <= (_vector_spacing << 0x5))), function at exception vector 53 too large)

.vector_54      0x9d03f8c0        0x0
 *(.vector_54)
                0x00000001                ASSERT (((_vector_spacing == 0x0) || (SIZEOF (.vector_54) <= (_vector_spacing << 0x5))), function at exception vector 54 too large)

.vector_55      0x9d03f8e0        0x0
 *(.vector_55)
                0x00000001                ASSERT (((_vector_spacing == 0x0) || (SIZEOF (.vector_55) <= (_vector_spacing << 0x5))), function at exception vector 55 too large)

.vector_56      0x9d03f900        0x0
 *(.vector_56)
                0x00000001                ASSERT (((_vector_spacing == 0x0) || (SIZEOF (.vector_56) <= (_vector_spacing << 0x5))), function at exception vector 56 too large)

.vector_57      0x9d03f920        0x0
 *(.vector_57)
                0x00000001                ASSERT (((_vector_spacing == 0x0) || (SIZEOF (.vector_57) <= (_vector_spacing << 0x5))), function at exception vector 57 too large)

.vector_58      0x9d03f940        0x0
 *(.vector_58)
                0x00000001                ASSERT (((_vector_spacing == 0x0) || (SIZEOF (.vector_58) <= (_vector_spacing << 0x5))), function at exception vector 58 too large)

.vector_59      0x9d03f960        0x0
 *(.vector_59)
                0x00000001                ASSERT (((_vector_spacing == 0x0) || (SIZEOF (.vector_59) <= (_vector_spacing << 0x5))), function at exception vector 59 too large)

.vector_60      0x9d03f980        0x0
 *(.vector_60)
                0x00000001                ASSERT (((_vector_spacing == 0x0) || (SIZEOF (.vector_60) <= (_vector_spacing << 0x5))), function at exception vector 60 too large)

.vector_61      0x9d03f9a0        0x0
 *(.vector_61)
                0x00000001                ASSERT (((_vector_spacing == 0x0) || (SIZEOF (.vector_61) <= (_vector_spacing << 0x5))), function at exception vector 61 too large)

.vector_62      0x9d03f9c0        0x0
 *(.vector_62)
                0x00000001                ASSERT (((_vector_spacing == 0x0) || (SIZEOF (.vector_62) <= (_vector_spacing << 0x5))), function at exception vector 62 too large)

.vector_63      0x9d03f9e0        0x0
 *(.vector_63)
                0x00000001                ASSERT (((_vector_spacing == 0x0) || (SIZEOF (.vector_63) <= (_vector_spacing << 0x5))), function at exception vector 63 too large)

.startup
 *(.startup)

.text           0x9d000000     0x30ac
 *(.stub .gnu.linkonce.t.*)
 .gnu.linkonce.t._ZNSt9exceptionC2Ev
                0x9d000000       0x34 build/default/production/System.o
                0x9d000000                std::exception::exception()
 .gnu.linkonce.t._ZNSt9bad_allocC1EPKc
                0x9d000034       0x50 build/default/production/System.o
                0x9d000034                std::bad_alloc::bad_alloc(char const*)
 .gnu.linkonce.t._ZNKSt9bad_alloc4whatEv
                0x9d000084       0x2c build/default/production/System.o
                0x9d000084                std::bad_alloc::what() const
 .gnu.linkonce.t._ZNKSt9bad_alloc8_DoraiseEv
                0x9d0000b0       0x3c build/default/production/System.o
                0x9d0000b0                std::bad_alloc::_Doraise() const
 .gnu.linkonce.t._ZNSt9bad_allocD1Ev
                0x9d0000ec       0x64 build/default/production/System.o
                0x9d0000ec                std::bad_alloc::~bad_alloc()
 .gnu.linkonce.t._ZNSt9bad_allocD0Ev
                0x9d000150       0x44 build/default/production/System.o
                0x9d000150                std::bad_alloc::~bad_alloc()
 .gnu.linkonce.t._ZNSt15_Iterator_base06_AdoptEPKv
                0x9d000194       0x28 build/default/production/System.o
                0x9d000194                std::_Iterator_base0::_Adopt(void const*)
 .gnu.linkonce.t._ZNSt3mapIhiSt4lessIhESaISt4pairIKhiEEED1Ev
                0x9d0001bc       0x3c build/default/production/System.o
                0x9d0001bc                std::map<unsigned char, int, std::less<unsigned char>, std::allocator<std::pair<unsigned char const, int> > >::~map()
 .gnu.linkonce.t._ZNSt3mapIhiSt4lessIhESaISt4pairIKhiEEEC1Ev
                0x9d0001f8       0x64 build/default/production/System.o
                0x9d0001f8                std::map<unsigned char, int, std::less<unsigned char>, std::allocator<std::pair<unsigned char const, int> > >::map()
 .gnu.linkonce.t._ZNSt5_TreeISt12_Tmap_traitsIhiSt4lessIhESaISt4pairIKhiEELb0EEED2Ev
                0x9d00025c       0x84 build/default/production/System.o
                0x9d00025c                std::_Tree<std::_Tmap_traits<unsigned char, int, std::less<unsigned char>, std::allocator<std::pair<unsigned char const, int> >, false> >::~_Tree()
 .gnu.linkonce.t._ZNSt16_Container_base0C2Ev
                0x9d0002e0       0x24 build/default/production/System.o
                0x9d0002e0                std::_Container_base0::_Container_base0()
 .gnu.linkonce.t._ZNSt15_Allocator_baseISt4pairIKhiEEC2Ev
                0x9d000304       0x24 build/default/production/System.o
                0x9d000304                std::_Allocator_base<std::pair<unsigned char const, int> >::_Allocator_base()
 .gnu.linkonce.t._ZNSaISt4pairIKhiEEC1Ev
                0x9d000328       0x38 build/default/production/System.o
                0x9d000328                std::allocator<std::pair<unsigned char const, int> >::allocator()
 .gnu.linkonce.t._ZNSt5_TreeISt12_Tmap_traitsIhiSt4lessIhESaISt4pairIKhiEELb0EEEC2ERKS2_RKS6_
                0x9d000360       0x6c build/default/production/System.o
                0x9d000360                std::_Tree<std::_Tmap_traits<unsigned char, int, std::less<unsigned char>, std::allocator<std::pair<unsigned char const, int> >, false> >::_Tree(std::less<unsigned char> const&, std::allocator<std::pair<unsigned char const, int> > const&)
 .gnu.linkonce.t._ZNSt9_Tree_valISt12_Tmap_traitsIhiSt4lessIhESaISt4pairIKhiEELb0EEED2Ev
                0x9d0003cc       0x8c build/default/production/System.o
                0x9d0003cc                std::_Tree_val<std::_Tmap_traits<unsigned char, int, std::less<unsigned char>, std::allocator<std::pair<unsigned char const, int> >, false> >::~_Tree_val()
 .gnu.linkonce.t._ZNSt5_TreeISt12_Tmap_traitsIhiSt4lessIhESaISt4pairIKhiEELb0EEE5_TidyEv
                0x9d000458       0x70 build/default/production/System.o
                0x9d000458                std::_Tree<std::_Tmap_traits<unsigned char, int, std::less<unsigned char>, std::allocator<std::pair<unsigned char const, int> >, false> >::_Tidy()
 .gnu.linkonce.t._ZNSaISt4pairIKhiEEC1ERKS2_
                0x9d0004c8       0x3c build/default/production/System.o
                0x9d0004c8                std::allocator<std::pair<unsigned char const, int> >::allocator(std::allocator<std::pair<unsigned char const, int> > const&)
 .gnu.linkonce.t._ZNSt9_Tree_valISt12_Tmap_traitsIhiSt4lessIhESaISt4pairIKhiEELb0EEEC2ERKS2_S6_
                0x9d000504      0x130 build/default/production/System.o
                0x9d000504                std::_Tree_val<std::_Tmap_traits<unsigned char, int, std::less<unsigned char>, std::allocator<std::pair<unsigned char const, int> >, false> >::_Tree_val(std::less<unsigned char> const&, std::allocator<std::pair<unsigned char const, int> >)
 .gnu.linkonce.t._ZNSaINSt9_Tree_nodISt12_Tmap_traitsIhiSt4lessIhESaISt4pairIKhiEELb0EEE5_NodeEE10deallocateEPS9_m
                0x9d000634       0x40 build/default/production/System.o
                0x9d000634                std::allocator<std::_Tree_nod<std::_Tmap_traits<unsigned char, int, std::less<unsigned char>, std::allocator<std::pair<unsigned char const, int> >, false> >::_Node>::deallocate(std::_Tree_nod<std::_Tmap_traits<unsigned char, int, std::less<unsigned char>, std::allocator<std::pair<unsigned char const, int> >, false> >::_Node*, unsigned long)
 .gnu.linkonce.t._ZNSt5_TreeISt12_Tmap_traitsIhiSt4lessIhESaISt4pairIKhiEELb0EEE5beginEv
                0x9d000674       0x5c build/default/production/System.o
                0x9d000674                std::_Tree<std::_Tmap_traits<unsigned char, int, std::less<unsigned char>, std::allocator<std::pair<unsigned char const, int> >, false> >::begin()
 .gnu.linkonce.t._ZNSt5_TreeISt12_Tmap_traitsIhiSt4lessIhESaISt4pairIKhiEELb0EEE3endEv
                0x9d0006d0       0x54 build/default/production/System.o
                0x9d0006d0                std::_Tree<std::_Tmap_traits<unsigned char, int, std::less<unsigned char>, std::allocator<std::pair<unsigned char const, int> >, false> >::end()
 .gnu.linkonce.t._ZNSt5_TreeISt12_Tmap_traitsIhiSt4lessIhESaISt4pairIKhiEELb0EEE5eraseESt20_Tree_const_iteratorISt9_Tree_valIS7_EESC_
                0x9d000724      0x238 build/default/production/System.o
                0x9d000724                std::_Tree<std::_Tmap_traits<unsigned char, int, std::less<unsigned char>, std::allocator<std::pair<unsigned char const, int> >, false> >::erase(std::_Tree_const_iterator<std::_Tree_val<std::_Tmap_traits<unsigned char, int, std::less<unsigned char>, std::allocator<std::pair<unsigned char const, int> >, false> > >, std::_Tree_const_iterator<std::_Tree_val<std::_Tmap_traits<unsigned char, int, std::less<unsigned char>, std::allocator<std::pair<unsigned char const, int> >, false> > >)
 .gnu.linkonce.t._ZNSt9_Tree_nodISt12_Tmap_traitsIhiSt4lessIhESaISt4pairIKhiEELb0EEEC2ERKS2_S6_
                0x9d00095c       0x78 build/default/production/System.o
                0x9d00095c                std::_Tree_nod<std::_Tmap_traits<unsigned char, int, std::less<unsigned char>, std::allocator<std::pair<unsigned char const, int> >, false> >::_Tree_nod(std::less<unsigned char> const&, std::allocator<std::pair<unsigned char const, int> >)
 .gnu.linkonce.t._ZNSaINSt9_Tree_nodISt12_Tmap_traitsIhiSt4lessIhESaISt4pairIKhiEELb0EEE5_NodeEE8allocateEm
                0x9d0009d4       0x40 build/default/production/System.o
                0x9d0009d4                std::allocator<std::_Tree_nod<std::_Tmap_traits<unsigned char, int, std::less<unsigned char>, std::allocator<std::pair<unsigned char const, int> >, false> >::_Node>::allocate(unsigned long)
 .gnu.linkonce.t._ZNSt9_Tree_valISt12_Tmap_traitsIhiSt4lessIhESaISt4pairIKhiEELb0EEE5_LeftEPNSt9_Tree_nodIS7_E5_NodeE
                0x9d000a14       0x28 build/default/production/System.o
                0x9d000a14                std::_Tree_val<std::_Tmap_traits<unsigned char, int, std::less<unsigned char>, std::allocator<std::pair<unsigned char const, int> >, false> >::_Left(std::_Tree_nod<std::_Tmap_traits<unsigned char, int, std::less<unsigned char>, std::allocator<std::pair<unsigned char const, int> >, false> >::_Node*)
 .gnu.linkonce.t._ZNSt9_Tree_valISt12_Tmap_traitsIhiSt4lessIhESaISt4pairIKhiEELb0EEE7_ParentEPNSt9_Tree_nodIS7_E5_NodeE
                0x9d000a3c       0x2c build/default/production/System.o
                0x9d000a3c                std::_Tree_val<std::_Tmap_traits<unsigned char, int, std::less<unsigned char>, std::allocator<std::pair<unsigned char const, int> >, false> >::_Parent(std::_Tree_nod<std::_Tmap_traits<unsigned char, int, std::less<unsigned char>, std::allocator<std::pair<unsigned char const, int> >, false> >::_Node*)
 .gnu.linkonce.t._ZNSt9_Tree_valISt12_Tmap_traitsIhiSt4lessIhESaISt4pairIKhiEELb0EEE6_RightEPNSt9_Tree_nodIS7_E5_NodeE
                0x9d000a68       0x2c build/default/production/System.o
                0x9d000a68                std::_Tree_val<std::_Tmap_traits<unsigned char, int, std::less<unsigned char>, std::allocator<std::pair<unsigned char const, int> >, false> >::_Right(std::_Tree_nod<std::_Tmap_traits<unsigned char, int, std::less<unsigned char>, std::allocator<std::pair<unsigned char const, int> >, false> >::_Node*)
 .gnu.linkonce.t._ZNSt9_Tree_valISt12_Tmap_traitsIhiSt4lessIhESaISt4pairIKhiEELb0EEE6_ColorEPNSt9_Tree_nodIS7_E5_NodeE
                0x9d000a94       0x2c build/default/production/System.o
                0x9d000a94                std::_Tree_val<std::_Tmap_traits<unsigned char, int, std::less<unsigned char>, std::allocator<std::pair<unsigned char const, int> >, false> >::_Color(std::_Tree_nod<std::_Tmap_traits<unsigned char, int, std::less<unsigned char>, std::allocator<std::pair<unsigned char const, int> >, false> >::_Node*)
 .gnu.linkonce.t._ZNSt9_Tree_valISt12_Tmap_traitsIhiSt4lessIhESaISt4pairIKhiEELb0EEE6_IsnilEPNSt9_Tree_nodIS7_E5_NodeE
                0x9d000ac0       0x2c build/default/production/System.o
                0x9d000ac0                std::_Tree_val<std::_Tmap_traits<unsigned char, int, std::less<unsigned char>, std::allocator<std::pair<unsigned char const, int> >, false> >::_Isnil(std::_Tree_nod<std::_Tmap_traits<unsigned char, int, std::less<unsigned char>, std::allocator<std::pair<unsigned char const, int> >, false> >::_Node*)
 .gnu.linkonce.t._ZNKSt5_TreeISt12_Tmap_traitsIhiSt4lessIhESaISt4pairIKhiEELb0EEE6_LmostEv
                0x9d000aec       0x40 build/default/production/System.o
                0x9d000aec                std::_Tree<std::_Tmap_traits<unsigned char, int, std::less<unsigned char>, std::allocator<std::pair<unsigned char const, int> >, false> >::_Lmost() const
 .gnu.linkonce.t._ZNSt14_Tree_iteratorISt9_Tree_valISt12_Tmap_traitsIhiSt4lessIhESaISt4pairIKhiEELb0EEEEC1EPNSt9_Tree_nodIS8_E5_NodeEPKS9_
                0x9d000b2c       0x4c build/default/production/System.o
                0x9d000b2c                std::_Tree_iterator<std::_Tree_val<std::_Tmap_traits<unsigned char, int, std::less<unsigned char>, std::allocator<std::pair<unsigned char const, int> >, false> > >::_Tree_iterator(std::_Tree_nod<std::_Tmap_traits<unsigned char, int, std::less<unsigned char>, std::allocator<std::pair<unsigned char const, int> >, false> >::_Node*, std::_Tree_val<std::_Tmap_traits<unsigned char, int, std::less<unsigned char>, std::allocator<std::pair<unsigned char const, int> >, false> > const*)
 .gnu.linkonce.t._ZNKSt20_Tree_const_iteratorISt9_Tree_valISt12_Tmap_traitsIhiSt4lessIhESaISt4pairIKhiEELb0EEEEeqERKSA_
                0x9d000b78       0x44 build/default/production/System.o
                0x9d000b78                std::_Tree_const_iterator<std::_Tree_val<std::_Tmap_traits<unsigned char, int, std::less<unsigned char>, std::allocator<std::pair<unsigned char const, int> >, false> > >::operator==(std::_Tree_const_iterator<std::_Tree_val<std::_Tmap_traits<unsigned char, int, std::less<unsigned char>, std::allocator<std::pair<unsigned char const, int> >, false> > > const&) const
 .gnu.linkonce.t._ZNSt5_TreeISt12_Tmap_traitsIhiSt4lessIhESaISt4pairIKhiEELb0EEE5clearEv
                0x9d000bbc       0x9c build/default/production/System.o
                0x9d000bbc                std::_Tree<std::_Tmap_traits<unsigned char, int, std::less<unsigned char>, std::allocator<std::pair<unsigned char const, int> >, false> >::clear()
 .gnu.linkonce.t._ZNKSt20_Tree_const_iteratorISt9_Tree_valISt12_Tmap_traitsIhiSt4lessIhESaISt4pairIKhiEELb0EEEEneERKSA_
                0x9d000c58       0x48 build/default/production/System.o
                0x9d000c58                std::_Tree_const_iterator<std::_Tree_val<std::_Tmap_traits<unsigned char, int, std::less<unsigned char>, std::allocator<std::pair<unsigned char const, int> >, false> > >::operator!=(std::_Tree_const_iterator<std::_Tree_val<std::_Tmap_traits<unsigned char, int, std::less<unsigned char>, std::allocator<std::pair<unsigned char const, int> >, false> > > const&) const
 .gnu.linkonce.t._ZNSt20_Tree_const_iteratorISt9_Tree_valISt12_Tmap_traitsIhiSt4lessIhESaISt4pairIKhiEELb0EEEEppEi
                0x9d000ca0       0x58 build/default/production/System.o
                0x9d000ca0                std::_Tree_const_iterator<std::_Tree_val<std::_Tmap_traits<unsigned char, int, std::less<unsigned char>, std::allocator<std::pair<unsigned char const, int> >, false> > >::operator++(int)
 .gnu.linkonce.t._ZNSt5_TreeISt12_Tmap_traitsIhiSt4lessIhESaISt4pairIKhiEELb0EEE5eraseESt20_Tree_const_iteratorISt9_Tree_valIS7_EE
                0x9d000cf8      0xb50 build/default/production/System.o
                0x9d000cf8                std::_Tree<std::_Tmap_traits<unsigned char, int, std::less<unsigned char>, std::allocator<std::pair<unsigned char const, int> >, false> >::erase(std::_Tree_const_iterator<std::_Tree_val<std::_Tmap_traits<unsigned char, int, std::less<unsigned char>, std::allocator<std::pair<unsigned char const, int> >, false> > >)
 .gnu.linkonce.t._ZNSt12_Tmap_traitsIhiSt4lessIhESaISt4pairIKhiEELb0EEC2ES1_
                0x9d001848       0x3c build/default/production/System.o
                0x9d001848                std::_Tmap_traits<unsigned char, int, std::less<unsigned char>, std::allocator<std::pair<unsigned char const, int> >, false>::_Tmap_traits(std::less<unsigned char>)
 .gnu.linkonce.t._ZNSt15_Allocator_baseINSt9_Tree_nodISt12_Tmap_traitsIhiSt4lessIhESaISt4pairIKhiEELb0EEE5_NodeEEC2Ev
                0x9d001884       0x24 build/default/production/System.o
                0x9d001884                std::_Allocator_base<std::_Tree_nod<std::_Tmap_traits<unsigned char, int, std::less<unsigned char>, std::allocator<std::pair<unsigned char const, int> >, false> >::_Node>::_Allocator_base()
 .gnu.linkonce.t._ZNSaINSt9_Tree_nodISt12_Tmap_traitsIhiSt4lessIhESaISt4pairIKhiEELb0EEE5_NodeEEC1IS5_EERKSaIT_E
                0x9d0018a8       0x3c build/default/production/System.o
                0x9d0018a8                std::allocator<std::_Tree_nod<std::_Tmap_traits<unsigned char, int, std::less<unsigned char>, std::allocator<std::pair<unsigned char const, int> >, false> >::_Node>::allocator<std::pair<unsigned char const, int> >(std::allocator<std::pair<unsigned char const, int> > const&)
 .gnu.linkonce.t._ZSt9_AllocateINSt9_Tree_nodISt12_Tmap_traitsIhiSt4lessIhESaISt4pairIKhiEELb0EEE5_NodeEEPT_mSC_
                0x9d0018e4      0x1c8 build/default/production/System.o
                0x9d0018e4                std::_Tree_nod<std::_Tmap_traits<unsigned char, int, std::less<unsigned char>, std::allocator<std::pair<unsigned char const, int> >, false> >::_Node* std::_Allocate<std::_Tree_nod<std::_Tmap_traits<unsigned char, int, std::less<unsigned char>, std::allocator<std::pair<unsigned char const, int> >, false> >::_Node>(unsigned long, std::_Tree_nod<std::_Tmap_traits<unsigned char, int, std::less<unsigned char>, std::allocator<std::pair<unsigned char const, int> >, false> >::_Node*)
 .gnu.linkonce.t._ZNSt20_Tree_const_iteratorISt9_Tree_valISt12_Tmap_traitsIhiSt4lessIhESaISt4pairIKhiEELb0EEEEC2EPNSt9_Tree_nodIS8_E5_NodeEPKS9_
                0x9d001aac       0x4c build/default/production/System.o
                0x9d001aac                std::_Tree_const_iterator<std::_Tree_val<std::_Tmap_traits<unsigned char, int, std::less<unsigned char>, std::allocator<std::pair<unsigned char const, int> >, false> > >::_Tree_const_iterator(std::_Tree_nod<std::_Tmap_traits<unsigned char, int, std::less<unsigned char>, std::allocator<std::pair<unsigned char const, int> >, false> >::_Node*, std::_Tree_val<std::_Tmap_traits<unsigned char, int, std::less<unsigned char>, std::allocator<std::pair<unsigned char const, int> >, false> > const*)
 .gnu.linkonce.t._ZNSt5_TreeISt12_Tmap_traitsIhiSt4lessIhESaISt4pairIKhiEELb0EEE6_EraseEPNSt9_Tree_nodIS7_E5_NodeE
                0x9d001af8       0xf0 build/default/production/System.o
                0x9d001af8                std::_Tree<std::_Tmap_traits<unsigned char, int, std::less<unsigned char>, std::allocator<std::pair<unsigned char const, int> >, false> >::_Erase(std::_Tree_nod<std::_Tmap_traits<unsigned char, int, std::less<unsigned char>, std::allocator<std::pair<unsigned char const, int> >, false> >::_Node*)
 .gnu.linkonce.t._ZNKSt5_TreeISt12_Tmap_traitsIhiSt4lessIhESaISt4pairIKhiEELb0EEE5_RootEv
                0x9d001be8       0x40 build/default/production/System.o
                0x9d001be8                std::_Tree<std::_Tmap_traits<unsigned char, int, std::less<unsigned char>, std::allocator<std::pair<unsigned char const, int> >, false> >::_Root() const
 .gnu.linkonce.t._ZNKSt5_TreeISt12_Tmap_traitsIhiSt4lessIhESaISt4pairIKhiEELb0EEE6_RmostEv
                0x9d001c28       0x40 build/default/production/System.o
                0x9d001c28                std::_Tree<std::_Tmap_traits<unsigned char, int, std::less<unsigned char>, std::allocator<std::pair<unsigned char const, int> >, false> >::_Rmost() const
 .gnu.linkonce.t._ZNSt20_Tree_const_iteratorISt9_Tree_valISt12_Tmap_traitsIhiSt4lessIhESaISt4pairIKhiEELb0EEEEppEv
                0x9d001c68       0x40 build/default/production/System.o
                0x9d001c68                std::_Tree_const_iterator<std::_Tree_val<std::_Tmap_traits<unsigned char, int, std::less<unsigned char>, std::allocator<std::pair<unsigned char const, int> >, false> > >::operator++()
 .gnu.linkonce.t._ZNKSt30_Tree_unchecked_const_iteratorISt9_Tree_valISt12_Tmap_traitsIhiSt4lessIhESaISt4pairIKhiEELb0EEESt15_Iterator_base0E7_MynodeEv
                0x9d001ca8       0x2c build/default/production/System.o
                0x9d001ca8                std::_Tree_unchecked_const_iterator<std::_Tree_val<std::_Tmap_traits<unsigned char, int, std::less<unsigned char>, std::allocator<std::pair<unsigned char const, int> >, false> >, std::_Iterator_base0>::_Mynode() const
 .gnu.linkonce.t._ZNSt9_Tree_valISt12_Tmap_traitsIhiSt4lessIhESaISt4pairIKhiEELb0EEE4_MinEPNSt9_Tree_nodIS7_E5_NodeE
                0x9d001cd4       0x7c build/default/production/System.o
                0x9d001cd4                std::_Tree_val<std::_Tmap_traits<unsigned char, int, std::less<unsigned char>, std::allocator<std::pair<unsigned char const, int> >, false> >::_Min(std::_Tree_nod<std::_Tmap_traits<unsigned char, int, std::less<unsigned char>, std::allocator<std::pair<unsigned char const, int> >, false> >::_Node*)
 .gnu.linkonce.t._ZNSt9_Tree_valISt12_Tmap_traitsIhiSt4lessIhESaISt4pairIKhiEELb0EEE4_MaxEPNSt9_Tree_nodIS7_E5_NodeE
                0x9d001d50       0x7c build/default/production/System.o
                0x9d001d50                std::_Tree_val<std::_Tmap_traits<unsigned char, int, std::less<unsigned char>, std::allocator<std::pair<unsigned char const, int> >, false> >::_Max(std::_Tree_nod<std::_Tmap_traits<unsigned char, int, std::less<unsigned char>, std::allocator<std::pair<unsigned char const, int> >, false> >::_Node*)
 .gnu.linkonce.t._ZSt4swapIcEvRT_S1_
                0x9d001dcc       0x78 build/default/production/System.o
                0x9d001dcc                void std::swap<char>(char&, char&)
 .gnu.linkonce.t._ZNSt5_TreeISt12_Tmap_traitsIhiSt4lessIhESaISt4pairIKhiEELb0EEE8_LrotateEPNSt9_Tree_nodIS7_E5_NodeE
                0x9d001e44      0x1dc build/default/production/System.o
                0x9d001e44                std::_Tree<std::_Tmap_traits<unsigned char, int, std::less<unsigned char>, std::allocator<std::pair<unsigned char const, int> >, false> >::_Lrotate(std::_Tree_nod<std::_Tmap_traits<unsigned char, int, std::less<unsigned char>, std::allocator<std::pair<unsigned char const, int> >, false> >::_Node*)
 .gnu.linkonce.t._ZNSt5_TreeISt12_Tmap_traitsIhiSt4lessIhESaISt4pairIKhiEELb0EEE8_RrotateEPNSt9_Tree_nodIS7_E5_NodeE
                0x9d002020      0x1dc build/default/production/System.o
                0x9d002020                std::_Tree<std::_Tmap_traits<unsigned char, int, std::less<unsigned char>, std::allocator<std::pair<unsigned char const, int> >, false> >::_Rrotate(std::_Tree_nod<std::_Tmap_traits<unsigned char, int, std::less<unsigned char>, std::allocator<std::pair<unsigned char const, int> >, false> >::_Node*)
 .gnu.linkonce.t._ZNSt9_Tree_valISt12_Tmap_traitsIhiSt4lessIhESaISt4pairIKhiEELb0EEE6_MyvalEPNSt9_Tree_nodIS7_E5_NodeE
                0x9d0021fc       0x2c build/default/production/System.o
                0x9d0021fc                std::_Tree_val<std::_Tmap_traits<unsigned char, int, std::less<unsigned char>, std::allocator<std::pair<unsigned char const, int> >, false> >::_Myval(std::_Tree_nod<std::_Tmap_traits<unsigned char, int, std::less<unsigned char>, std::allocator<std::pair<unsigned char const, int> >, false> >::_Node*)
 .gnu.linkonce.t._ZSt9addressofISt4pairIKhiEEPT_RS3_
                0x9d002228       0x28 build/default/production/System.o
                0x9d002228                std::pair<unsigned char const, int>* std::addressof<std::pair<unsigned char const, int> >(std::pair<unsigned char const, int>&)
 .gnu.linkonce.t._ZSt9_Dest_valISaISt4pairIKhiEES2_EvRT_PT0_
                0x9d002250       0x40 build/default/production/System.o
                0x9d002250                void std::_Dest_val<std::allocator<std::pair<unsigned char const, int> >, std::pair<unsigned char const, int> >(std::allocator<std::pair<unsigned char const, int> >&, std::pair<unsigned char const, int>*)
 .gnu.linkonce.t._ZNSt15_Iterator_base0C2Ev
                0x9d002290       0x24 build/default/production/System.o
                0x9d002290                std::_Iterator_base0::_Iterator_base0()
 .gnu.linkonce.t._ZNSt12_Iterator012ISt26bidirectional_iterator_tagSt4pairIKhiElPKS3_RS4_St15_Iterator_base0EC2Ev
                0x9d0022b4       0x38 build/default/production/System.o
                0x9d0022b4                std::_Iterator012<std::bidirectional_iterator_tag, std::pair<unsigned char const, int>, long, std::pair<unsigned char const, int> const*, std::pair<unsigned char const, int> const&, std::_Iterator_base0>::_Iterator012()
 .gnu.linkonce.t._ZNSt30_Tree_unchecked_const_iteratorISt9_Tree_valISt12_Tmap_traitsIhiSt4lessIhESaISt4pairIKhiEELb0EEESt15_Iterator_base0EC2EPNSt9_Tree_nodIS8_E5_NodeEPKS9_
                0x9d0022ec       0x5c build/default/production/System.o
                0x9d0022ec                std::_Tree_unchecked_const_iterator<std::_Tree_val<std::_Tmap_traits<unsigned char, int, std::less<unsigned char>, std::allocator<std::pair<unsigned char const, int> >, false> >, std::_Iterator_base0>::_Tree_unchecked_const_iterator(std::_Tree_nod<std::_Tmap_traits<unsigned char, int, std::less<unsigned char>, std::allocator<std::pair<unsigned char const, int> >, false> >::_Node*, std::_Tree_val<std::_Tmap_traits<unsigned char, int, std::less<unsigned char>, std::allocator<std::pair<unsigned char const, int> >, false> > const*)
 .gnu.linkonce.t._ZNSt30_Tree_unchecked_const_iteratorISt9_Tree_valISt12_Tmap_traitsIhiSt4lessIhESaISt4pairIKhiEELb0EEESt15_Iterator_base0EppEv
                0x9d002348      0x15c build/default/production/System.o
                0x9d002348                std::_Tree_unchecked_const_iterator<std::_Tree_val<std::_Tmap_traits<unsigned char, int, std::less<unsigned char>, std::allocator<std::pair<unsigned char const, int> >, false> >, std::_Iterator_base0>::operator++()
 .gnu.linkonce.t._ZSt5_MoveIcERKT_S2_
                0x9d0024a4       0x28 build/default/production/System.o
                0x9d0024a4                char const& std::_Move<char>(char const&)
 .gnu.linkonce.t._ZNSaISt4pairIKhiEE7destroyEPS1_
                0x9d0024cc       0x3c build/default/production/System.o
                0x9d0024cc                std::allocator<std::pair<unsigned char const, int> >::destroy(std::pair<unsigned char const, int>*)
 .gnu.linkonce.t._ZSt8_DestroyISt4pairIKhiEEvPT_
                0x9d002508       0x24 build/default/production/System.o
                0x9d002508                void std::_Destroy<std::pair<unsigned char const, int> >(std::pair<unsigned char const, int>*)
 .gnu.linkonce.t._ZNSt9exceptionC2ERKS_
                0x9d00252c       0x38 build/default/production/SPIDevice.o
                0x9d00252c                std::exception::exception(std::exception const&)
 .gnu.linkonce.t._ZNSt9bad_allocC1ERKS_
                0x9d002564       0x58 build/default/production/SPIDevice.o
                0x9d002564                std::bad_alloc::bad_alloc(std::bad_alloc const&)
 .gnu.linkonce.t._ZNSt11logic_errorD1Ev
                0x9d0025bc       0x58 c:/program files (x86)/microchip/xc32/v1.40/bin/bin/../../lib/gcc/pic32mx/4.8.3/../../../../pic32mx/lib\libxcpp.a(xthrow.o)
                0x9d0025bc                std::logic_error::~logic_error()
 .gnu.linkonce.t._ZNSt11logic_errorD0Ev
                0x9d002614       0x60 c:/program files (x86)/microchip/xc32/v1.40/bin/bin/../../lib/gcc/pic32mx/4.8.3/../../../../pic32mx/lib\libxcpp.a(xthrow.o)
                0x9d002614                std::logic_error::~logic_error()
 .gnu.linkonce.t._ZNKSt11logic_error4whatEv
                0x9d002674       0x20 c:/program files (x86)/microchip/xc32/v1.40/bin/bin/../../lib/gcc/pic32mx/4.8.3/../../../../pic32mx/lib\libxcpp.a(xthrow.o)
                0x9d002674                std::logic_error::what() const
 .gnu.linkonce.t._ZNKSt11logic_error8_DoraiseEv
                0x9d002694       0x1c c:/program files (x86)/microchip/xc32/v1.40/bin/bin/../../lib/gcc/pic32mx/4.8.3/../../../../pic32mx/lib\libxcpp.a(xthrow.o)
                0x9d002694                std::logic_error::_Doraise() const
 .gnu.linkonce.t._ZNKSt16invalid_argument8_DoraiseEv
                0x9d0026b0       0x1c c:/program files (x86)/microchip/xc32/v1.40/bin/bin/../../lib/gcc/pic32mx/4.8.3/../../../../pic32mx/lib\libxcpp.a(xthrow.o)
                0x9d0026b0                std::invalid_argument::_Doraise() const
 .gnu.linkonce.t._ZNKSt12length_error8_DoraiseEv
                0x9d0026cc       0x1c c:/program files (x86)/microchip/xc32/v1.40/bin/bin/../../lib/gcc/pic32mx/4.8.3/../../../../pic32mx/lib\libxcpp.a(xthrow.o)
                0x9d0026cc                std::length_error::_Doraise() const
 .gnu.linkonce.t._ZNKSt12out_of_range8_DoraiseEv
                0x9d0026e8       0x1c c:/program files (x86)/microchip/xc32/v1.40/bin/bin/../../lib/gcc/pic32mx/4.8.3/../../../../pic32mx/lib\libxcpp.a(xthrow.o)
                0x9d0026e8                std::out_of_range::_Doraise() const
 .gnu.linkonce.t._ZNSt13runtime_errorD1Ev
                0x9d002704       0x58 c:/program files (x86)/microchip/xc32/v1.40/bin/bin/../../lib/gcc/pic32mx/4.8.3/../../../../pic32mx/lib\libxcpp.a(xthrow.o)
                0x9d002704                std::runtime_error::~runtime_error()
 .gnu.linkonce.t._ZNSt13runtime_errorD0Ev
                0x9d00275c       0x60 c:/program files (x86)/microchip/xc32/v1.40/bin/bin/../../lib/gcc/pic32mx/4.8.3/../../../../pic32mx/lib\libxcpp.a(xthrow.o)
                0x9d00275c                std::runtime_error::~runtime_error()
 .gnu.linkonce.t._ZNKSt13runtime_error4whatEv
                0x9d0027bc       0x20 c:/program files (x86)/microchip/xc32/v1.40/bin/bin/../../lib/gcc/pic32mx/4.8.3/../../../../pic32mx/lib\libxcpp.a(xthrow.o)
                0x9d0027bc                std::runtime_error::what() const
 .gnu.linkonce.t._ZNKSt13runtime_error8_DoraiseEv
                0x9d0027dc       0x1c c:/program files (x86)/microchip/xc32/v1.40/bin/bin/../../lib/gcc/pic32mx/4.8.3/../../../../pic32mx/lib\libxcpp.a(xthrow.o)
                0x9d0027dc                std::runtime_error::_Doraise() const
 .gnu.linkonce.t._ZNKSt14overflow_error8_DoraiseEv
                0x9d0027f8       0x1c c:/program files (x86)/microchip/xc32/v1.40/bin/bin/../../lib/gcc/pic32mx/4.8.3/../../../../pic32mx/lib\libxcpp.a(xthrow.o)
                0x9d0027f8                std::overflow_error::_Doraise() const
 .gnu.linkonce.t._ZNSs5_TidyEbm
                0x9d002814       0x80 c:/program files (x86)/microchip/xc32/v1.40/bin/bin/../../lib/gcc/pic32mx/4.8.3/../../../../pic32mx/lib\libxcpp.a(xthrow.o)
                0x9d002814                std::string::_Tidy(bool, unsigned long)
 .gnu.linkonce.t._ZNSt14overflow_errorD1Ev
                0x9d002894       0x58 c:/program files (x86)/microchip/xc32/v1.40/bin/bin/../../lib/gcc/pic32mx/4.8.3/../../../../pic32mx/lib\libxcpp.a(xthrow.o)
                0x9d002894                std::overflow_error::~overflow_error()
 .gnu.linkonce.t._ZNSt14overflow_errorD0Ev
                0x9d0028ec       0x60 c:/program files (x86)/microchip/xc32/v1.40/bin/bin/../../lib/gcc/pic32mx/4.8.3/../../../../pic32mx/lib\libxcpp.a(xthrow.o)
                0x9d0028ec                std::overflow_error::~overflow_error()
 .gnu.linkonce.t._ZNSt12out_of_rangeD1Ev
                0x9d00294c       0x58 c:/program files (x86)/microchip/xc32/v1.40/bin/bin/../../lib/gcc/pic32mx/4.8.3/../../../../pic32mx/lib\libxcpp.a(xthrow.o)
                0x9d00294c                std::out_of_range::~out_of_range()
 .gnu.linkonce.t._ZNSt12out_of_rangeD0Ev
                0x9d0029a4       0x60 c:/program files (x86)/microchip/xc32/v1.40/bin/bin/../../lib/gcc/pic32mx/4.8.3/../../../../pic32mx/lib\libxcpp.a(xthrow.o)
                0x9d0029a4                std::out_of_range::~out_of_range()
 .gnu.linkonce.t._ZNSt12length_errorD1Ev
                0x9d002a04       0x58 c:/program files (x86)/microchip/xc32/v1.40/bin/bin/../../lib/gcc/pic32mx/4.8.3/../../../../pic32mx/lib\libxcpp.a(xthrow.o)
                0x9d002a04                std::length_error::~length_error()
 .gnu.linkonce.t._ZNSt12length_errorD0Ev
                0x9d002a5c       0x60 c:/program files (x86)/microchip/xc32/v1.40/bin/bin/../../lib/gcc/pic32mx/4.8.3/../../../../pic32mx/lib\libxcpp.a(xthrow.o)
                0x9d002a5c                std::length_error::~length_error()
 .gnu.linkonce.t._ZNSt16invalid_argumentD1Ev
                0x9d002abc       0x58 c:/program files (x86)/microchip/xc32/v1.40/bin/bin/../../lib/gcc/pic32mx/4.8.3/../../../../pic32mx/lib\libxcpp.a(xthrow.o)
                0x9d002abc                std::invalid_argument::~invalid_argument()
 .gnu.linkonce.t._ZNSt16invalid_argumentD0Ev
                0x9d002b14       0x60 c:/program files (x86)/microchip/xc32/v1.40/bin/bin/../../lib/gcc/pic32mx/4.8.3/../../../../pic32mx/lib\libxcpp.a(xthrow.o)
                0x9d002b14                std::invalid_argument::~invalid_argument()
 *(.text.*personality*)
 .text.__gxx_personality_sj0
                0x9d002b74      0x538 c:/program files (x86)/microchip/xc32/v1.40/bin/bin/../../lib/gcc/pic32mx/4.8.3/../../../../pic32mx/lib\libsupc++.a(eh_personality.o)
                0x9d002b74                __gxx_personality_sj0
 *(.mips16.fn.*)
 *(.mips16.call.*)
 *(.gnu.warning)
                0x9d0030ac                . = ALIGN (0x4)

.init           0x9d0030ac       0x24
 *crti.o(.init)
 .init          0x9d0030ac        0x8 c:/program files (x86)/microchip/xc32/v1.40/bin/bin/../../lib/gcc/pic32mx/4.8.3/crti.o
                0x9d0030ac                _init
 *crtbegin.o(.init)
 .init          0x9d0030b4        0x8 c:/program files (x86)/microchip/xc32/v1.40/bin/bin/../../lib/gcc/pic32mx/4.8.3/crtbegin.o
 *(EXCLUDE_FILE(*crtn.o *crtend?.o *crtend.o) .init)
 *crtend.o(.init)
 .init          0x9d0030bc        0x8 c:/program files (x86)/microchip/xc32/v1.40/bin/bin/../../lib/gcc/pic32mx/4.8.3/crtend.o
 *crtn.o(.init)
 .init          0x9d0030c4        0xc c:/program files (x86)/microchip/xc32/v1.40/bin/bin/../../lib/gcc/pic32mx/4.8.3/crtn.o
                0x9d0030d0                . = ALIGN (0x4)

.fini           0x9d0030d0       0x1c
 *(.fini)
 .fini          0x9d0030d0        0x8 c:/program files (x86)/microchip/xc32/v1.40/bin/bin/../../lib/gcc/pic32mx/4.8.3/crti.o
                0x9d0030d0                _fini
 .fini          0x9d0030d8        0x8 c:/program files (x86)/microchip/xc32/v1.40/bin/bin/../../lib/gcc/pic32mx/4.8.3/crtbegin.o
 .fini          0x9d0030e0        0xc c:/program files (x86)/microchip/xc32/v1.40/bin/bin/../../lib/gcc/pic32mx/4.8.3/crtn.o
                0x9d0030ec                . = ALIGN (0x4)

.preinit_array  0x9d0030ec        0x0
                0x9d0030ec                PROVIDE (__preinit_array_start, .)
 *(.preinit_array)
                0x9d0030ec                PROVIDE (__preinit_array_end, .)
                0x9d0030ec                . = ALIGN (0x4)

.init_array     0x9d0030ec        0x0
                0x9d0030ec                PROVIDE (__init_array_start, .)
 *(SORT(.init_array.*))
 *(.init_array)
                0x9d0030ec                PROVIDE (__init_array_end, .)
                0x9d0030ec                . = ALIGN (0x4)

.fini_array     0x9d0030ec        0x0
                0x9d0030ec                PROVIDE (__fini_array_start, .)
 *(SORT(.fini_array.*))
 *(.fini_array)
                0x9d0030ec                PROVIDE (__fini_array_end, .)
                0x9d0030ec                . = ALIGN (0x4)

.ctors          0x9d0030ec        0x8
 *crtbegin.o(.ctors)
 .ctors         0x9d0030ec        0x4 c:/program files (x86)/microchip/xc32/v1.40/bin/bin/../../lib/gcc/pic32mx/4.8.3/crtbegin.o
 *crtbegin?.o(.ctors)
 *(EXCLUDE_FILE(*crtend?.o *crtend.o) .ctors)
 *(SORT(.ctors.*))
 *(.ctors)
 .ctors         0x9d0030f0        0x4 c:/program files (x86)/microchip/xc32/v1.40/bin/bin/../../lib/gcc/pic32mx/4.8.3/crtend.o
                0x9d0030f4                . = ALIGN (0x4)

.dtors          0x9d0030f4        0x8
 *crtbegin.o(.dtors)
 .dtors         0x9d0030f4        0x4 c:/program files (x86)/microchip/xc32/v1.40/bin/bin/../../lib/gcc/pic32mx/4.8.3/crtbegin.o
 *crtbegin?.o(.dtors)
 *(EXCLUDE_FILE(*crtend?.o *crtend.o) .dtors)
 *(SORT(.dtors.*))
 *(.dtors)
 .dtors         0x9d0030f8        0x4 c:/program files (x86)/microchip/xc32/v1.40/bin/bin/../../lib/gcc/pic32mx/4.8.3/crtend.o
                0x9d0030f8                __DTOR_END__
                0x9d0030fc                . = ALIGN (0x4)

.rodata         0x9d0030fc      0x41c
 *(.gnu.linkonce.r.*)
 .gnu.linkonce.r._ZTV6Object
                0x9d0030fc       0x18 build/default/production/Object.o
                0x9d0030fc                vtable for Object
 .gnu.linkonce.r._ZTS6Object
                0x9d003114        0x8 build/default/production/Object.o
                0x9d003114                typeinfo name for Object
 .gnu.linkonce.r._ZTI6Object
                0x9d00311c        0x8 build/default/production/Object.o
                0x9d00311c                typeinfo for Object
 .gnu.linkonce.r._ZTVSt9bad_alloc
                0x9d003124       0x18 build/default/production/System.o
                0x9d003124                vtable for std::bad_alloc
 .gnu.linkonce.r._ZTSSt9bad_alloc
                0x9d00313c       0x10 build/default/production/System.o
                0x9d00313c                typeinfo name for std::bad_alloc
 .gnu.linkonce.r._ZTISt9bad_alloc
                0x9d00314c        0xc build/default/production/System.o
                0x9d00314c                typeinfo for std::bad_alloc
 .gnu.linkonce.r._ZTVN3HAL8RegisterE
                0x9d003158       0x18 build/default/production/Register.o
                0x9d003158                vtable for HAL::Register
 .gnu.linkonce.r._ZTIN3HAL8RegisterE
                0x9d003170        0xc build/default/production/Register.o
                0x9d003170                typeinfo for HAL::Register
 .gnu.linkonce.r._ZTSN3HAL8RegisterE
                0x9d00317c       0x10 build/default/production/Register.o
                0x9d00317c                typeinfo name for HAL::Register
 .gnu.linkonce.r._ZTVN3HAL9SPIDeviceE
                0x9d00318c       0x18 build/default/production/SPIDevice.o
                0x9d00318c                vtable for HAL::SPIDevice
 .gnu.linkonce.r._ZTSN3HAL9SPIDeviceE
                0x9d0031a4       0x14 build/default/production/SPIDevice.o
                0x9d0031a4                typeinfo name for HAL::SPIDevice
 .gnu.linkonce.r._ZTIN3HAL9SPIDeviceE
                0x9d0031b8        0xc build/default/production/SPIDevice.o
                0x9d0031b8                typeinfo for HAL::SPIDevice
 .gnu.linkonce.r._ZTVN3HAL6SPIBusE
                0x9d0031c4       0x18 build/default/production/SPIBus.o
                0x9d0031c4                vtable for HAL::SPIBus
 .gnu.linkonce.r._ZTIN3HAL6SPIBusE
                0x9d0031dc        0xc build/default/production/SPIBus.o
                0x9d0031dc                typeinfo for HAL::SPIBus
 .gnu.linkonce.r._ZTSN3HAL6SPIBusE
                0x9d0031e8       0x10 build/default/production/SPIBus.o
                0x9d0031e8                typeinfo name for HAL::SPIBus
 .gnu.linkonce.r._ZTVN10__cxxabiv117__class_type_infoE._ZTVN10__cxxabiv117__class_type_infoE
                0x9d0031f8       0x2c c:/program files (x86)/microchip/xc32/v1.40/bin/bin/../../lib/gcc/pic32mx/4.8.3/../../../../pic32mx/lib\libsupc++.a(class_type_info.o)
                0x9d0031f8                vtable for __cxxabiv1::__class_type_info
 .gnu.linkonce.r._ZTIN10__cxxabiv117__class_type_infoE._ZTIN10__cxxabiv117__class_type_infoE
                0x9d003224        0xc c:/program files (x86)/microchip/xc32/v1.40/bin/bin/../../lib/gcc/pic32mx/4.8.3/../../../../pic32mx/lib\libsupc++.a(class_type_info.o)
                0x9d003224                typeinfo for __cxxabiv1::__class_type_info
 .gnu.linkonce.r._ZTSN10__cxxabiv117__class_type_infoE._ZTSN10__cxxabiv117__class_type_infoE
                0x9d003230       0x24 c:/program files (x86)/microchip/xc32/v1.40/bin/bin/../../lib/gcc/pic32mx/4.8.3/../../../../pic32mx/lib\libsupc++.a(class_type_info.o)
                0x9d003230                typeinfo name for __cxxabiv1::__class_type_info
 .gnu.linkonce.r._ZTVN10__cxxabiv119__foreign_exceptionE._ZTVN10__cxxabiv119__foreign_exceptionE
                0x9d003254       0x14 c:/program files (x86)/microchip/xc32/v1.40/bin/bin/../../lib/gcc/pic32mx/4.8.3/../../../../pic32mx/lib\libsupc++.a(eh_exception.o)
                0x9d003254                vtable for __cxxabiv1::__foreign_exception
 .gnu.linkonce.r._ZTVN10__cxxabiv115__forced_unwindE._ZTVN10__cxxabiv115__forced_unwindE
                0x9d003268       0x14 c:/program files (x86)/microchip/xc32/v1.40/bin/bin/../../lib/gcc/pic32mx/4.8.3/../../../../pic32mx/lib\libsupc++.a(eh_exception.o)
                0x9d003268                vtable for __cxxabiv1::__forced_unwind
 .gnu.linkonce.r._ZTVSt13bad_exception._ZTVSt13bad_exception
                0x9d00327c       0x14 c:/program files (x86)/microchip/xc32/v1.40/bin/bin/../../lib/gcc/pic32mx/4.8.3/../../../../pic32mx/lib\libsupc++.a(eh_exception.o)
                0x9d00327c                vtable for std::bad_exception
 .gnu.linkonce.r._ZTVSt9exception._ZTVSt9exception
                0x9d003290       0x14 c:/program files (x86)/microchip/xc32/v1.40/bin/bin/../../lib/gcc/pic32mx/4.8.3/../../../../pic32mx/lib\libsupc++.a(eh_exception.o)
                0x9d003290                vtable for std::exception
 .gnu.linkonce.r._ZTIN10__cxxabiv119__foreign_exceptionE._ZTIN10__cxxabiv119__foreign_exceptionE
                0x9d0032a4        0x8 c:/program files (x86)/microchip/xc32/v1.40/bin/bin/../../lib/gcc/pic32mx/4.8.3/../../../../pic32mx/lib\libsupc++.a(eh_exception.o)
                0x9d0032a4                typeinfo for __cxxabiv1::__foreign_exception
 .gnu.linkonce.r._ZTSN10__cxxabiv119__foreign_exceptionE._ZTSN10__cxxabiv119__foreign_exceptionE
                0x9d0032ac       0x24 c:/program files (x86)/microchip/xc32/v1.40/bin/bin/../../lib/gcc/pic32mx/4.8.3/../../../../pic32mx/lib\libsupc++.a(eh_exception.o)
                0x9d0032ac                typeinfo name for __cxxabiv1::__foreign_exception
 .gnu.linkonce.r._ZTIN10__cxxabiv115__forced_unwindE._ZTIN10__cxxabiv115__forced_unwindE
                0x9d0032d0        0x8 c:/program files (x86)/microchip/xc32/v1.40/bin/bin/../../lib/gcc/pic32mx/4.8.3/../../../../pic32mx/lib\libsupc++.a(eh_exception.o)
                0x9d0032d0                typeinfo for __cxxabiv1::__forced_unwind
 .gnu.linkonce.r._ZTSN10__cxxabiv115__forced_unwindE._ZTSN10__cxxabiv115__forced_unwindE
                0x9d0032d8       0x20 c:/program files (x86)/microchip/xc32/v1.40/bin/bin/../../lib/gcc/pic32mx/4.8.3/../../../../pic32mx/lib\libsupc++.a(eh_exception.o)
                0x9d0032d8                typeinfo name for __cxxabiv1::__forced_unwind
 .gnu.linkonce.r._ZTISt13bad_exception._ZTISt13bad_exception
                0x9d0032f8        0xc c:/program files (x86)/microchip/xc32/v1.40/bin/bin/../../lib/gcc/pic32mx/4.8.3/../../../../pic32mx/lib\libsupc++.a(eh_exception.o)
                0x9d0032f8                typeinfo for std::bad_exception
 .gnu.linkonce.r._ZTSSt13bad_exception._ZTSSt13bad_exception
                0x9d003304       0x14 c:/program files (x86)/microchip/xc32/v1.40/bin/bin/../../lib/gcc/pic32mx/4.8.3/../../../../pic32mx/lib\libsupc++.a(eh_exception.o)
                0x9d003304                typeinfo name for std::bad_exception
 .gnu.linkonce.r._ZTISt9exception._ZTISt9exception
                0x9d003318        0x8 c:/program files (x86)/microchip/xc32/v1.40/bin/bin/../../lib/gcc/pic32mx/4.8.3/../../../../pic32mx/lib\libsupc++.a(eh_exception.o)
                0x9d003318                typeinfo for std::exception
 .gnu.linkonce.r._ZTSSt9exception._ZTSSt9exception
                0x9d003320       0x10 c:/program files (x86)/microchip/xc32/v1.40/bin/bin/../../lib/gcc/pic32mx/4.8.3/../../../../pic32mx/lib\libsupc++.a(eh_exception.o)
                0x9d003320                typeinfo name for std::exception
 .gnu.linkonce.r._ZTVN10__cxxabiv120__si_class_type_infoE._ZTVN10__cxxabiv120__si_class_type_infoE
                0x9d003330       0x2c c:/program files (x86)/microchip/xc32/v1.40/bin/bin/../../lib/gcc/pic32mx/4.8.3/../../../../pic32mx/lib\libsupc++.a(si_class_type_info.o)
                0x9d003330                vtable for __cxxabiv1::__si_class_type_info
 .gnu.linkonce.r._ZTIN10__cxxabiv120__si_class_type_infoE._ZTIN10__cxxabiv120__si_class_type_infoE
                0x9d00335c        0xc c:/program files (x86)/microchip/xc32/v1.40/bin/bin/../../lib/gcc/pic32mx/4.8.3/../../../../pic32mx/lib\libsupc++.a(si_class_type_info.o)
                0x9d00335c                typeinfo for __cxxabiv1::__si_class_type_info
 .gnu.linkonce.r._ZTSN10__cxxabiv120__si_class_type_infoE._ZTSN10__cxxabiv120__si_class_type_infoE
                0x9d003368       0x28 c:/program files (x86)/microchip/xc32/v1.40/bin/bin/../../lib/gcc/pic32mx/4.8.3/../../../../pic32mx/lib\libsupc++.a(si_class_type_info.o)
                0x9d003368                typeinfo name for __cxxabiv1::__si_class_type_info
 .gnu.linkonce.r._ZTVSt9type_info._ZTVSt9type_info
                0x9d003390       0x20 c:/program files (x86)/microchip/xc32/v1.40/bin/bin/../../lib/gcc/pic32mx/4.8.3/../../../../pic32mx/lib\libsupc++.a(tinfo.o)
                0x9d003390                vtable for std::type_info
 .gnu.linkonce.r._ZTISt9type_info._ZTISt9type_info
                0x9d0033b0        0x8 c:/program files (x86)/microchip/xc32/v1.40/bin/bin/../../lib/gcc/pic32mx/4.8.3/../../../../pic32mx/lib\libsupc++.a(tinfo.o)
                0x9d0033b0                typeinfo for std::type_info
 .gnu.linkonce.r._ZTSSt9type_info._ZTSSt9type_info
                0x9d0033b8       0x10 c:/program files (x86)/microchip/xc32/v1.40/bin/bin/../../lib/gcc/pic32mx/4.8.3/../../../../pic32mx/lib\libsupc++.a(tinfo.o)
                0x9d0033b8                typeinfo name for std::type_info
 .gnu.linkonce.r._ZTVSt14overflow_error
                0x9d0033c8       0x18 c:/program files (x86)/microchip/xc32/v1.40/bin/bin/../../lib/gcc/pic32mx/4.8.3/../../../../pic32mx/lib\libxcpp.a(xthrow.o)
                0x9d0033c8                vtable for std::overflow_error
 .gnu.linkonce.r._ZTVSt13runtime_error
                0x9d0033e0       0x18 c:/program files (x86)/microchip/xc32/v1.40/bin/bin/../../lib/gcc/pic32mx/4.8.3/../../../../pic32mx/lib\libxcpp.a(xthrow.o)
                0x9d0033e0                vtable for std::runtime_error
 .gnu.linkonce.r._ZTVSt12out_of_range
                0x9d0033f8       0x18 c:/program files (x86)/microchip/xc32/v1.40/bin/bin/../../lib/gcc/pic32mx/4.8.3/../../../../pic32mx/lib\libxcpp.a(xthrow.o)
                0x9d0033f8                vtable for std::out_of_range
 .gnu.linkonce.r._ZTVSt12length_error
                0x9d003410       0x18 c:/program files (x86)/microchip/xc32/v1.40/bin/bin/../../lib/gcc/pic32mx/4.8.3/../../../../pic32mx/lib\libxcpp.a(xthrow.o)
                0x9d003410                vtable for std::length_error
 .gnu.linkonce.r._ZTVSt16invalid_argument
                0x9d003428       0x18 c:/program files (x86)/microchip/xc32/v1.40/bin/bin/../../lib/gcc/pic32mx/4.8.3/../../../../pic32mx/lib\libxcpp.a(xthrow.o)
                0x9d003428                vtable for std::invalid_argument
 .gnu.linkonce.r._ZTVSt11logic_error
                0x9d003440       0x18 c:/program files (x86)/microchip/xc32/v1.40/bin/bin/../../lib/gcc/pic32mx/4.8.3/../../../../pic32mx/lib\libxcpp.a(xthrow.o)
                0x9d003440                vtable for std::logic_error
 .gnu.linkonce.r._ZTSSt14overflow_error
                0x9d003458       0x14 c:/program files (x86)/microchip/xc32/v1.40/bin/bin/../../lib/gcc/pic32mx/4.8.3/../../../../pic32mx/lib\libxcpp.a(xthrow.o)
                0x9d003458                typeinfo name for std::overflow_error
 .gnu.linkonce.r._ZTISt14overflow_error
                0x9d00346c        0xc c:/program files (x86)/microchip/xc32/v1.40/bin/bin/../../lib/gcc/pic32mx/4.8.3/../../../../pic32mx/lib\libxcpp.a(xthrow.o)
                0x9d00346c                typeinfo for std::overflow_error
 .gnu.linkonce.r._ZTSSt13runtime_error
                0x9d003478       0x14 c:/program files (x86)/microchip/xc32/v1.40/bin/bin/../../lib/gcc/pic32mx/4.8.3/../../../../pic32mx/lib\libxcpp.a(xthrow.o)
                0x9d003478                typeinfo name for std::runtime_error
 .gnu.linkonce.r._ZTISt13runtime_error
                0x9d00348c        0xc c:/program files (x86)/microchip/xc32/v1.40/bin/bin/../../lib/gcc/pic32mx/4.8.3/../../../../pic32mx/lib\libxcpp.a(xthrow.o)
                0x9d00348c                typeinfo for std::runtime_error
 .gnu.linkonce.r._ZTSSt12out_of_range
                0x9d003498       0x14 c:/program files (x86)/microchip/xc32/v1.40/bin/bin/../../lib/gcc/pic32mx/4.8.3/../../../../pic32mx/lib\libxcpp.a(xthrow.o)
                0x9d003498                typeinfo name for std::out_of_range
 .gnu.linkonce.r._ZTISt12out_of_range
                0x9d0034ac        0xc c:/program files (x86)/microchip/xc32/v1.40/bin/bin/../../lib/gcc/pic32mx/4.8.3/../../../../pic32mx/lib\libxcpp.a(xthrow.o)
                0x9d0034ac                typeinfo for std::out_of_range
 .gnu.linkonce.r._ZTSSt12length_error
                0x9d0034b8       0x14 c:/program files (x86)/microchip/xc32/v1.40/bin/bin/../../lib/gcc/pic32mx/4.8.3/../../../../pic32mx/lib\libxcpp.a(xthrow.o)
                0x9d0034b8                typeinfo name for std::length_error
 .gnu.linkonce.r._ZTISt12length_error
                0x9d0034cc        0xc c:/program files (x86)/microchip/xc32/v1.40/bin/bin/../../lib/gcc/pic32mx/4.8.3/../../../../pic32mx/lib\libxcpp.a(xthrow.o)
                0x9d0034cc                typeinfo for std::length_error
 .gnu.linkonce.r._ZTSSt16invalid_argument
                0x9d0034d8       0x18 c:/program files (x86)/microchip/xc32/v1.40/bin/bin/../../lib/gcc/pic32mx/4.8.3/../../../../pic32mx/lib\libxcpp.a(xthrow.o)
                0x9d0034d8                typeinfo name for std::invalid_argument
 .gnu.linkonce.r._ZTISt16invalid_argument
                0x9d0034f0        0xc c:/program files (x86)/microchip/xc32/v1.40/bin/bin/../../lib/gcc/pic32mx/4.8.3/../../../../pic32mx/lib\libxcpp.a(xthrow.o)
                0x9d0034f0                typeinfo for std::invalid_argument
 .gnu.linkonce.r._ZTSSt11logic_error
                0x9d0034fc       0x10 c:/program files (x86)/microchip/xc32/v1.40/bin/bin/../../lib/gcc/pic32mx/4.8.3/../../../../pic32mx/lib\libxcpp.a(xthrow.o)
                0x9d0034fc                typeinfo name for std::logic_error
 .gnu.linkonce.r._ZTISt11logic_error
                0x9d00350c        0xc c:/program files (x86)/microchip/xc32/v1.40/bin/bin/../../lib/gcc/pic32mx/4.8.3/../../../../pic32mx/lib\libxcpp.a(xthrow.o)
                0x9d00350c                typeinfo for std::logic_error
 *(.rodata1)
                0x9d003518                . = ALIGN (0x4)

.sdata2         0x9d003518        0x0
 *(.sdata2 .sdata2.* .gnu.linkonce.s2.*)
                0x9d003518                . = ALIGN (0x4)

.sbss2          0x9d003518        0x0
 *(.sbss2 .sbss2.* .gnu.linkonce.sb2.*)
                0x9d003518                . = ALIGN (0x4)

.eh_frame_hdr
 *(.eh_frame_hdr)
                0x9d003518                . = ALIGN (0x4)

.eh_frame
 *(.eh_frame)
                0x9d003518                . = ALIGN (0x4)

.gcc_except_table
 *(.gcc_except_table .gcc_except_table.*)
                0x9d003518                . = ALIGN (0x4)

.dbg_data       0xa0000000        0x0
                0xa0000000                . = (. + DEFINED (_DEBUGGER)?0x200:0x0)

.jcr            0xa0000000        0x4
 *(.jcr)
 .jcr           0xa0000000        0x0 c:/program files (x86)/microchip/xc32/v1.40/bin/bin/../../lib/gcc/pic32mx/4.8.3/crtbegin.o
 .jcr           0xa0000000        0x4 c:/program files (x86)/microchip/xc32/v1.40/bin/bin/../../lib/gcc/pic32mx/4.8.3/crtend.o
                0xa0000004                . = ALIGN (0x4)

.eh_frame       0xa0000004        0x4
 *(.eh_frame)
 .eh_frame      0xa0000004        0x0 c:/program files (x86)/microchip/xc32/v1.40/bin/bin/../../lib/gcc/pic32mx/4.8.3/crtbegin.o
 .eh_frame      0xa0000004        0x4 c:/program files (x86)/microchip/xc32/v1.40/bin/bin/../../lib/gcc/pic32mx/4.8.3/crtend.o
                0xa0000008                . = ALIGN (0x4)

.gcc_except_table
                0xa0000008       0x70
 *(.gcc_except_table .gcc_except_table.*)
 .gcc_except_table
                0xa0000008        0x4 build/default/production/Object.o
 .gcc_except_table
                0xa000000c        0x6 build/default/production/Main.o
 .gcc_except_table
                0xa0000012       0x1a build/default/production/System.o
 .gcc_except_table
                0xa000002c        0x4 build/default/production/Register.o
 .gcc_except_table
                0xa0000030       0x14 build/default/production/SPIDevice.o
 .gcc_except_table
                0xa0000044        0x4 build/default/production/SPIBus.o
 .gcc_except_table
                0xa0000048       0x20 c:/program files (x86)/microchip/xc32/v1.40/bin/bin/../../lib/gcc/pic32mx/4.8.3/../../../../pic32mx/lib\libsupc++.a(eh_personality.o)
 .gcc_except_table
                0xa0000068       0x10 c:/program files (x86)/microchip/xc32/v1.40/bin/bin/../../lib/gcc/pic32mx/4.8.3/../../../../pic32mx/lib\libsupc++.a(eh_terminate.o)
                0xa0000078                . = ALIGN (0x4)

.persist        0xa0000078        0x0
                0xa0000078                _persist_begin = .
 *(.persist .persist.*)
 *(.pbss .pbss.*)
                0xa0000078                . = ALIGN (0x4)
                0xa0000078                _persist_end = .

.data           0xa0000078        0xc
 *(.gnu.linkonce.d.*)
 .gnu.linkonce.d.DW.ref.__gxx_personality_sj0
                0xa0000078        0x4 build/default/production/Object.o
                0xa0000078                DW.ref.__gxx_personality_sj0
 .gnu.linkonce.d.DW.ref._ZTISt9bad_alloc
                0xa000007c        0x4 build/default/production/SPIDevice.o
                0xa000007c                DW.ref._ZTISt9bad_alloc
 .gnu.linkonce.d.DW.ref.__gxx_personality_sj0.DW.ref.__gxx_personality_sj0
                0xa0000080        0x4 c:/program files (x86)/microchip/xc32/v1.40/bin/bin/../../lib/gcc/pic32mx/4.8.3/../../../../pic32mx/lib\libsupc++.a(eh_personality.o)
 *(.data1)
                0xa0000084                . = ALIGN (0x4)
                0xa0000084                . = .
                0xa0008080                _gp = (ALIGN (0x10) + 0x7ff0)

.got            0xa0000084        0x0
 *(.got.plt)
 *(.got)
                0xa0000084                . = ALIGN (0x4)

.sdata          0xa0000084       0x10
                0xa0000084                _sdata_begin = .
 *(.sdata .sdata.* .gnu.linkonce.s.*)
 .sdata         0xa0000084        0x4 c:/program files (x86)/microchip/xc32/v1.40/bin/bin/../../lib/gcc/pic32mx/4.8.3/crtbegin.o
                0xa0000084                __dso_handle
 .sdata._ZN10__cxxabiv120__unexpected_handlerE.__unexpected_handler
                0xa0000088        0x4 c:/program files (x86)/microchip/xc32/v1.40/bin/bin/../../lib/gcc/pic32mx/4.8.3/../../../../pic32mx/lib\libsupc++.a(eh_unex_handler.o)
                0xa0000088                __cxxabiv1::__unexpected_handler
 .sdata._ZN10__cxxabiv119__terminate_handlerE.__terminate_handler
                0xa000008c        0x4 c:/program files (x86)/microchip/xc32/v1.40/bin/bin/../../lib/gcc/pic32mx/4.8.3/../../../../pic32mx/lib\libsupc++.a(eh_term_handler.o)
                0xa000008c                __cxxabiv1::__terminate_handler
 .sdata         0xa0000090        0x4 c:/program files (x86)/microchip/xc32/v1.40/bin/bin/../../lib/gcc/pic32mx/4.8.3/../../../../pic32mx/lib\libpic32.a(xc32_uart.o)
                0xa0000090                __XC_UART
                0xa0000094                . = ALIGN (0x4)
                0xa0000094                _sdata_end = .

.lit8
 *(.lit8)

.lit4
 *(.lit4)
                0xa0000094                . = ALIGN (0x4)
                0xa0000094                _data_end = .
                0xa0000094                _bss_begin = .

.sbss           0xa0000094       0x30
                0xa0000094                _sbss_begin = .
 *(.dynsbss)
 *(.sbss .sbss.* .gnu.linkonce.sb.*)
 .sbss          0xa0000094        0x4 build/default/production/Object.o
 .sbss          0xa0000098        0x4 build/default/production/Main.o
 .sbss          0xa000009c        0x4 build/default/production/System.o
 .sbss          0xa00000a0        0x4 build/default/production/Register.o
 .sbss          0xa00000a4        0x4 build/default/production/SPIDevice.o
 .sbss          0xa00000a8        0x4 build/default/production/SPIBus.o
 .sbss._ZL10eh_globals.eh_globals
                0xa00000ac        0x8 c:/program files (x86)/microchip/xc32/v1.40/bin/bin/../../lib/gcc/pic32mx/4.8.3/../../../../pic32mx/lib\libsupc++.a(eh_globals.o)
 .sbss._ZL14emergency_used.emergency_used
                0xa00000b4        0x4 c:/program files (x86)/microchip/xc32/v1.40/bin/bin/../../lib/gcc/pic32mx/4.8.3/../../../../pic32mx/lib\libsupc++.a(eh_alloc.o)
 .sbss._ZL15dependents_used.dependents_used
                0xa00000b8        0x4 c:/program files (x86)/microchip/xc32/v1.40/bin/bin/../../lib/gcc/pic32mx/4.8.3/../../../../pic32mx/lib\libsupc++.a(eh_alloc.o)
 .sbss._ZN12_GLOBAL__N_115emergency_mutexE.emergency_mutex
                0xa00000bc        0x4 c:/program files (x86)/microchip/xc32/v1.40/bin/bin/../../lib/gcc/pic32mx/4.8.3/../../../../pic32mx/lib\libsupc++.a(eh_alloc.o)
 .sbss.__new_handler.__new_handler
                0xa00000c0        0x4 c:/program files (x86)/microchip/xc32/v1.40/bin/bin/../../lib/gcc/pic32mx/4.8.3/../../../../pic32mx/lib\libsupc++.a(new_handler.o)
                0xa00000c0                __new_handler
 *(.scommon)
                0xa00000c4                _sbss_end = .
                0xa00000c4                . = ALIGN (0x4)

.bss            0xa00000c4        0x0
 *(.dynbss)
 *(COMMON)
                0xa00000c4                . = ALIGN ((. != 0x0)?0x4:0x1)
                0xa00000c4                . = ALIGN (0x4)
                0xa00000c4                _end = .
                0xa00000c4                _bss_end = .
                0x00010000                _bmxdudba_address = 0x10000
                0x00010000                _bmxdupba_address = 0x10000

/DISCARD/
 *(.pdr)
 *(.rel.dyn)
 *(.note.GNU-stack)
 *(.note.GNU-stack)
 *(.gnu_debuglink)
 *(.gnu.lto_*)
 *(.discard)

.gptab.sdata
 *(.gptab.data)
 *(.gptab.sdata)

.gptab.sbss
 *(.gptab.bss)
 *(.gptab.sbss)

.mdebug.abi32   0xa00000c4        0x0
 *(.mdebug.abi32)
 .mdebug.abi32  0xa00000c4        0x0 c:/program files (x86)/microchip/xc32/v1.40/bin/bin/../../lib/gcc/pic32mx/4.8.3/crtbegin.o
 .mdebug.abi32  0xa00000c4        0x0 build/default/production/Object.o
 .mdebug.abi32  0xa00000c4        0x0 build/default/production/Main.o
 .mdebug.abi32  0xa00000c4        0x0 build/default/production/System.o
 .mdebug.abi32  0xa00000c4        0x0 build/default/production/Register.o
 .mdebug.abi32  0xa00000c4        0x0 build/default/production/SPIDevice.o
 .mdebug.abi32  0xa00000c4        0x0 build/default/production/SPIBus.o
 .mdebug.abi32  0xa00000c4        0x0 c:/program files (x86)/microchip/xc32/v1.40/bin/bin/../../lib/gcc/pic32mx/4.8.3/../../../../pic32mx/lib\libsupc++.a(class_type_info.o)
 .mdebug.abi32  0xa00000c4        0x0 c:/program files (x86)/microchip/xc32/v1.40/bin/bin/../../lib/gcc/pic32mx/4.8.3/../../../../pic32mx/lib\libsupc++.a(del_op.o)
 .mdebug.abi32  0xa00000c4        0x0 c:/program files (x86)/microchip/xc32/v1.40/bin/bin/../../lib/gcc/pic32mx/4.8.3/../../../../pic32mx/lib\libsupc++.a(eh_catch.o)
 .mdebug.abi32  0xa00000c4        0x0 c:/program files (x86)/microchip/xc32/v1.40/bin/bin/../../lib/gcc/pic32mx/4.8.3/../../../../pic32mx/lib\libsupc++.a(eh_exception.o)
 .mdebug.abi32  0xa00000c4        0x0 c:/program files (x86)/microchip/xc32/v1.40/bin/bin/../../lib/gcc/pic32mx/4.8.3/../../../../pic32mx/lib\libsupc++.a(eh_globals.o)
 .mdebug.abi32  0xa00000c4        0x0 c:/program files (x86)/microchip/xc32/v1.40/bin/bin/../../lib/gcc/pic32mx/4.8.3/../../../../pic32mx/lib\libsupc++.a(eh_personality.o)
 .mdebug.abi32  0xa00000c4        0x0 c:/program files (x86)/microchip/xc32/v1.40/bin/bin/../../lib/gcc/pic32mx/4.8.3/../../../../pic32mx/lib\libsupc++.a(eh_terminate.o)
 .mdebug.abi32  0xa00000c4        0x0 c:/program files (x86)/microchip/xc32/v1.40/bin/bin/../../lib/gcc/pic32mx/4.8.3/../../../../pic32mx/lib\libsupc++.a(eh_throw.o)
 .mdebug.abi32  0xa00000c4        0x0 c:/program files (x86)/microchip/xc32/v1.40/bin/bin/../../lib/gcc/pic32mx/4.8.3/../../../../pic32mx/lib\libsupc++.a(eh_unex_handler.o)
 .mdebug.abi32  0xa00000c4        0x0 c:/program files (x86)/microchip/xc32/v1.40/bin/bin/../../lib/gcc/pic32mx/4.8.3/../../../../pic32mx/lib\libsupc++.a(new_op.o)
 .mdebug.abi32  0xa00000c4        0x0 c:/program files (x86)/microchip/xc32/v1.40/bin/bin/../../lib/gcc/pic32mx/4.8.3/../../../../pic32mx/lib\libsupc++.a(si_class_type_info.o)
 .mdebug.abi32  0xa00000c4        0x0 c:/program files (x86)/microchip/xc32/v1.40/bin/bin/../../lib/gcc/pic32mx/4.8.3/../../../../pic32mx/lib\libsupc++.a(tinfo.o)
 .mdebug.abi32  0xa00000c4        0x0 c:/program files (x86)/microchip/xc32/v1.40/bin/bin/../../lib/gcc/pic32mx/4.8.3/../../../../pic32mx/lib\libsupc++.a(pure.o)
 .mdebug.abi32  0xa00000c4        0x0 c:/program files (x86)/microchip/xc32/v1.40/bin/bin/../../lib/gcc/pic32mx/4.8.3/../../../../pic32mx/lib\libsupc++.a(eh_alloc.o)
 .mdebug.abi32  0xa00000c4        0x0 c:/program files (x86)/microchip/xc32/v1.40/bin/bin/../../lib/gcc/pic32mx/4.8.3/../../../../pic32mx/lib\libsupc++.a(eh_call.o)
 .mdebug.abi32  0xa00000c4        0x0 c:/program files (x86)/microchip/xc32/v1.40/bin/bin/../../lib/gcc/pic32mx/4.8.3/../../../../pic32mx/lib\libsupc++.a(eh_term_handler.o)
 .mdebug.abi32  0xa00000c4        0x0 c:/program files (x86)/microchip/xc32/v1.40/bin/bin/../../lib/gcc/pic32mx/4.8.3/../../../../pic32mx/lib\libsupc++.a(new_handler.o)
 .mdebug.abi32  0xa00000c4        0x0 c:/program files (x86)/microchip/xc32/v1.40/bin/bin/../../lib/gcc/pic32mx/4.8.3/../../../../pic32mx/lib\libxcpp.a(gccex.o)
 .mdebug.abi32  0xa00000c4        0x0 c:/program files (x86)/microchip/xc32/v1.40/bin/bin/../../lib/gcc/pic32mx/4.8.3/../../../../pic32mx/lib\libxcpp.a(xthrow.o)
 .mdebug.abi32  0xa00000c4        0x0 c:/program files (x86)/microchip/xc32/v1.40/bin/bin/../../lib/gcc/pic32mx/4.8.3/../../../../pic32mx/lib\libxcpp.a(raisehan.o)
 .mdebug.abi32  0xa00000c4        0x0 c:/program files (x86)/microchip/xc32/v1.40/bin/bin/../../lib/gcc/pic32mx/4.8.3/../../../../pic32mx/lib\libxcpp.a(stdthrow.o)
 .mdebug.abi32  0xa00000c4        0x0 c:/program files (x86)/microchip/xc32/v1.40/bin/bin/../../lib/gcc/pic32mx/4.8.3/../../../../pic32mx/lib\libxcpp.a(abort.o)
 .mdebug.abi32  0xa00000c4        0x0 c:/program files (x86)/microchip/xc32/v1.40/bin/bin/../../lib/gcc/pic32mx/4.8.3/../../../../pic32mx/lib\libxcpp.a(abs.o)
 .mdebug.abi32  0xa00000c4        0x0 c:/program files (x86)/microchip/xc32/v1.40/bin/bin/../../lib/gcc/pic32mx/4.8.3/../../../../pic32mx/lib\libxcpp.a(exit.o)
 .mdebug.abi32  0xa00000c4        0x0 c:/program files (x86)/microchip/xc32/v1.40/bin/bin/../../lib/gcc/pic32mx/4.8.3/../../../../pic32mx/lib\libxcpp.a(fflush.o)
 .mdebug.abi32  0xa00000c4        0x0 c:/program files (x86)/microchip/xc32/v1.40/bin/bin/../../lib/gcc/pic32mx/4.8.3/../../../../pic32mx/lib\libxcpp.a(fputs.o)
 .mdebug.abi32  0xa00000c4        0x0 c:/program files (x86)/microchip/xc32/v1.40/bin/bin/../../lib/gcc/pic32mx/4.8.3/../../../../pic32mx/lib\libxcpp.a(free.o)
 .mdebug.abi32  0xa00000c4        0x0 c:/program files (x86)/microchip/xc32/v1.40/bin/bin/../../lib/gcc/pic32mx/4.8.3/../../../../pic32mx/lib\libxcpp.a(malloc.o)
 .mdebug.abi32  0xa00000c4        0x0 c:/program files (x86)/microchip/xc32/v1.40/bin/bin/../../lib/gcc/pic32mx/4.8.3/../../../../pic32mx/lib\libxcpp.a(memcpy.o)
 .mdebug.abi32  0xa00000c4        0x0 c:/program files (x86)/microchip/xc32/v1.40/bin/bin/../../lib/gcc/pic32mx/4.8.3/../../../../pic32mx/lib\libxcpp.a(memmove.o)
 .mdebug.abi32  0xa00000c4        0x0 c:/program files (x86)/microchip/xc32/v1.40/bin/bin/../../lib/gcc/pic32mx/4.8.3/../../../../pic32mx/lib\libxcpp.a(memset.o)
 .mdebug.abi32  0xa00000c4        0x0 c:/program files (x86)/microchip/xc32/v1.40/bin/bin/../../lib/gcc/pic32mx/4.8.3/../../../../pic32mx/lib\libxcpp.a(raise.o)
 .mdebug.abi32  0xa00000c4        0x0 c:/program files (x86)/microchip/xc32/v1.40/bin/bin/../../lib/gcc/pic32mx/4.8.3/../../../../pic32mx/lib\libxcpp.a(strcmp.o)
 .mdebug.abi32  0xa00000c4        0x0 c:/program files (x86)/microchip/xc32/v1.40/bin/bin/../../lib/gcc/pic32mx/4.8.3/../../../../pic32mx/lib\libxcpp.a(strlen.o)
 .mdebug.abi32  0xa00000c4        0x0 c:/program files (x86)/microchip/xc32/v1.40/bin/bin/../../lib/gcc/pic32mx/4.8.3/../../../../pic32mx/lib\libxcpp.a(strrchr.o)
 .mdebug.abi32  0xa00000c4        0x0 c:/program files (x86)/microchip/xc32/v1.40/bin/bin/../../lib/gcc/pic32mx/4.8.3/../../../../pic32mx/lib\libxcpp.a(xexit.o)
 .mdebug.abi32  0xa00000c4        0x0 c:/program files (x86)/microchip/xc32/v1.40/bin/bin/../../lib/gcc/pic32mx/4.8.3/../../../../pic32mx/lib\libxcpp.a(xfiles.o)
 .mdebug.abi32  0xa00000c4        0x0 c:/program files (x86)/microchip/xc32/v1.40/bin/bin/../../lib/gcc/pic32mx/4.8.3/../../../../pic32mx/lib\libxcpp.a(xfwprep.o)
 .mdebug.abi32  0xa00000c4        0x0 c:/program files (x86)/microchip/xc32/v1.40/bin/bin/../../lib/gcc/pic32mx/4.8.3/../../../../pic32mx/lib\libxcpp.a(xgetmem.o)
 .mdebug.abi32  0xa00000c4        0x0 c:/program files (x86)/microchip/xc32/v1.40/bin/bin/../../lib/gcc/pic32mx/4.8.3/../../../../pic32mx/lib\libxcpp.a(fclose.o)
 .mdebug.abi32  0xa00000c4        0x0 c:/program files (x86)/microchip/xc32/v1.40/bin/bin/../../lib/gcc/pic32mx/4.8.3/../../../../pic32mx/lib\libxcpp.a(remove.o)
 .mdebug.abi32  0xa00000c4        0x0 c:/program files (x86)/microchip/xc32/v1.40/bin/bin/../../lib/gcc/pic32mx/4.8.3/../../../../pic32mx/lib\libxcpp.a(xatexit.o)
 .mdebug.abi32  0xa00000c4        0x0 c:/program files (x86)/microchip/xc32/v1.40/bin/bin/../../lib/gcc/pic32mx/4.8.3/../../../../pic32mx/lib\libxcpp.a(xfofind.o)
 .mdebug.abi32  0xa00000c4        0x0 c:/program files (x86)/microchip/xc32/v1.40/bin/bin/../../lib/gcc/pic32mx/4.8.3/../../../../pic32mx/lib\libxcpp.a(errno.o)
 .mdebug.abi32  0xa00000c4        0x0 c:/program files (x86)/microchip/xc32/v1.40/bin/bin/../../lib/gcc/pic32mx/4.8.3/../../../../pic32mx/lib\libmchp_peripheral_32MX270F256D.a(spi_chn_close_lib.o)
 .mdebug.abi32  0xa00000c4        0x0 c:/program files (x86)/microchip/xc32/v1.40/bin/bin/../../lib/gcc/pic32mx/4.8.3/../../../../pic32mx/lib\libmchp_peripheral_32MX270F256D.a(spi_chn_getc_lib.o)
 .mdebug.abi32  0xa00000c4        0x0 c:/program files (x86)/microchip/xc32/v1.40/bin/bin/../../lib/gcc/pic32mx/4.8.3/../../../../pic32mx/lib\libmchp_peripheral_32MX270F256D.a(spi_chn_open_lib.o)