Archive member included because of file (symbol)

c:/program files (x86)/microchip/xc32/v1.40/bin/bin/../../lib/gcc/pic32mx/4.8.3/../../../../pic32mx/lib\libsupc++.a(class_type_info.o)
                              build/default/production/Register.o (vtable for __cxxabiv1::__class_type_info)
c:/program files (x86)/microchip/xc32/v1.40/bin/bin/../../lib/gcc/pic32mx/4.8.3/../../../../pic32mx/lib\libsupc++.a(del_op.o)
                              build/default/production/Register.o (operator delete(void*))
c:/program files (x86)/microchip/xc32/v1.40/bin/bin/../../lib/gcc/pic32mx/4.8.3/../../../../pic32mx/lib\libsupc++.a(eh_catch.o)
                              build/default/production/System.o (__cxa_get_exception_ptr)
c:/program files (x86)/microchip/xc32/v1.40/bin/bin/../../lib/gcc/pic32mx/4.8.3/../../../../pic32mx/lib\libsupc++.a(eh_exception.o)
                              build/default/production/SPIDevice.o (std::exception::~exception())
c:/program files (x86)/microchip/xc32/v1.40/bin/bin/../../lib/gcc/pic32mx/4.8.3/../../../../pic32mx/lib\libsupc++.a(eh_globals.o)
                              c:/program files (x86)/microchip/xc32/v1.40/bin/bin/../../lib/gcc/pic32mx/4.8.3/../../../../pic32mx/lib\libsupc++.a(eh_catch.o) (__cxa_get_globals_fast)
c:/program files (x86)/microchip/xc32/v1.40/bin/bin/../../lib/gcc/pic32mx/4.8.3/../../../../pic32mx/lib\libsupc++.a(eh_personality.o)
                              build/default/production/Register.o (__gxx_personality_sj0)
c:/program files (x86)/microchip/xc32/v1.40/bin/bin/../../lib/gcc/pic32mx/4.8.3/../../../../pic32mx/lib\libsupc++.a(eh_terminate.o)
                              c:/program files (x86)/microchip/xc32/v1.40/bin/bin/../../lib/gcc/pic32mx/4.8.3/../../../../pic32mx/lib\libsupc++.a(eh_personality.o) (__cxxabiv1::__terminate(void (*)()))
c:/program files (x86)/microchip/xc32/v1.40/bin/bin/../../lib/gcc/pic32mx/4.8.3/../../../../pic32mx/lib\libsupc++.a(eh_throw.o)
                              c:/program files (x86)/microchip/xc32/v1.40/bin/bin/../../lib/gcc/pic32mx/4.8.3/../../../../pic32mx/lib\libsupc++.a(eh_personality.o) (__cxa_throw)
c:/program files (x86)/microchip/xc32/v1.40/bin/bin/../../lib/gcc/pic32mx/4.8.3/../../../../pic32mx/lib\libsupc++.a(eh_unex_handler.o)
                              c:/program files (x86)/microchip/xc32/v1.40/bin/bin/../../lib/gcc/pic32mx/4.8.3/../../../../pic32mx/lib\libsupc++.a(eh_terminate.o) (__cxxabiv1::__unexpected_handler)
c:/program files (x86)/microchip/xc32/v1.40/bin/bin/../../lib/gcc/pic32mx/4.8.3/../../../../pic32mx/lib\libsupc++.a(new_op.o)
                              build/default/production/SPIDevice.o (operator new(unsigned long))
c:/program files (x86)/microchip/xc32/v1.40/bin/bin/../../lib/gcc/pic32mx/4.8.3/../../../../pic32mx/lib\libsupc++.a(new_opv.o)
                              build/default/production/SPIDevice.o (operator new[](unsigned long))
c:/program files (x86)/microchip/xc32/v1.40/bin/bin/../../lib/gcc/pic32mx/4.8.3/../../../../pic32mx/lib\libsupc++.a(si_class_type_info.o)
                              build/default/production/Register.o (vtable for __cxxabiv1::__si_class_type_info)
c:/program files (x86)/microchip/xc32/v1.40/bin/bin/../../lib/gcc/pic32mx/4.8.3/../../../../pic32mx/lib\libsupc++.a(tinfo.o)
                              c:/program files (x86)/microchip/xc32/v1.40/bin/bin/../../lib/gcc/pic32mx/4.8.3/../../../../pic32mx/lib\libsupc++.a(class_type_info.o) (std::type_info::~type_info())
c:/program files (x86)/microchip/xc32/v1.40/bin/bin/../../lib/gcc/pic32mx/4.8.3/../../../../pic32mx/lib\libsupc++.a(pure.o)
                              build/default/production/Register.o (__cxa_pure_virtual)
c:/program files (x86)/microchip/xc32/v1.40/bin/bin/../../lib/gcc/pic32mx/4.8.3/../../../../pic32mx/lib\libsupc++.a(eh_alloc.o)
                              c:/program files (x86)/microchip/xc32/v1.40/bin/bin/../../lib/gcc/pic32mx/4.8.3/../../../../pic32mx/lib\libsupc++.a(eh_personality.o) (__cxa_allocate_exception)
c:/program files (x86)/microchip/xc32/v1.40/bin/bin/../../lib/gcc/pic32mx/4.8.3/../../../../pic32mx/lib\libsupc++.a(eh_call.o)
                              c:/program files (x86)/microchip/xc32/v1.40/bin/bin/../../lib/gcc/pic32mx/4.8.3/../../../../pic32mx/lib\libsupc++.a(eh_personality.o) (__cxa_call_terminate)
c:/program files (x86)/microchip/xc32/v1.40/bin/bin/../../lib/gcc/pic32mx/4.8.3/../../../../pic32mx/lib\libsupc++.a(eh_term_handler.o)
                              c:/program files (x86)/microchip/xc32/v1.40/bin/bin/../../lib/gcc/pic32mx/4.8.3/../../../../pic32mx/lib\libsupc++.a(eh_terminate.o) (__cxxabiv1::__terminate_handler)
c:/program files (x86)/microchip/xc32/v1.40/bin/bin/../../lib/gcc/pic32mx/4.8.3/../../../../pic32mx/lib\libsupc++.a(new_handler.o)
                              c:/program files (x86)/microchip/xc32/v1.40/bin/bin/../../lib/gcc/pic32mx/4.8.3/../../../../pic32mx/lib\libsupc++.a(new_op.o) (__new_handler)
[...]
Memory Configuration

Name             Origin             Length             Attributes
kseg0_program_mem 0x9d000000         0x0003f000         xr
exception_mem    0x9d03f000         0x00001000
debug_exec_mem   0x9fc00490         0x00000760
kseg0_boot_mem   0x9fc00490         0x00000000
kseg1_boot_mem   0xbfc00000         0x00000490
config3          0xbfc00bf0         0x00000004
config2          0xbfc00bf4         0x00000004
config1          0xbfc00bf8         0x00000004
config0          0xbfc00bfc         0x00000004
kseg1_data_mem   0xa0000000         0x00010000         w !x
sfrs             0xbf800000         0x00100000
configsfrs       0xbfc00bf0         0x00000010
*default*        0x00000000         0xffffffff

Linker script and memory map

LOAD c:/program files (x86)/microchip/xc32/v1.40/bin/bin/../../lib/gcc/pic32mx/4.8.3/../../../../pic32mx/lib/./proc/32MX270F256D/cpprt0_mips32r2.o
LOAD c:/program files (x86)/microchip/xc32/v1.40/bin/bin/../../lib/gcc/pic32mx/4.8.3/crti.o
LOAD c:/program files (x86)/microchip/xc32/v1.40/bin/bin/../../lib/gcc/pic32mx/4.8.3/crtbegin.o
LOAD build/default/production/Register.o
LOAD build/default/production/SPIDevice.o
LOAD build/default/production/SPIBus.o
LOAD build/default/production/Altimeter.o
LOAD build/default/production/usb/src/usb.o
LOAD build/default/production/usb/src/usb_cdc.o
LOAD build/default/production/usb/src/usb_winusb.o
LOAD build/default/production/usb_callbacks.o
LOAD build/default/production/Object.o
LOAD build/default/production/Main.o
LOAD build/default/production/System.o
LOAD build/default/production/usb_descriptors.o
                0x00000001                __MPLAB_BUILD = 0x1
                0x00001000                _min_heap_size = 0x1000
LOAD c:/program files (x86)/microchip/xc32/v1.40/bin/bin/../../lib/gcc/pic32mx/4.8.3/../../../../pic32mx/lib\libsupc++.a
LOAD c:/program files (x86)/microchip/xc32/v1.40/bin/bin/../../lib/gcc/pic32mx/4.8.3/../../../../pic32mx/lib\libxcpp.a
LOAD c:/program files (x86)/microchip/xc32/v1.40/bin/bin/../../lib/gcc/pic32mx/4.8.3/../../../../pic32mx/lib/./proc/32MX270F256D\default_isr_vectors.o
LOAD c:/program files (x86)/microchip/xc32/v1.40/bin/bin/../../lib/gcc/pic32mx/4.8.3/../../../../pic32mx/lib\pic32_software_reset.o
                0x00000400                PROVIDE (_min_stack_size, 0x400)
LOAD c:/program files (x86)/microchip/xc32/v1.40/bin/bin/../../lib/gcc/pic32mx/4.8.3/../../../../pic32mx/lib/./proc/32MX270F256D\processor.o
START GROUP
LOAD c:/program files (x86)/microchip/xc32/v1.40/bin/bin/../../lib/gcc/pic32mx/4.8.3/../../../../pic32mx/lib\libmchp_peripheral.a
END GROUP
START GROUP
LOAD c:/program files (x86)/microchip/xc32/v1.40/bin/bin/../../lib/gcc/pic32mx/4.8.3/../../../../pic32mx/lib\libmchp_peripheral_32MX270F256D.a
END GROUP
                0x00000001                PROVIDE (_vector_spacing, 0x1)
                0x9d03f000                _ebase_address = 0x9d03f000
                0xbfc00000                _RESET_ADDR = 0xbfc00000
                0xbfc00380                _BEV_EXCPT_ADDR = 0xbfc00380
                0xbfc00480                _DBG_EXCPT_ADDR = 0xbfc00480
                0x9fc00490                _DBG_CODE_ADDR = 0x9fc00490
                0x00000760                _DBG_CODE_SIZE = 0x760
                0x9d03f180                _GEN_EXCPT_ADDR = (_ebase_address + 0x180)

.config_BFC00BF0
 *(.config_BFC00BF0)

.config_BFC00BF4
 *(.config_BFC00BF4)

.config_BFC00BF8
 *(.config_BFC00BF8)

.config_BFC00BFC
 *(.config_BFC00BFC)
                0xbfc02000                PROVIDE (_DBG_CODE_ADDR, 0xbfc02000)
                0x00000ff0                PROVIDE (_DBG_CODE_SIZE, 0xff0)

.reset          0xbfc00000      0x1d0
 *(.reset)
 .reset         0xbfc00000        0x8 c:/program files (x86)/microchip/xc32/v1.40/bin/bin/../../lib/gcc/pic32mx/4.8.3/../../../../pic32mx/lib/./proc/32MX270F256D/cpprt0_mips32r2.o
                0xbfc00000                _reset
 *(.reset.startup)
 .reset.startup
                0xbfc00008      0x1c8 c:/program files (x86)/microchip/xc32/v1.40/bin/bin/../../lib/gcc/pic32mx/4.8.3/../../../../pic32mx/lib/./proc/32MX270F256D/cpprt0_mips32r2.o

.bev_excpt      0xbfc00380       0x10
 *(.bev_handler)
 .bev_handler   0xbfc00380       0x10 c:/program files (x86)/microchip/xc32/v1.40/bin/bin/../../lib/gcc/pic32mx/4.8.3/../../../../pic32mx/lib/./proc/32MX270F256D/cpprt0_mips32r2.o

.dbg_excpt      0xbfc00480        0x0
                0xbfc00480                . = (. + DEFINED (_DEBUGGER)?0x8:0x0)

.dbg_code       0x9fc00490        0x0
                0x9fc00490                . = (. + DEFINED (_DEBUGGER)?_DBG_CODE_SIZE:0x0)

.app_excpt      0x9d03f180       0x10
 *(.gen_handler)
 .gen_handler   0x9d03f180       0x10 c:/program files (x86)/microchip/xc32/v1.40/bin/bin/../../lib/gcc/pic32mx/4.8.3/../../../../pic32mx/lib/./proc/32MX270F256D/cpprt0_mips32r2.o

.vector_0       0x9d03f200        0x8
 *(.vector_0)
 .vector_0      0x9d03f200        0x8 c:/program files (x86)/microchip/xc32/v1.40/bin/bin/../../lib/gcc/pic32mx/4.8.3/../../../../pic32mx/lib\libpic32.a(vector0.o)
                0x9d03f200                __vector_dispatch_0
                0x00000001                ASSERT (((_vector_spacing == 0x0) || (SIZEOF (.vector_0) <= (_vector_spacing << 0x5))), function at exception vector 0 too large)

.vector_1       0x9d03f220        0x8
 *(.vector_1)
 .vector_1      0x9d03f220        0x8 c:/program files (x86)/microchip/xc32/v1.40/bin/bin/../../lib/gcc/pic32mx/4.8.3/../../../../pic32mx/lib\libpic32.a(vector1.o)
                0x9d03f220                __vector_dispatch_1
                0x00000001                ASSERT (((_vector_spacing == 0x0) || (SIZEOF (.vector_1) <= (_vector_spacing << 0x5))), function at exception vector 1 too large)

.vector_2       0x9d03f240        0x8
 *(.vector_2)
 .vector_2      0x9d03f240        0x8 c:/program files (x86)/microchip/xc32/v1.40/bin/bin/../../lib/gcc/pic32mx/4.8.3/../../../../pic32mx/lib\libpic32.a(vector2.o)
                0x9d03f240                __vector_dispatch_2
                0x00000001                ASSERT (((_vector_spacing == 0x0) || (SIZEOF (.vector_2) <= (_vector_spacing << 0x5))), function at exception vector 2 too large)

.vector_3       0x9d03f260        0x8
 *(.vector_3)
 .vector_3      0x9d03f260        0x8 c:/program files (x86)/microchip/xc32/v1.40/bin/bin/../../lib/gcc/pic32mx/4.8.3/../../../../pic32mx/lib\libpic32.a(vector3.o)
                0x9d03f260                __vector_dispatch_3
                0x00000001                ASSERT (((_vector_spacing == 0x0) || (SIZEOF (.vector_3) <= (_vector_spacing << 0x5))), function at exception vector 3 too large)

.vector_4       0x9d03f280        0x8
 *(.vector_4)
 .vector_4      0x9d03f280        0x8 c:/program files (x86)/microchip/xc32/v1.40/bin/bin/../../lib/gcc/pic32mx/4.8.3/../../../../pic32mx/lib\libpic32.a(vector4.o)
                0x9d03f280                __vector_dispatch_4
                0x00000001                ASSERT (((_vector_spacing == 0x0) || (SIZEOF (.vector_4) <= (_vector_spacing << 0x5))), function at exception vector 4 too large)

.vector_5       0x9d03f2a0        0x8
 *(.vector_5)
 .vector_5      0x9d03f2a0        0x8 c:/program files (x86)/microchip/xc32/v1.40/bin/bin/../../lib/gcc/pic32mx/4.8.3/../../../../pic32mx/lib\libpic32.a(vector5.o)
                0x9d03f2a0                __vector_dispatch_5
                0x00000001                ASSERT (((_vector_spacing == 0x0) || (SIZEOF (.vector_5) <= (_vector_spacing << 0x5))), function at exception vector 5 too large)

.vector_6       0x9d03f2c0        0x8
 *(.vector_6)
 .vector_6      0x9d03f2c0        0x8 c:/program files (x86)/microchip/xc32/v1.40/bin/bin/../../lib/gcc/pic32mx/4.8.3/../../../../pic32mx/lib\libpic32.a(vector6.o)
                0x9d03f2c0                __vector_dispatch_6
                0x00000001                ASSERT (((_vector_spacing == 0x0) || (SIZEOF (.vector_6) <= (_vector_spacing << 0x5))), function at exception vector 6 too large)

.vector_7       0x9d03f2e0        0x8
 *(.vector_7)
 .vector_7      0x9d03f2e0        0x8 c:/program files (x86)/microchip/xc32/v1.40/bin/bin/../../lib/gcc/pic32mx/4.8.3/../../../../pic32mx/lib\libpic32.a(vector7.o)
                0x9d03f2e0                __vector_dispatch_7
                0x00000001                ASSERT (((_vector_spacing == 0x0) || (SIZEOF (.vector_7) <= (_vector_spacing << 0x5))), function at exception vector 7 too large)

.vector_8       0x9d03f300        0x8
 *(.vector_8)
 .vector_8      0x9d03f300        0x8 c:/program files (x86)/microchip/xc32/v1.40/bin/bin/../../lib/gcc/pic32mx/4.8.3/../../../../pic32mx/lib\libpic32.a(vector8.o)
                0x9d03f300                __vector_dispatch_8
                0x00000001                ASSERT (((_vector_spacing == 0x0) || (SIZEOF (.vector_8) <= (_vector_spacing << 0x5))), function at exception vector 8 too large)

.vector_9       0x9d03f320        0x8
 *(.vector_9)
 .vector_9      0x9d03f320        0x8 c:/program files (x86)/microchip/xc32/v1.40/bin/bin/../../lib/gcc/pic32mx/4.8.3/../../../../pic32mx/lib\libpic32.a(vector9.o)
                0x9d03f320                __vector_dispatch_9
                0x00000001                ASSERT (((_vector_spacing == 0x0) || (SIZEOF (.vector_9) <= (_vector_spacing << 0x5))), function at exception vector 9 too large)

.vector_10      0x9d03f340        0x8
 *(.vector_10)
 .vector_10     0x9d03f340        0x8 c:/program files (x86)/microchip/xc32/v1.40/bin/bin/../../lib/gcc/pic32mx/4.8.3/../../../../pic32mx/lib\libpic32.a(vector10.o)
                0x9d03f340                __vector_dispatch_10
                0x00000001                ASSERT (((_vector_spacing == 0x0) || (SIZEOF (.vector_10) <= (_vector_spacing << 0x5))), function at exception vector 10 too large)

.vector_11      0x9d03f360        0x8
 *(.vector_11)
 .vector_11     0x9d03f360        0x8 c:/program files (x86)/microchip/xc32/v1.40/bin/bin/../../lib/gcc/pic32mx/4.8.3/../../../../pic32mx/lib\libpic32.a(vector11.o)
                0x9d03f360                __vector_dispatch_11
                0x00000001                ASSERT (((_vector_spacing == 0x0) || (SIZEOF (.vector_11) <= (_vector_spacing << 0x5))), function at exception vector 11 too large)

.vector_12      0x9d03f380        0x8
 *(.vector_12)
 .vector_12     0x9d03f380        0x8 c:/program files (x86)/microchip/xc32/v1.40/bin/bin/../../lib/gcc/pic32mx/4.8.3/../../../../pic32mx/lib\libpic32.a(vector12.o)
                0x9d03f380                __vector_dispatch_12
                0x00000001                ASSERT (((_vector_spacing == 0x0) || (SIZEOF (.vector_12) <= (_vector_spacing << 0x5))), function at exception vector 12 too large)

.vector_13      0x9d03f3a0        0x8
 *(.vector_13)
 .vector_13     0x9d03f3a0        0x8 c:/program files (x86)/microchip/xc32/v1.40/bin/bin/../../lib/gcc/pic32mx/4.8.3/../../../../pic32mx/lib\libpic32.a(vector13.o)
                0x9d03f3a0                __vector_dispatch_13
                0x00000001                ASSERT (((_vector_spacing == 0x0) || (SIZEOF (.vector_13) <= (_vector_spacing << 0x5))), function at exception vector 13 too large)

.vector_14      0x9d03f3c0        0x8
 *(.vector_14)
 .vector_14     0x9d03f3c0        0x8 c:/program files (x86)/microchip/xc32/v1.40/bin/bin/../../lib/gcc/pic32mx/4.8.3/../../../../pic32mx/lib\libpic32.a(vector14.o)
                0x9d03f3c0                __vector_dispatch_14
                0x00000001                ASSERT (((_vector_spacing == 0x0) || (SIZEOF (.vector_14) <= (_vector_spacing << 0x5))), function at exception vector 14 too large)

.vector_15      0x9d03f3e0        0x8
 *(.vector_15)
 .vector_15     0x9d03f3e0        0x8 c:/program files (x86)/microchip/xc32/v1.40/bin/bin/../../lib/gcc/pic32mx/4.8.3/../../../../pic32mx/lib\libpic32.a(vector15.o)
                0x9d03f3e0                __vector_dispatch_15
                0x00000001                ASSERT (((_vector_spacing == 0x0) || (SIZEOF (.vector_15) <= (_vector_spacing << 0x5))), function at exception vector 15 too large)

.vector_16      0x9d03f400        0x8
 *(.vector_16)
 .vector_16     0x9d03f400        0x8 c:/program files (x86)/microchip/xc32/v1.40/bin/bin/../../lib/gcc/pic32mx/4.8.3/../../../../pic32mx/lib\libpic32.a(vector16.o)
                0x9d03f400                __vector_dispatch_16
                0x00000001                ASSERT (((_vector_spacing == 0x0) || (SIZEOF (.vector_16) <= (_vector_spacing << 0x5))), function at exception vector 16 too large)

.vector_17      0x9d03f420        0x8
 *(.vector_17)
 .vector_17     0x9d03f420        0x8 c:/program files (x86)/microchip/xc32/v1.40/bin/bin/../../lib/gcc/pic32mx/4.8.3/../../../../pic32mx/lib\libpic32.a(vector17.o)
                0x9d03f420                __vector_dispatch_17
                0x00000001                ASSERT (((_vector_spacing == 0x0) || (SIZEOF (.vector_17) <= (_vector_spacing << 0x5))), function at exception vector 17 too large)

.vector_18      0x9d03f440        0x8
 *(.vector_18)
 .vector_18     0x9d03f440        0x8 c:/program files (x86)/microchip/xc32/v1.40/bin/bin/../../lib/gcc/pic32mx/4.8.3/../../../../pic32mx/lib\libpic32.a(vector18.o)
                0x9d03f440                __vector_dispatch_18
                0x00000001                ASSERT (((_vector_spacing == 0x0) || (SIZEOF (.vector_18) <= (_vector_spacing << 0x5))), function at exception vector 18 too large)

.vector_19      0x9d03f460        0x8
 *(.vector_19)
 .vector_19     0x9d03f460        0x8 c:/program files (x86)/microchip/xc32/v1.40/bin/bin/../../lib/gcc/pic32mx/4.8.3/../../../../pic32mx/lib\libpic32.a(vector19.o)
                0x9d03f460                __vector_dispatch_19
                0x00000001                ASSERT (((_vector_spacing == 0x0) || (SIZEOF (.vector_19) <= (_vector_spacing << 0x5))), function at exception vector 19 too large)

.vector_20      0x9d03f480        0x8
 *(.vector_20)
 .vector_20     0x9d03f480        0x8 c:/program files (x86)/microchip/xc32/v1.40/bin/bin/../../lib/gcc/pic32mx/4.8.3/../../../../pic32mx/lib\libpic32.a(vector20.o)
                0x9d03f480                __vector_dispatch_20
                0x00000001                ASSERT (((_vector_spacing == 0x0) || (SIZEOF (.vector_20) <= (_vector_spacing << 0x5))), function at exception vector 20 too large)

.vector_21      0x9d03f4a0        0x8
 *(.vector_21)
 .vector_21     0x9d03f4a0        0x8 c:/program files (x86)/microchip/xc32/v1.40/bin/bin/../../lib/gcc/pic32mx/4.8.3/../../../../pic32mx/lib\libpic32.a(vector21.o)
                0x9d03f4a0                __vector_dispatch_21
                0x00000001                ASSERT (((_vector_spacing == 0x0) || (SIZEOF (.vector_21) <= (_vector_spacing << 0x5))), function at exception vector 21 too large)

.vector_22      0x9d03f4c0        0x8
 *(.vector_22)
 .vector_22     0x9d03f4c0        0x8 c:/program files (x86)/microchip/xc32/v1.40/bin/bin/../../lib/gcc/pic32mx/4.8.3/../../../../pic32mx/lib\libpic32.a(vector22.o)
                0x9d03f4c0                __vector_dispatch_22
                0x00000001                ASSERT (((_vector_spacing == 0x0) || (SIZEOF (.vector_22) <= (_vector_spacing << 0x5))), function at exception vector 22 too large)

.vector_23      0x9d03f4e0        0x8
 *(.vector_23)
 .vector_23     0x9d03f4e0        0x8 c:/program files (x86)/microchip/xc32/v1.40/bin/bin/../../lib/gcc/pic32mx/4.8.3/../../../../pic32mx/lib\libpic32.a(vector23.o)
                0x9d03f4e0                __vector_dispatch_23
                0x00000001                ASSERT (((_vector_spacing == 0x0) || (SIZEOF (.vector_23) <= (_vector_spacing << 0x5))), function at exception vector 23 too large)

.vector_24      0x9d03f500        0x8
 *(.vector_24)
 .vector_24     0x9d03f500        0x8 c:/program files (x86)/microchip/xc32/v1.40/bin/bin/../../lib/gcc/pic32mx/4.8.3/../../../../pic32mx/lib\libpic32.a(vector24.o)
                0x9d03f500                __vector_dispatch_24
                0x00000001                ASSERT (((_vector_spacing == 0x0) || (SIZEOF (.vector_24) <= (_vector_spacing << 0x5))), function at exception vector 24 too large)

.vector_25      0x9d03f520        0x8
 *(.vector_25)
 .vector_25     0x9d03f520        0x8 c:/program files (x86)/microchip/xc32/v1.40/bin/bin/../../lib/gcc/pic32mx/4.8.3/../../../../pic32mx/lib\libpic32.a(vector25.o)
                0x9d03f520                __vector_dispatch_25
                0x00000001                ASSERT (((_vector_spacing == 0x0) || (SIZEOF (.vector_25) <= (_vector_spacing << 0x5))), function at exception vector 25 too large)

.vector_26      0x9d03f540        0x8
 *(.vector_26)
 .vector_26     0x9d03f540        0x8 c:/program files (x86)/microchip/xc32/v1.40/bin/bin/../../lib/gcc/pic32mx/4.8.3/../../../../pic32mx/lib\libpic32.a(vector26.o)
                0x9d03f540                __vector_dispatch_26
                0x00000001                ASSERT (((_vector_spacing == 0x0) || (SIZEOF (.vector_26) <= (_vector_spacing << 0x5))), function at exception vector 26 too large)

.vector_27      0x9d03f560        0x8
 *(.vector_27)
 .vector_27     0x9d03f560        0x8 c:/program files (x86)/microchip/xc32/v1.40/bin/bin/../../lib/gcc/pic32mx/4.8.3/../../../../pic32mx/lib\libpic32.a(vector27.o)
                0x9d03f560                __vector_dispatch_27
                0x00000001                ASSERT (((_vector_spacing == 0x0) || (SIZEOF (.vector_27) <= (_vector_spacing << 0x5))), function at exception vector 27 too large)

.vector_28      0x9d03f580        0x8
 *(.vector_28)
 .vector_28     0x9d03f580        0x8 c:/program files (x86)/microchip/xc32/v1.40/bin/bin/../../lib/gcc/pic32mx/4.8.3/../../../../pic32mx/lib\libpic32.a(vector28.o)
                0x9d03f580                __vector_dispatch_28
                0x00000001                ASSERT (((_vector_spacing == 0x0) || (SIZEOF (.vector_28) <= (_vector_spacing << 0x5))), function at exception vector 28 too large)

.vector_29      0x9d03f5a0        0x8
 *(.vector_29)
 .vector_29     0x9d03f5a0        0x8 c:/program files (x86)/microchip/xc32/v1.40/bin/bin/../../lib/gcc/pic32mx/4.8.3/../../../../pic32mx/lib\libpic32.a(vector29.o)
                0x9d03f5a0                __vector_dispatch_29
                0x00000001                ASSERT (((_vector_spacing == 0x0) || (SIZEOF (.vector_29) <= (_vector_spacing << 0x5))), function at exception vector 29 too large)

.vector_30      0x9d03f5c0        0x8
 *(.vector_30)
 .vector_30     0x9d03f5c0        0x8 build/default/production/usb/src/usb.o
                0x9d03f5c0                __vector_dispatch_30
                0x00000001                ASSERT (((_vector_spacing == 0x0) || (SIZEOF (.vector_30) <= (_vector_spacing << 0x5))), function at exception vector 30 too large)

.vector_31      0x9d03f5e0        0x8
 *(.vector_31)
 .vector_31     0x9d03f5e0        0x8 c:/program files (x86)/microchip/xc32/v1.40/bin/bin/../../lib/gcc/pic32mx/4.8.3/../../../../pic32mx/lib\libpic32.a(vector31.o)
                0x9d03f5e0                __vector_dispatch_31
                0x00000001                ASSERT (((_vector_spacing == 0x0) || (SIZEOF (.vector_31) <= (_vector_spacing << 0x5))), function at exception vector 31 too large)

.vector_32      0x9d03f600        0x8
 *(.vector_32)
 .vector_32     0x9d03f600        0x8 c:/program files (x86)/microchip/xc32/v1.40/bin/bin/../../lib/gcc/pic32mx/4.8.3/../../../../pic32mx/lib\libpic32.a(vector32.o)
                0x9d03f600                __vector_dispatch_32
                0x00000001                ASSERT (((_vector_spacing == 0x0) || (SIZEOF (.vector_32) <= (_vector_spacing << 0x5))), function at exception vector 32 too large)

.vector_33      0x9d03f620        0x8
 *(.vector_33)
 .vector_33     0x9d03f620        0x8 c:/program files (x86)/microchip/xc32/v1.40/bin/bin/../../lib/gcc/pic32mx/4.8.3/../../../../pic32mx/lib\libpic32.a(vector33.o)
                0x9d03f620                __vector_dispatch_33
                0x00000001                ASSERT (((_vector_spacing == 0x0) || (SIZEOF (.vector_33) <= (_vector_spacing << 0x5))), function at exception vector 33 too large)

.vector_34      0x9d03f640        0x8
 *(.vector_34)
 .vector_34     0x9d03f640        0x8 c:/program files (x86)/microchip/xc32/v1.40/bin/bin/../../lib/gcc/pic32mx/4.8.3/../../../../pic32mx/lib\libpic32.a(vector34.o)
                0x9d03f640                __vector_dispatch_34
                0x00000001                ASSERT (((_vector_spacing == 0x0) || (SIZEOF (.vector_34) <= (_vector_spacing << 0x5))), function at exception vector 34 too large)

.vector_35      0x9d03f660        0x8
 *(.vector_35)
 .vector_35     0x9d03f660        0x8 c:/program files (x86)/microchip/xc32/v1.40/bin/bin/../../lib/gcc/pic32mx/4.8.3/../../../../pic32mx/lib\libpic32.a(vector35.o)
                0x9d03f660                __vector_dispatch_35
                0x00000001                ASSERT (((_vector_spacing == 0x0) || (SIZEOF (.vector_35) <= (_vector_spacing << 0x5))), function at exception vector 35 too large)

.vector_36      0x9d03f680        0x8
 *(.vector_36)
 .vector_36     0x9d03f680        0x8 c:/program files (x86)/microchip/xc32/v1.40/bin/bin/../../lib/gcc/pic32mx/4.8.3/../../../../pic32mx/lib\libpic32.a(vector36.o)
                0x9d03f680                __vector_dispatch_36
                0x00000001                ASSERT (((_vector_spacing == 0x0) || (SIZEOF (.vector_36) <= (_vector_spacing << 0x5))), function at exception vector 36 too large)

.vector_37      0x9d03f6a0        0x8
 *(.vector_37)
 .vector_37     0x9d03f6a0        0x8 c:/program files (x86)/microchip/xc32/v1.40/bin/bin/../../lib/gcc/pic32mx/4.8.3/../../../../pic32mx/lib\libpic32.a(vector37.o)
                0x9d03f6a0                __vector_dispatch_37
                0x00000001                ASSERT (((_vector_spacing == 0x0) || (SIZEOF (.vector_37) <= (_vector_spacing << 0x5))), function at exception vector 37 too large)

.vector_38      0x9d03f6c0        0x8
 *(.vector_38)
 .vector_38     0x9d03f6c0        0x8 c:/program files (x86)/microchip/xc32/v1.40/bin/bin/../../lib/gcc/pic32mx/4.8.3/../../../../pic32mx/lib\libpic32.a(vector38.o)
                0x9d03f6c0                __vector_dispatch_38
                0x00000001                ASSERT (((_vector_spacing == 0x0) || (SIZEOF (.vector_38) <= (_vector_spacing << 0x5))), function at exception vector 38 too large)

.vector_39      0x9d03f6e0        0x8
 *(.vector_39)
 .vector_39     0x9d03f6e0        0x8 c:/program files (x86)/microchip/xc32/v1.40/bin/bin/../../lib/gcc/pic32mx/4.8.3/../../../../pic32mx/lib\libpic32.a(vector39.o)
                0x9d03f6e0                __vector_dispatch_39
                0x00000001                ASSERT (((_vector_spacing == 0x0) || (SIZEOF (.vector_39) <= (_vector_spacing << 0x5))), function at exception vector 39 too large)

.vector_40      0x9d03f700        0x8
 *(.vector_40)
 .vector_40     0x9d03f700        0x8 c:/program files (x86)/microchip/xc32/v1.40/bin/bin/../../lib/gcc/pic32mx/4.8.3/../../../../pic32mx/lib\libpic32.a(vector40.o)
                0x9d03f700                __vector_dispatch_40
                0x00000001                ASSERT (((_vector_spacing == 0x0) || (SIZEOF (.vector_40) <= (_vector_spacing << 0x5))), function at exception vector 40 too large)

.vector_41      0x9d03f720        0x8
 *(.vector_41)
 .vector_41     0x9d03f720        0x8 c:/program files (x86)/microchip/xc32/v1.40/bin/bin/../../lib/gcc/pic32mx/4.8.3/../../../../pic32mx/lib\libpic32.a(vector41.o)
                0x9d03f720                __vector_dispatch_41
                0x00000001                ASSERT (((_vector_spacing == 0x0) || (SIZEOF (.vector_41) <= (_vector_spacing << 0x5))), function at exception vector 41 too large)

.vector_42      0x9d03f740        0x8
 *(.vector_42)
 .vector_42     0x9d03f740        0x8 c:/program files (x86)/microchip/xc32/v1.40/bin/bin/../../lib/gcc/pic32mx/4.8.3/../../../../pic32mx/lib\libpic32.a(vector42.o)
                0x9d03f740                __vector_dispatch_42
                0x00000001                ASSERT (((_vector_spacing == 0x0) || (SIZEOF (.vector_42) <= (_vector_spacing << 0x5))), function at exception vector 42 too large)

.vector_43      0x9d03f760        0x8
 *(.vector_43)
 .vector_43     0x9d03f760        0x8 c:/program files (x86)/microchip/xc32/v1.40/bin/bin/../../lib/gcc/pic32mx/4.8.3/../../../../pic32mx/lib\libpic32.a(vector43.o)
                0x9d03f760                __vector_dispatch_43
                0x00000001                ASSERT (((_vector_spacing == 0x0) || (SIZEOF (.vector_43) <= (_vector_spacing << 0x5))), function at exception vector 43 too large)

.vector_44      0x9d03f780        0x0
 *(.vector_44)
                0x00000001                ASSERT (((_vector_spacing == 0x0) || (SIZEOF (.vector_44) <= (_vector_spacing << 0x5))), function at exception vector 44 too large)

.vector_45      0x9d03f7a0        0x0
 *(.vector_45)
                0x00000001                ASSERT (((_vector_spacing == 0x0) || (SIZEOF (.vector_45) <= (_vector_spacing << 0x5))), function at exception vector 45 too large)

.vector_46      0x9d03f7c0        0x0
 *(.vector_46)
                0x00000001                ASSERT (((_vector_spacing == 0x0) || (SIZEOF (.vector_46) <= (_vector_spacing << 0x5))), function at exception vector 46 too large)

.vector_47      0x9d03f7e0        0x0
 *(.vector_47)
                0x00000001                ASSERT (((_vector_spacing == 0x0) || (SIZEOF (.vector_47) <= (_vector_spacing << 0x5))), function at exception vector 47 too large)

.vector_48      0x9d03f800        0x0
 *(.vector_48)
                0x00000001                ASSERT (((_vector_spacing == 0x0) || (SIZEOF (.vector_48) <= (_vector_spacing << 0x5))), function at exception vector 48 too large)

.vector_49      0x9d03f820        0x0
 *(.vector_49)
                0x00000001                ASSERT (((_vector_spacing == 0x0) || (SIZEOF (.vector_49) <= (_vector_spacing << 0x5))), function at exception vector 49 too large)

.vector_50      0x9d03f840        0x0
 *(.vector_50)
                0x00000001                ASSERT (((_vector_spacing == 0x0) || (SIZEOF (.vector_50) <= (_vector_spacing << 0x5))), function at exception vector 50 too large)

.vector_51      0x9d03f860        0x0
 *(.vector_51)
                0x00000001                ASSERT (((_vector_spacing == 0x0) || (SIZEOF (.vector_51) <= (_vector_spacing << 0x5))), function at exception vector 51 too large)

.vector_52      0x9d03f880        0x0
 *(.vector_52)
                0x00000001                ASSERT (((_vector_spacing == 0x0) || (SIZEOF (.vector_52) <= (_vector_spacing << 0x5))), function at exception vector 52 too large)

.vector_53      0x9d03f8a0        0x0
 *(.vector_53)
                0x00000001                ASSERT (((_vector_spacing == 0x0) || (SIZEOF (.vector_53) <= (_vector_spacing << 0x5))), function at exception vector 53 too large)

.vector_54      0x9d03f8c0        0x0
 *(.vector_54)
                0x00000001                ASSERT (((_vector_spacing == 0x0) || (SIZEOF (.vector_54) <= (_vector_spacing << 0x5))), function at exception vector 54 too large)

.vector_55      0x9d03f8e0        0x0
 *(.vector_55)
                0x00000001                ASSERT (((_vector_spacing == 0x0) || (SIZEOF (.vector_55) <= (_vector_spacing << 0x5))), function at exception vector 55 too large)

.vector_56      0x9d03f900        0x0
 *(.vector_56)
                0x00000001                ASSERT (((_vector_spacing == 0x0) || (SIZEOF (.vector_56) <= (_vector_spacing << 0x5))), function at exception vector 56 too large)

.vector_57      0x9d03f920        0x0
 *(.vector_57)
                0x00000001                ASSERT (((_vector_spacing == 0x0) || (SIZEOF (.vector_57) <= (_vector_spacing << 0x5))), function at exception vector 57 too large)

.vector_58      0x9d03f940        0x0
 *(.vector_58)
                0x00000001                ASSERT (((_vector_spacing == 0x0) || (SIZEOF (.vector_58) <= (_vector_spacing << 0x5))), function at exception vector 58 too large)

.vector_59      0x9d03f960        0x0
 *(.vector_59)
                0x00000001                ASSERT (((_vector_spacing == 0x0) || (SIZEOF (.vector_59) <= (_vector_spacing << 0x5))), function at exception vector 59 too large)

.vector_60      0x9d03f980        0x0
 *(.vector_60)
                0x00000001                ASSERT (((_vector_spacing == 0x0) || (SIZEOF (.vector_60) <= (_vector_spacing << 0x5))), function at exception vector 60 too large)

.vector_61      0x9d03f9a0        0x0
 *(.vector_61)
                0x00000001                ASSERT (((_vector_spacing == 0x0) || (SIZEOF (.vector_61) <= (_vector_spacing << 0x5))), function at exception vector 61 too large)

.vector_62      0x9d03f9c0        0x0
 *(.vector_62)
                0x00000001                ASSERT (((_vector_spacing == 0x0) || (SIZEOF (.vector_62) <= (_vector_spacing << 0x5))), function at exception vector 62 too large)

.vector_63      0x9d03f9e0        0x0
 *(.vector_63)
                0x00000001                ASSERT (((_vector_spacing == 0x0) || (SIZEOF (.vector_63) <= (_vector_spacing << 0x5))), function at exception vector 63 too large)

.startup
 *(.startup)

.text           0x9d000000     0x29ac
 *(.stub .gnu.linkonce.t.*)
 .gnu.linkonce.t._ZNSt14error_categoryD1Ev
                0x9d000000       0x90 build/default/production/Register.o
                0x9d000000                std::error_category::~error_category()
 .gnu.linkonce.t._ZNSt14error_categoryD0Ev
                0x9d000090       0x44 build/default/production/Register.o
                0x9d000090                std::error_category::~error_category()
 .gnu.linkonce.t._ZNKSt14error_categoryeqERKS_
                0x9d0000d4       0x3c build/default/production/Register.o
                0x9d0000d4                std::error_category::operator==(std::error_category const&) const
 .gnu.linkonce.t._ZNKSt10error_code5valueEv
                0x9d000110       0x2c build/default/production/Register.o
                0x9d000110                std::error_code::value() const
 .gnu.linkonce.t._ZNKSt10error_code8categoryEv
                0x9d00013c       0x2c build/default/production/Register.o
                0x9d00013c                std::error_code::category() const
 .gnu.linkonce.t._ZNSt15error_conditionC1EiRKSt14error_category
                0x9d000168       0x44 build/default/production/Register.o
                0x9d000168                std::error_condition::error_condition(int, std::error_category const&)
 .gnu.linkonce.t._ZNKSt15error_condition5valueEv
                0x9d0001ac       0x2c build/default/production/Register.o
                0x9d0001ac                std::error_condition::value() const
 .gnu.linkonce.t._ZNKSt15error_condition8categoryEv
                0x9d0001d8       0x2c build/default/production/Register.o
                0x9d0001d8                std::error_condition::category() const
 .gnu.linkonce.t._ZNKSt15error_conditioneqERKS_
                0x9d000204       0xa0 build/default/production/Register.o
                0x9d000204                std::error_condition::operator==(std::error_condition const&) const
 .gnu.linkonce.t._ZNKSt14error_category23default_error_conditionEi
                0x9d0002a4       0x4c build/default/production/Register.o
                0x9d0002a4                std::error_category::default_error_condition(int) const
 .gnu.linkonce.t._ZNKSt14error_category10equivalentEiRKSt15error_condition
                0x9d0002f0       0x70 build/default/production/Register.o
                0x9d0002f0                std::error_category::equivalent(int, std::error_condition const&) const
 .gnu.linkonce.t._ZNKSt14error_category10equivalentERKSt10error_codei
                0x9d000360       0x84 build/default/production/Register.o
                0x9d000360                std::error_category::equivalent(std::error_code const&, int) const
 .gnu.linkonce.t._ZNSt9exceptionC2Ev
                0x9d0003e4       0x34 build/default/production/SPIDevice.o
                0x9d0003e4                std::exception::exception()
 .gnu.linkonce.t._ZNSt9bad_allocC1EPKc
                0x9d000418       0x50 build/default/production/SPIDevice.o
                0x9d000418                std::bad_alloc::bad_alloc(char const*)
 .gnu.linkonce.t._ZNKSt9bad_alloc4whatEv
                0x9d000468       0x2c build/default/production/SPIDevice.o
                0x9d000468                std::bad_alloc::what() const
 .gnu.linkonce.t._ZNKSt9bad_alloc8_DoraiseEv
                0x9d000494       0x3c build/default/production/SPIDevice.o
                0x9d000494                std::bad_alloc::_Doraise() const
 .gnu.linkonce.t._ZNSt9bad_allocD1Ev
                0x9d0004d0       0x64 build/default/production/SPIDevice.o
                0x9d0004d0                std::bad_alloc::~bad_alloc()
 .gnu.linkonce.t._ZNSt9bad_allocD0Ev
                0x9d000534       0x44 build/default/production/SPIDevice.o
                0x9d000534                std::bad_alloc::~bad_alloc()
 .gnu.linkonce.t._ZNSt11char_traitsIcE4copyEPcPKcm
                0x9d000578       0x48 build/default/production/SPIDevice.o
                0x9d000578                std::char_traits<char>::copy(char*, char const*, unsigned long)
 .gnu.linkonce.t._ZNSt11char_traitsIcE4moveEPcPKcm
                0x9d0005c0       0x48 build/default/production/SPIDevice.o
                0x9d0005c0                std::char_traits<char>::move(char*, char const*, unsigned long)
 .gnu.linkonce.t._ZNSt11char_traitsIcE6assignERcRKc
                0x9d000608       0x38 build/default/production/SPIDevice.o
                0x9d000608                std::char_traits<char>::assign(char&, char const&)
 .gnu.linkonce.t._ZNSsC1ERKSs
                0x9d000640      0x16c build/default/production/SPIDevice.o
                0x9d000640                std::basic_string<char, std::char_traits<char>, std::allocator<char> >::basic_string(std::string const&)
 .gnu.linkonce.t._ZNSsD1Ev
                0x9d0007ac       0x8c build/default/production/SPIDevice.o
                0x9d0007ac                std::basic_string<char, std::char_traits<char>, std::allocator<char> >::~basic_string()
 .gnu.linkonce.t._ZNSsC1Ev
                0x9d000838      0x144 build/default/production/SPIDevice.o
                0x9d000838                std::basic_string<char, std::char_traits<char>, std::allocator<char> >::basic_string()
 .gnu.linkonce.t._ZNSsaSERKSs
                0x9d00097c       0x40 build/default/production/SPIDevice.o
                0x9d00097c                std::string::operator=(std::string const&)
 .gnu.linkonce.t._ZNSt15_Allocator_baseIcEC2Ev
                0x9d0009bc       0x24 build/default/production/SPIDevice.o
                0x9d0009bc                std::_Allocator_base<char>::_Allocator_base()
 .gnu.linkonce.t._ZNSaIcEC1ERKS_
                0x9d0009e0       0x3c build/default/production/SPIDevice.o
                0x9d0009e0                std::allocator<char>::allocator(std::allocator<char> const&)
 .gnu.linkonce.t._ZNSt16_Container_base0C2Ev
                0x9d000a1c       0x24 build/default/production/SPIDevice.o
                0x9d000a1c                std::_Container_base0::_Container_base0()
 .gnu.linkonce.t._ZNSt11_String_valIcSaIcEEC2ES0_
                0x9d000a40       0x54 build/default/production/SPIDevice.o
                0x9d000a40                std::_String_val<char, std::allocator<char> >::_String_val(std::allocator<char>)
 .gnu.linkonce.t._ZNSt11_String_valIcSaIcEED2Ev
                0x9d000a94       0x24 build/default/production/SPIDevice.o
                0x9d000a94                std::_String_val<char, std::allocator<char> >::~_String_val()
 .gnu.linkonce.t._ZNSs5_TidyEbm
                0x9d000ab8       0xd4 build/default/production/SPIDevice.o
                0x9d000ab8                std::string::_Tidy(bool, unsigned long)
 .gnu.linkonce.t._ZNSs6assignERKSsmm
                0x9d000b8c      0x160 build/default/production/SPIDevice.o
                0x9d000b8c                std::string::assign(std::string const&, unsigned long, unsigned long)
 .gnu.linkonce.t._ZNSaIcEC1Ev
                0x9d000cec       0x38 build/default/production/SPIDevice.o
                0x9d000cec                std::allocator<char>::allocator()
 .gnu.linkonce.t._ZNKSs6_MyptrEv
                0x9d000d24       0x4c build/default/production/SPIDevice.o
                0x9d000d24                std::string::_Myptr() const
 .gnu.linkonce.t._ZNKSs4sizeEv
                0x9d000d70       0x2c build/default/production/SPIDevice.o
                0x9d000d70                std::string::size() const
 .gnu.linkonce.t._ZNSs6assignERKSs
                0x9d000d9c       0x48 build/default/production/SPIDevice.o
                0x9d000d9c                std::string::assign(std::string const&)
 .gnu.linkonce.t._ZNSaIcE10deallocateEPcm
                0x9d000de4       0x40 build/default/production/SPIDevice.o
                0x9d000de4                std::allocator<char>::deallocate(char*, unsigned long)
 .gnu.linkonce.t._ZNSs4_EosEm
                0x9d000e24       0x70 build/default/production/SPIDevice.o
                0x9d000e24                std::string::_Eos(unsigned long)
 .gnu.linkonce.t._ZNKSs5_XranEv
                0x9d000e94       0x3c build/default/production/SPIDevice.o
                0x9d000e94                std::string::_Xran() const
 .gnu.linkonce.t._ZNSs5eraseEmm
                0x9d000ed0      0x12c build/default/production/SPIDevice.o
                0x9d000ed0                std::string::erase(unsigned long, unsigned long)
 .gnu.linkonce.t._ZNSs5_GrowEmb
                0x9d000ffc      0x130 build/default/production/SPIDevice.o
                0x9d000ffc                std::string::_Grow(unsigned long, bool)
 .gnu.linkonce.t._ZNSs6_MyptrEv
                0x9d00112c       0x4c build/default/production/SPIDevice.o
                0x9d00112c                std::string::_Myptr()
 .gnu.linkonce.t._ZNKSs8max_sizeEv
                0x9d001178       0x68 build/default/production/SPIDevice.o
                0x9d001178                std::string::max_size() const
 .gnu.linkonce.t._ZNKSs5_XlenEv
                0x9d0011e0       0x3c build/default/production/SPIDevice.o
                0x9d0011e0                std::string::_Xlen() const
 .gnu.linkonce.t._ZNSs5_CopyEmm
                0x9d00121c      0x1a8 build/default/production/SPIDevice.o
                0x9d00121c                std::string::_Copy(unsigned long, unsigned long)
 .gnu.linkonce.t._ZNKSaIcE8max_sizeEv
                0x9d0013c4       0x48 build/default/production/SPIDevice.o
                0x9d0013c4                std::allocator<char>::max_size() const
 .gnu.linkonce.t._ZNSaIcE8allocateEm
                0x9d00140c       0x40 build/default/production/SPIDevice.o
                0x9d00140c                std::allocator<char>::allocate(unsigned long)
 .gnu.linkonce.t._ZSt9_AllocateIcEPT_mS1_
                0x9d00144c      0x190 build/default/production/SPIDevice.o
                0x9d00144c                char* std::_Allocate<char>(unsigned long, char*)
 .gnu.linkonce.t.log
                0x9d0015dc       0x3c build/default/production/Altimeter.o
                0x9d0015dc                log
 .gnu.linkonce.t._Z3logIjEN14_Combined_typeIN8_Rc_typeIT_E5_TypeEN10_Real_typeIS2_E5_TypeEE5_TypeES2_
                0x9d001618       0x50 build/default/production/Altimeter.o
                0x9d001618                _Combined_type<_Rc_type<unsigned int>::_Type, _Real_type<unsigned int>::_Type>::_Type log<unsigned int>(unsigned int)
 .gnu.linkonce.t._Z11_Rc_convertIjdffET0_RKT_PS0_PT1_PT2_
                0x9d001668       0x4c build/default/production/Altimeter.o
                0x9d001668                double _Rc_convert<unsigned int, double, float, float>(unsigned int const&, double*, float*, float*)
 .gnu.linkonce.t._ZNSt11char_traitsIcE7compareEPKcS2_m
                0x9d0016b4       0x48 build/default/production/System.o
                0x9d0016b4                std::char_traits<char>::compare(char const*, char const*, unsigned long)
 .gnu.linkonce.t._ZNSt11char_traitsIcE6lengthEPKc
                0x9d0016fc       0x38 build/default/production/System.o
                0x9d0016fc                std::char_traits<char>::length(char const*)
 .gnu.linkonce.t._ZNSt11char_traitsIcE2eqERKcS2_
                0x9d001734       0x44 build/default/production/System.o
                0x9d001734                std::char_traits<char>::eq(char const&, char const&)
 .gnu.linkonce.t._ZNSt9exceptionC2ERKS_
                0x9d001778       0x38 build/default/production/System.o
                0x9d001778                std::exception::exception(std::exception const&)
 .gnu.linkonce.t._ZNSt9bad_allocC1ERKS_
                0x9d0017b0       0x58 build/default/production/System.o
                0x9d0017b0                std::bad_alloc::bad_alloc(std::bad_alloc const&)
 .gnu.linkonce.t._ZNSsC1EPKc
                0x9d001808      0x158 build/default/production/System.o
                0x9d001808                std::basic_string<char, std::char_traits<char>, std::allocator<char> >::basic_string(char const*)
 .gnu.linkonce.t._ZNKSs5c_strEv
                0x9d001960       0x38 build/default/production/System.o
                0x9d001960                std::string::c_str() const
 .gnu.linkonce.t._ZN3MapISsN3HAL8RegisterEEC1Ev
                0x9d001998       0x2c build/default/production/System.o
                0x9d001998                Map<std::string, HAL::Register>::Map()
 .gnu.linkonce.t._ZN3MapISsN3HAL8RegisterEED1Ev
                0x9d0019c4       0xbc build/default/production/System.o
                0x9d0019c4                Map<std::string, HAL::Register>::~Map()
 .gnu.linkonce.t._ZNKSs5rfindEPKcm
                0x9d001a80       0x58 build/default/production/System.o
                0x9d001a80                std::string::rfind(char const*, unsigned long) const
 .gnu.linkonce.t._ZNKSs6lengthEv
                0x9d001ad8       0x2c build/default/production/System.o
                0x9d001ad8                std::string::length() const
 .gnu.linkonce.t._ZNSs6assignEPKc
                0x9d001b04       0x50 build/default/production/System.o
                0x9d001b04                std::string::assign(char const*)
 .gnu.linkonce.t._ZN3MapISsN3HAL8RegisterEE10DestructorEPNS2_4NodeE
                0x9d001b54       0x90 build/default/production/System.o
                0x9d001b54                Map<std::string, HAL::Register>::Destructor(Map<std::string, HAL::Register>::Node*)
 .gnu.linkonce.t._ZN3MapISsN3HAL8RegisterEE4NodeD1Ev
                0x9d001be4       0x50 build/default/production/System.o
                0x9d001be4                Map<std::string, HAL::Register>::Node::~Node()
 .gnu.linkonce.t._ZNKSs5rfindEPKcmm
                0x9d001c34      0x180 build/default/production/System.o
                0x9d001c34                std::string::rfind(char const*, unsigned long, unsigned long) const
 .gnu.linkonce.t._ZNSs6assignEPKcm
                0x9d001db4       0xd8 build/default/production/System.o
                0x9d001db4                std::string::assign(char const*, unsigned long)
 .gnu.linkonce.t._ZNSs7_InsideEPKc
                0x9d001e8c       0xb0 build/default/production/System.o
                0x9d001e8c                std::string::_Inside(char const*)
 .gnu.linkonce.t._ZNSt11logic_errorD1Ev
                0x9d001f3c       0x58 c:/program files (x86)/microchip/xc32/v1.40/bin/bin/../../lib/gcc/pic32mx/4.8.3/../../../../pic32mx/lib\libxcpp.a(xthrow.o)
                0x9d001f3c                std::logic_error::~logic_error()
 .gnu.linkonce.t._ZNSt11logic_errorD0Ev
                0x9d001f94       0x60 c:/program files (x86)/microchip/xc32/v1.40/bin/bin/../../lib/gcc/pic32mx/4.8.3/../../../../pic32mx/lib\libxcpp.a(xthrow.o)
                0x9d001f94                std::logic_error::~logic_error()
 .gnu.linkonce.t._ZNKSt11logic_error4whatEv
                0x9d001ff4       0x20 c:/program files (x86)/microchip/xc32/v1.40/bin/bin/../../lib/gcc/pic32mx/4.8.3/../../../../pic32mx/lib\libxcpp.a(xthrow.o)
                0x9d001ff4                std::logic_error::what() const
 .gnu.linkonce.t._ZNKSt11logic_error8_DoraiseEv
                0x9d002014       0x1c c:/program files (x86)/microchip/xc32/v1.40/bin/bin/../../lib/gcc/pic32mx/4.8.3/../../../../pic32mx/lib\libxcpp.a(xthrow.o)
                0x9d002014                std::logic_error::_Doraise() const
 .gnu.linkonce.t._ZNKSt16invalid_argument8_DoraiseEv
                0x9d002030       0x1c c:/program files (x86)/microchip/xc32/v1.40/bin/bin/../../lib/gcc/pic32mx/4.8.3/../../../../pic32mx/lib\libxcpp.a(xthrow.o)
                0x9d002030                std::invalid_argument::_Doraise() const
 .gnu.linkonce.t._ZNKSt12length_error8_DoraiseEv
                0x9d00204c       0x1c c:/program files (x86)/microchip/xc32/v1.40/bin/bin/../../lib/gcc/pic32mx/4.8.3/../../../../pic32mx/lib\libxcpp.a(xthrow.o)
                0x9d00204c                std::length_error::_Doraise() const
 .gnu.linkonce.t._ZNKSt12out_of_range8_DoraiseEv
                0x9d002068       0x1c c:/program files (x86)/microchip/xc32/v1.40/bin/bin/../../lib/gcc/pic32mx/4.8.3/../../../../pic32mx/lib\libxcpp.a(xthrow.o)
                0x9d002068                std::out_of_range::_Doraise() const
 .gnu.linkonce.t._ZNSt13runtime_errorD1Ev
                0x9d002084       0x58 c:/program files (x86)/microchip/xc32/v1.40/bin/bin/../../lib/gcc/pic32mx/4.8.3/../../../../pic32mx/lib\libxcpp.a(xthrow.o)
                0x9d002084                std::runtime_error::~runtime_error()
 .gnu.linkonce.t._ZNSt13runtime_errorD0Ev
                0x9d0020dc       0x60 c:/program files (x86)/microchip/xc32/v1.40/bin/bin/../../lib/gcc/pic32mx/4.8.3/../../../../pic32mx/lib\libxcpp.a(xthrow.o)
                0x9d0020dc                std::runtime_error::~runtime_error()
 .gnu.linkonce.t._ZNKSt13runtime_error4whatEv
                0x9d00213c       0x20 c:/program files (x86)/microchip/xc32/v1.40/bin/bin/../../lib/gcc/pic32mx/4.8.3/../../../../pic32mx/lib\libxcpp.a(xthrow.o)
                0x9d00213c                std::runtime_error::what() const
 .gnu.linkonce.t._ZNKSt13runtime_error8_DoraiseEv
                0x9d00215c       0x1c c:/program files (x86)/microchip/xc32/v1.40/bin/bin/../../lib/gcc/pic32mx/4.8.3/../../../../pic32mx/lib\libxcpp.a(xthrow.o)
                0x9d00215c                std::runtime_error::_Doraise() const
 .gnu.linkonce.t._ZNKSt14overflow_error8_DoraiseEv
                0x9d002178       0x1c c:/program files (x86)/microchip/xc32/v1.40/bin/bin/../../lib/gcc/pic32mx/4.8.3/../../../../pic32mx/lib\libxcpp.a(xthrow.o)
                0x9d002178                std::overflow_error::_Doraise() const
 .gnu.linkonce.t._ZNSt14overflow_errorD1Ev
                0x9d002194       0x58 c:/program files (x86)/microchip/xc32/v1.40/bin/bin/../../lib/gcc/pic32mx/4.8.3/../../../../pic32mx/lib\libxcpp.a(xthrow.o)
                0x9d002194                std::overflow_error::~overflow_error()
 .gnu.linkonce.t._ZNSt14overflow_errorD0Ev
                0x9d0021ec       0x60 c:/program files (x86)/microchip/xc32/v1.40/bin/bin/../../lib/gcc/pic32mx/4.8.3/../../../../pic32mx/lib\libxcpp.a(xthrow.o)
                0x9d0021ec                std::overflow_error::~overflow_error()
 .gnu.linkonce.t._ZNSt12out_of_rangeD1Ev
                0x9d00224c       0x58 c:/program files (x86)/microchip/xc32/v1.40/bin/bin/../../lib/gcc/pic32mx/4.8.3/../../../../pic32mx/lib\libxcpp.a(xthrow.o)
                0x9d00224c                std::out_of_range::~out_of_range()
 .gnu.linkonce.t._ZNSt12out_of_rangeD0Ev
                0x9d0022a4       0x60 c:/program files (x86)/microchip/xc32/v1.40/bin/bin/../../lib/gcc/pic32mx/4.8.3/../../../../pic32mx/lib\libxcpp.a(xthrow.o)
                0x9d0022a4                std::out_of_range::~out_of_range()
 .gnu.linkonce.t._ZNSt12length_errorD1Ev
                0x9d002304       0x58 c:/program files (x86)/microchip/xc32/v1.40/bin/bin/../../lib/gcc/pic32mx/4.8.3/../../../../pic32mx/lib\libxcpp.a(xthrow.o)
                0x9d002304                std::length_error::~length_error()
 .gnu.linkonce.t._ZNSt12length_errorD0Ev
                0x9d00235c       0x60 c:/program files (x86)/microchip/xc32/v1.40/bin/bin/../../lib/gcc/pic32mx/4.8.3/../../../../pic32mx/lib\libxcpp.a(xthrow.o)
                0x9d00235c                std::length_error::~length_error()
 .gnu.linkonce.t._ZNSt16invalid_argumentD1Ev
                0x9d0023bc       0x58 c:/program files (x86)/microchip/xc32/v1.40/bin/bin/../../lib/gcc/pic32mx/4.8.3/../../../../pic32mx/lib\libxcpp.a(xthrow.o)
                0x9d0023bc                std::invalid_argument::~invalid_argument()
 .gnu.linkonce.t._ZNSt16invalid_argumentD0Ev
                0x9d002414       0x60 c:/program files (x86)/microchip/xc32/v1.40/bin/bin/../../lib/gcc/pic32mx/4.8.3/../../../../pic32mx/lib\libxcpp.a(xthrow.o)
                0x9d002414                std::invalid_argument::~invalid_argument()
 *(.text.*personality*)
 .text.__gxx_personality_sj0
                0x9d002474      0x538 c:/program files (x86)/microchip/xc32/v1.40/bin/bin/../../lib/gcc/pic32mx/4.8.3/../../../../pic32mx/lib\libsupc++.a(eh_personality.o)
                0x9d002474                __gxx_personality_sj0
 *(.mips16.fn.*)
 *(.mips16.call.*)
 *(.gnu.warning)
                0x9d0029ac                . = ALIGN (0x4)

.init           0x9d0029ac       0x24
 *crti.o(.init)
 .init          0x9d0029ac        0x8 c:/program files (x86)/microchip/xc32/v1.40/bin/bin/../../lib/gcc/pic32mx/4.8.3/crti.o
                0x9d0029ac                _init
 *crtbegin.o(.init)
 .init          0x9d0029b4        0x8 c:/program files (x86)/microchip/xc32/v1.40/bin/bin/../../lib/gcc/pic32mx/4.8.3/crtbegin.o
 *(EXCLUDE_FILE(*crtn.o *crtend?.o *crtend.o) .init)
 *crtend.o(.init)
 .init          0x9d0029bc        0x8 c:/program files (x86)/microchip/xc32/v1.40/bin/bin/../../lib/gcc/pic32mx/4.8.3/crtend.o
 *crtn.o(.init)
 .init          0x9d0029c4        0xc c:/program files (x86)/microchip/xc32/v1.40/bin/bin/../../lib/gcc/pic32mx/4.8.3/crtn.o
                0x9d0029d0                . = ALIGN (0x4)

.fini           0x9d0029d0       0x1c
 *(.fini)
 .fini          0x9d0029d0        0x8 c:/program files (x86)/microchip/xc32/v1.40/bin/bin/../../lib/gcc/pic32mx/4.8.3/crti.o
                0x9d0029d0                _fini
 .fini          0x9d0029d8        0x8 c:/program files (x86)/microchip/xc32/v1.40/bin/bin/../../lib/gcc/pic32mx/4.8.3/crtbegin.o
 .fini          0x9d0029e0        0xc c:/program files (x86)/microchip/xc32/v1.40/bin/bin/../../lib/gcc/pic32mx/4.8.3/crtn.o
                0x9d0029ec                . = ALIGN (0x4)

.preinit_array  0x9d0029ec        0x0
                0x9d0029ec                PROVIDE (__preinit_array_start, .)
 *(.preinit_array)
                0x9d0029ec                PROVIDE (__preinit_array_end, .)
                0x9d0029ec                . = ALIGN (0x4)

.init_array     0x9d0029ec        0x0
                0x9d0029ec                PROVIDE (__init_array_start, .)
 *(SORT(.init_array.*))
 *(.init_array)
                0x9d0029ec                PROVIDE (__init_array_end, .)
                0x9d0029ec                . = ALIGN (0x4)

.fini_array     0x9d0029ec        0x0
                0x9d0029ec                PROVIDE (__fini_array_start, .)
 *(SORT(.fini_array.*))
 *(.fini_array)
                0x9d0029ec                PROVIDE (__fini_array_end, .)
                0x9d0029ec                . = ALIGN (0x4)

.ctors          0x9d0029ec        0x8
 *crtbegin.o(.ctors)
 .ctors         0x9d0029ec        0x4 c:/program files (x86)/microchip/xc32/v1.40/bin/bin/../../lib/gcc/pic32mx/4.8.3/crtbegin.o
 *crtbegin?.o(.ctors)
 *(EXCLUDE_FILE(*crtend?.o *crtend.o) .ctors)
 *(SORT(.ctors.*))
 *(.ctors)
 .ctors         0x9d0029f0        0x4 c:/program files (x86)/microchip/xc32/v1.40/bin/bin/../../lib/gcc/pic32mx/4.8.3/crtend.o
                0x9d0029f4                . = ALIGN (0x4)

.dtors          0x9d0029f4        0x8
 *crtbegin.o(.dtors)
 .dtors         0x9d0029f4        0x4 c:/program files (x86)/microchip/xc32/v1.40/bin/bin/../../lib/gcc/pic32mx/4.8.3/crtbegin.o
 *crtbegin?.o(.dtors)
 *(EXCLUDE_FILE(*crtend?.o *crtend.o) .dtors)
 *(SORT(.dtors.*))
 *(.dtors)
 .dtors         0x9d0029f8        0x4 c:/program files (x86)/microchip/xc32/v1.40/bin/bin/../../lib/gcc/pic32mx/4.8.3/crtend.o
                0x9d0029f8                __DTOR_END__
                0x9d0029fc                . = ALIGN (0x4)

.rodata         0x9d0029fc      0x494
 *(.gnu.linkonce.r.*)
 .gnu.linkonce.r._ZTVN3HAL8RegisterE
                0x9d0029fc       0x18 build/default/production/Register.o
                0x9d0029fc                vtable for HAL::Register
 .gnu.linkonce.r._ZTVSt14error_category
                0x9d002a14       0x24 build/default/production/Register.o
                0x9d002a14                vtable for std::error_category
 .gnu.linkonce.r._ZTIN3HAL8RegisterE
                0x9d002a38        0xc build/default/production/Register.o
                0x9d002a38                typeinfo for HAL::Register
 .gnu.linkonce.r._ZTSN3HAL8RegisterE
                0x9d002a44       0x10 build/default/production/Register.o
                0x9d002a44                typeinfo name for HAL::Register
 .gnu.linkonce.r._ZTS6Object
                0x9d002a54        0x8 build/default/production/Register.o
                0x9d002a54                typeinfo name for Object
 .gnu.linkonce.r._ZTI6Object
                0x9d002a5c        0x8 build/default/production/Register.o
                0x9d002a5c                typeinfo for Object
 .gnu.linkonce.r._ZTISt14error_category
                0x9d002a64        0x8 build/default/production/Register.o
                0x9d002a64                typeinfo for std::error_category
 .gnu.linkonce.r._ZTSSt14error_category
                0x9d002a6c       0x14 build/default/production/Register.o
                0x9d002a6c                typeinfo name for std::error_category
 .gnu.linkonce.r._ZTVN3HAL9SPIDeviceE
                0x9d002a80       0x18 build/default/production/SPIDevice.o
                0x9d002a80                vtable for HAL::SPIDevice
 .gnu.linkonce.r._ZTVSt9bad_alloc
                0x9d002a98       0x18 build/default/production/SPIDevice.o
                0x9d002a98                vtable for std::bad_alloc
 .gnu.linkonce.r._ZTSN3HAL9SPIDeviceE
                0x9d002ab0       0x14 build/default/production/SPIDevice.o
                0x9d002ab0                typeinfo name for HAL::SPIDevice
 .gnu.linkonce.r._ZTIN3HAL9SPIDeviceE
                0x9d002ac4        0xc build/default/production/SPIDevice.o
                0x9d002ac4                typeinfo for HAL::SPIDevice
 .gnu.linkonce.r._ZTSSt9bad_alloc
                0x9d002ad0       0x10 build/default/production/SPIDevice.o
                0x9d002ad0                typeinfo name for std::bad_alloc
 .gnu.linkonce.r._ZTISt9bad_alloc
                0x9d002ae0        0xc build/default/production/SPIDevice.o
                0x9d002ae0                typeinfo for std::bad_alloc
 .gnu.linkonce.r._ZTVN3HAL6SPIBusE
                0x9d002aec       0x18 build/default/production/SPIBus.o
                0x9d002aec                vtable for HAL::SPIBus
 .gnu.linkonce.r._ZTIN3HAL6SPIBusE
                0x9d002b04        0xc build/default/production/SPIBus.o
                0x9d002b04                typeinfo for HAL::SPIBus
 .gnu.linkonce.r._ZTSN3HAL6SPIBusE
                0x9d002b10       0x10 build/default/production/SPIBus.o
                0x9d002b10                typeinfo name for HAL::SPIBus
 .gnu.linkonce.r._ZTVN3HAL9AltimeterE
                0x9d002b20       0x18 build/default/production/Altimeter.o
                0x9d002b20                vtable for HAL::Altimeter
 .gnu.linkonce.r._ZTIN3HAL9AltimeterE
                0x9d002b38        0xc build/default/production/Altimeter.o
                0x9d002b38                typeinfo for HAL::Altimeter
 .gnu.linkonce.r._ZTSN3HAL9AltimeterE
                0x9d002b44       0x14 build/default/production/Altimeter.o
                0x9d002b44                typeinfo name for HAL::Altimeter
 .gnu.linkonce.r._ZTV6Object
                0x9d002b58       0x18 build/default/production/Object.o
                0x9d002b58                vtable for Object
 .gnu.linkonce.r._ZTVN10__cxxabiv117__class_type_infoE._ZTVN10__cxxabiv117__class_type_infoE
                0x9d002b70       0x2c c:/program files (x86)/microchip/xc32/v1.40/bin/bin/../../lib/gcc/pic32mx/4.8.3/../../../../pic32mx/lib\libsupc++.a(class_type_info.o)
                0x9d002b70                vtable for __cxxabiv1::__class_type_info
 .gnu.linkonce.r._ZTIN10__cxxabiv117__class_type_infoE._ZTIN10__cxxabiv117__class_type_infoE
                0x9d002b9c        0xc c:/program files (x86)/microchip/xc32/v1.40/bin/bin/../../lib/gcc/pic32mx/4.8.3/../../../../pic32mx/lib\libsupc++.a(class_type_info.o)
                0x9d002b9c                typeinfo for __cxxabiv1::__class_type_info
 .gnu.linkonce.r._ZTSN10__cxxabiv117__class_type_infoE._ZTSN10__cxxabiv117__class_type_infoE
                0x9d002ba8       0x24 c:/program files (x86)/microchip/xc32/v1.40/bin/bin/../../lib/gcc/pic32mx/4.8.3/../../../../pic32mx/lib\libsupc++.a(class_type_info.o)
                0x9d002ba8                typeinfo name for __cxxabiv1::__class_type_info
 .gnu.linkonce.r._ZTVN10__cxxabiv119__foreign_exceptionE._ZTVN10__cxxabiv119__foreign_exceptionE
                0x9d002bcc       0x14 c:/program files (x86)/microchip/xc32/v1.40/bin/bin/../../lib/gcc/pic32mx/4.8.3/../../../../pic32mx/lib\libsupc++.a(eh_exception.o)
                0x9d002bcc                vtable for __cxxabiv1::__foreign_exception
 .gnu.linkonce.r._ZTVN10__cxxabiv115__forced_unwindE._ZTVN10__cxxabiv115__forced_unwindE
                0x9d002be0       0x14 c:/program files (x86)/microchip/xc32/v1.40/bin/bin/../../lib/gcc/pic32mx/4.8.3/../../../../pic32mx/lib\libsupc++.a(eh_exception.o)
                0x9d002be0                vtable for __cxxabiv1::__forced_unwind
 .gnu.linkonce.r._ZTVSt13bad_exception._ZTVSt13bad_exception
                0x9d002bf4       0x14 c:/program files (x86)/microchip/xc32/v1.40/bin/bin/../../lib/gcc/pic32mx/4.8.3/../../../../pic32mx/lib\libsupc++.a(eh_exception.o)
                0x9d002bf4                vtable for std::bad_exception
 .gnu.linkonce.r._ZTVSt9exception._ZTVSt9exception
                0x9d002c08       0x14 c:/program files (x86)/microchip/xc32/v1.40/bin/bin/../../lib/gcc/pic32mx/4.8.3/../../../../pic32mx/lib\libsupc++.a(eh_exception.o)
                0x9d002c08                vtable for std::exception
 .gnu.linkonce.r._ZTIN10__cxxabiv119__foreign_exceptionE._ZTIN10__cxxabiv119__foreign_exceptionE
                0x9d002c1c        0x8 c:/program files (x86)/microchip/xc32/v1.40/bin/bin/../../lib/gcc/pic32mx/4.8.3/../../../../pic32mx/lib\libsupc++.a(eh_exception.o)
                0x9d002c1c                typeinfo for __cxxabiv1::__foreign_exception
 .gnu.linkonce.r._ZTSN10__cxxabiv119__foreign_exceptionE._ZTSN10__cxxabiv119__foreign_exceptionE
                0x9d002c24       0x24 c:/program files (x86)/microchip/xc32/v1.40/bin/bin/../../lib/gcc/pic32mx/4.8.3/../../../../pic32mx/lib\libsupc++.a(eh_exception.o)
                0x9d002c24                typeinfo name for __cxxabiv1::__foreign_exception
 .gnu.linkonce.r._ZTIN10__cxxabiv115__forced_unwindE._ZTIN10__cxxabiv115__forced_unwindE
                0x9d002c48        0x8 c:/program files (x86)/microchip/xc32/v1.40/bin/bin/../../lib/gcc/pic32mx/4.8.3/../../../../pic32mx/lib\libsupc++.a(eh_exception.o)
                0x9d002c48                typeinfo for __cxxabiv1::__forced_unwind
 .gnu.linkonce.r._ZTSN10__cxxabiv115__forced_unwindE._ZTSN10__cxxabiv115__forced_unwindE
                0x9d002c50       0x20 c:/program files (x86)/microchip/xc32/v1.40/bin/bin/../../lib/gcc/pic32mx/4.8.3/../../../../pic32mx/lib\libsupc++.a(eh_exception.o)
                0x9d002c50                typeinfo name for __cxxabiv1::__forced_unwind
 .gnu.linkonce.r._ZTISt13bad_exception._ZTISt13bad_exception
                0x9d002c70        0xc c:/program files (x86)/microchip/xc32/v1.40/bin/bin/../../lib/gcc/pic32mx/4.8.3/../../../../pic32mx/lib\libsupc++.a(eh_exception.o)
                0x9d002c70                typeinfo for std::bad_exception
 .gnu.linkonce.r._ZTSSt13bad_exception._ZTSSt13bad_exception
                0x9d002c7c       0x14 c:/program files (x86)/microchip/xc32/v1.40/bin/bin/../../lib/gcc/pic32mx/4.8.3/../../../../pic32mx/lib\libsupc++.a(eh_exception.o)
                0x9d002c7c                typeinfo name for std::bad_exception
 .gnu.linkonce.r._ZTISt9exception._ZTISt9exception
                0x9d002c90        0x8 c:/program files (x86)/microchip/xc32/v1.40/bin/bin/../../lib/gcc/pic32mx/4.8.3/../../../../pic32mx/lib\libsupc++.a(eh_exception.o)
                0x9d002c90                typeinfo for std::exception
 .gnu.linkonce.r._ZTSSt9exception._ZTSSt9exception
                0x9d002c98       0x10 c:/program files (x86)/microchip/xc32/v1.40/bin/bin/../../lib/gcc/pic32mx/4.8.3/../../../../pic32mx/lib\libsupc++.a(eh_exception.o)
                0x9d002c98                typeinfo name for std::exception
 .gnu.linkonce.r._ZTVN10__cxxabiv120__si_class_type_infoE._ZTVN10__cxxabiv120__si_class_type_infoE
                0x9d002ca8       0x2c c:/program files (x86)/microchip/xc32/v1.40/bin/bin/../../lib/gcc/pic32mx/4.8.3/../../../../pic32mx/lib\libsupc++.a(si_class_type_info.o)
                0x9d002ca8                vtable for __cxxabiv1::__si_class_type_info
 .gnu.linkonce.r._ZTIN10__cxxabiv120__si_class_type_infoE._ZTIN10__cxxabiv120__si_class_type_infoE
                0x9d002cd4        0xc c:/program files (x86)/microchip/xc32/v1.40/bin/bin/../../lib/gcc/pic32mx/4.8.3/../../../../pic32mx/lib\libsupc++.a(si_class_type_info.o)
                0x9d002cd4                typeinfo for __cxxabiv1::__si_class_type_info
 .gnu.linkonce.r._ZTSN10__cxxabiv120__si_class_type_infoE._ZTSN10__cxxabiv120__si_class_type_infoE
                0x9d002ce0       0x28 c:/program files (x86)/microchip/xc32/v1.40/bin/bin/../../lib/gcc/pic32mx/4.8.3/../../../../pic32mx/lib\libsupc++.a(si_class_type_info.o)
                0x9d002ce0                typeinfo name for __cxxabiv1::__si_class_type_info
 .gnu.linkonce.r._ZTVSt9type_info._ZTVSt9type_info
                0x9d002d08       0x20 c:/program files (x86)/microchip/xc32/v1.40/bin/bin/../../lib/gcc/pic32mx/4.8.3/../../../../pic32mx/lib\libsupc++.a(tinfo.o)
                0x9d002d08                vtable for std::type_info
 .gnu.linkonce.r._ZTISt9type_info._ZTISt9type_info
                0x9d002d28        0x8 c:/program files (x86)/microchip/xc32/v1.40/bin/bin/../../lib/gcc/pic32mx/4.8.3/../../../../pic32mx/lib\libsupc++.a(tinfo.o)
                0x9d002d28                typeinfo for std::type_info
 .gnu.linkonce.r._ZTSSt9type_info._ZTSSt9type_info
                0x9d002d30       0x10 c:/program files (x86)/microchip/xc32/v1.40/bin/bin/../../lib/gcc/pic32mx/4.8.3/../../../../pic32mx/lib\libsupc++.a(tinfo.o)
                0x9d002d30                typeinfo name for std::type_info
 .gnu.linkonce.r._ZTVSt14overflow_error
                0x9d002d40       0x18 c:/program files (x86)/microchip/xc32/v1.40/bin/bin/../../lib/gcc/pic32mx/4.8.3/../../../../pic32mx/lib\libxcpp.a(xthrow.o)
                0x9d002d40                vtable for std::overflow_error
 .gnu.linkonce.r._ZTVSt13runtime_error
                0x9d002d58       0x18 c:/program files (x86)/microchip/xc32/v1.40/bin/bin/../../lib/gcc/pic32mx/4.8.3/../../../../pic32mx/lib\libxcpp.a(xthrow.o)
                0x9d002d58                vtable for std::runtime_error
 .gnu.linkonce.r._ZTVSt12out_of_range
                0x9d002d70       0x18 c:/program files (x86)/microchip/xc32/v1.40/bin/bin/../../lib/gcc/pic32mx/4.8.3/../../../../pic32mx/lib\libxcpp.a(xthrow.o)
                0x9d002d70                vtable for std::out_of_range
 .gnu.linkonce.r._ZTVSt12length_error
                0x9d002d88       0x18 c:/program files (x86)/microchip/xc32/v1.40/bin/bin/../../lib/gcc/pic32mx/4.8.3/../../../../pic32mx/lib\libxcpp.a(xthrow.o)
                0x9d002d88                vtable for std::length_error
 .gnu.linkonce.r._ZTVSt16invalid_argument
                0x9d002da0       0x18 c:/program files (x86)/microchip/xc32/v1.40/bin/bin/../../lib/gcc/pic32mx/4.8.3/../../../../pic32mx/lib\libxcpp.a(xthrow.o)
                0x9d002da0                vtable for std::invalid_argument
 .gnu.linkonce.r._ZTVSt11logic_error
                0x9d002db8       0x18 c:/program files (x86)/microchip/xc32/v1.40/bin/bin/../../lib/gcc/pic32mx/4.8.3/../../../../pic32mx/lib\libxcpp.a(xthrow.o)
                0x9d002db8                vtable for std::logic_error
 .gnu.linkonce.r._ZTSSt14overflow_error
                0x9d002dd0       0x14 c:/program files (x86)/microchip/xc32/v1.40/bin/bin/../../lib/gcc/pic32mx/4.8.3/../../../../pic32mx/lib\libxcpp.a(xthrow.o)
                0x9d002dd0                typeinfo name for std::overflow_error
 .gnu.linkonce.r._ZTISt14overflow_error
                0x9d002de4        0xc c:/program files (x86)/microchip/xc32/v1.40/bin/bin/../../lib/gcc/pic32mx/4.8.3/../../../../pic32mx/lib\libxcpp.a(xthrow.o)
                0x9d002de4                typeinfo for std::overflow_error
 .gnu.linkonce.r._ZTSSt13runtime_error
                0x9d002df0       0x14 c:/program files (x86)/microchip/xc32/v1.40/bin/bin/../../lib/gcc/pic32mx/4.8.3/../../../../pic32mx/lib\libxcpp.a(xthrow.o)
                0x9d002df0                typeinfo name for std::runtime_error
 .gnu.linkonce.r._ZTISt13runtime_error
                0x9d002e04        0xc c:/program files (x86)/microchip/xc32/v1.40/bin/bin/../../lib/gcc/pic32mx/4.8.3/../../../../pic32mx/lib\libxcpp.a(xthrow.o)
                0x9d002e04                typeinfo for std::runtime_error
 .gnu.linkonce.r._ZTSSt12out_of_range
                0x9d002e10       0x14 c:/program files (x86)/microchip/xc32/v1.40/bin/bin/../../lib/gcc/pic32mx/4.8.3/../../../../pic32mx/lib\libxcpp.a(xthrow.o)
                0x9d002e10                typeinfo name for std::out_of_range
 .gnu.linkonce.r._ZTISt12out_of_range
                0x9d002e24        0xc c:/program files (x86)/microchip/xc32/v1.40/bin/bin/../../lib/gcc/pic32mx/4.8.3/../../../../pic32mx/lib\libxcpp.a(xthrow.o)
                0x9d002e24                typeinfo for std::out_of_range
 .gnu.linkonce.r._ZTSSt12length_error
                0x9d002e30       0x14 c:/program files (x86)/microchip/xc32/v1.40/bin/bin/../../lib/gcc/pic32mx/4.8.3/../../../../pic32mx/lib\libxcpp.a(xthrow.o)
                0x9d002e30                typeinfo name for std::length_error
 .gnu.linkonce.r._ZTISt12length_error
                0x9d002e44        0xc c:/program files (x86)/microchip/xc32/v1.40/bin/bin/../../lib/gcc/pic32mx/4.8.3/../../../../pic32mx/lib\libxcpp.a(xthrow.o)
                0x9d002e44                typeinfo for std::length_error
 .gnu.linkonce.r._ZTSSt16invalid_argument
                0x9d002e50       0x18 c:/program files (x86)/microchip/xc32/v1.40/bin/bin/../../lib/gcc/pic32mx/4.8.3/../../../../pic32mx/lib\libxcpp.a(xthrow.o)
                0x9d002e50                typeinfo name for std::invalid_argument
 .gnu.linkonce.r._ZTISt16invalid_argument
                0x9d002e68        0xc c:/program files (x86)/microchip/xc32/v1.40/bin/bin/../../lib/gcc/pic32mx/4.8.3/../../../../pic32mx/lib\libxcpp.a(xthrow.o)
                0x9d002e68                typeinfo for std::invalid_argument
 .gnu.linkonce.r._ZTSSt11logic_error
                0x9d002e74       0x10 c:/program files (x86)/microchip/xc32/v1.40/bin/bin/../../lib/gcc/pic32mx/4.8.3/../../../../pic32mx/lib\libxcpp.a(xthrow.o)
                0x9d002e74                typeinfo name for std::logic_error
 .gnu.linkonce.r._ZTISt11logic_error
                0x9d002e84        0xc c:/program files (x86)/microchip/xc32/v1.40/bin/bin/../../lib/gcc/pic32mx/4.8.3/../../../../pic32mx/lib\libxcpp.a(xthrow.o)
                0x9d002e84                typeinfo for std::logic_error
 *(.rodata1)
                0x9d002e90                . = ALIGN (0x4)

.sdata2         0x9d002e90        0x0
 *(.sdata2 .sdata2.* .gnu.linkonce.s2.*)
                0x9d002e90                . = ALIGN (0x4)

.sbss2          0x9d002e90        0x0
 *(.sbss2 .sbss2.* .gnu.linkonce.sb2.*)
                0x9d002e90                . = ALIGN (0x4)

.eh_frame_hdr
 *(.eh_frame_hdr)
                0x9d002e90                . = ALIGN (0x4)

.eh_frame
 *(.eh_frame)
                0x9d002e90                . = ALIGN (0x4)

.gcc_except_table
 *(.gcc_except_table .gcc_except_table.*)
                0x9d002e90                . = ALIGN (0x4)

.dbg_data       0xa0000000        0x0
                0xa0000000                . = (. + DEFINED (_DEBUGGER)?0x200:0x0)

.jcr            0xa0000000        0x4
 *(.jcr)
 .jcr           0xa0000000        0x0 c:/program files (x86)/microchip/xc32/v1.40/bin/bin/../../lib/gcc/pic32mx/4.8.3/crtbegin.o
 .jcr           0xa0000000        0x4 c:/program files (x86)/microchip/xc32/v1.40/bin/bin/../../lib/gcc/pic32mx/4.8.3/crtend.o
                0xa0000004                . = ALIGN (0x4)

.eh_frame       0xa0000004        0x4
 *(.eh_frame)
 .eh_frame      0xa0000004        0x0 c:/program files (x86)/microchip/xc32/v1.40/bin/bin/../../lib/gcc/pic32mx/4.8.3/crtbegin.o
 .eh_frame      0xa0000004        0x4 c:/program files (x86)/microchip/xc32/v1.40/bin/bin/../../lib/gcc/pic32mx/4.8.3/crtend.o
                0xa0000008                . = ALIGN (0x4)

.gcc_except_table
                0xa0000008       0xdc
 *(.gcc_except_table .gcc_except_table.*)
 .gcc_except_table
                0xa0000008        0x8 build/default/production/Register.o
 .gcc_except_table
                0xa0000010       0x48 build/default/production/SPIDevice.o
 .gcc_except_table
                0xa0000058        0x8 build/default/production/SPIBus.o
 .gcc_except_table
                0xa0000060        0x8 build/default/production/Altimeter.o
 .gcc_except_table
                0xa0000068        0x8 build/default/production/Object.o
 .gcc_except_table
                0xa0000070        0x4 build/default/production/Main.o
 .gcc_except_table
                0xa0000074       0x40 build/default/production/System.o
 .gcc_except_table
                0xa00000b4       0x20 c:/program files (x86)/microchip/xc32/v1.40/bin/bin/../../lib/gcc/pic32mx/4.8.3/../../../../pic32mx/lib\libsupc++.a(eh_personality.o)
 .gcc_except_table
                0xa00000d4       0x10 c:/program files (x86)/microchip/xc32/v1.40/bin/bin/../../lib/gcc/pic32mx/4.8.3/../../../../pic32mx/lib\libsupc++.a(eh_terminate.o)
                0xa00000e4                . = ALIGN (0x4)

.persist        0xa00000e4        0x0
                0xa00000e4                _persist_begin = .
 *(.persist .persist.*)
 *(.pbss .pbss.*)
                0xa00000e4                . = ALIGN (0x4)
                0xa00000e4                _persist_end = .

.data           0xa00000e4        0xc
 *(.gnu.linkonce.d.*)
 .gnu.linkonce.d.DW.ref.__gxx_personality_sj0
                0xa00000e4        0x4 build/default/production/Register.o
                0xa00000e4                DW.ref.__gxx_personality_sj0
 .gnu.linkonce.d.DW.ref._ZTISt9bad_alloc
                0xa00000e8        0x4 build/default/production/System.o
                0xa00000e8                DW.ref._ZTISt9bad_alloc
 .gnu.linkonce.d.DW.ref.__gxx_personality_sj0.DW.ref.__gxx_personality_sj0
                0xa00000ec        0x4 c:/program files (x86)/microchip/xc32/v1.40/bin/bin/../../lib/gcc/pic32mx/4.8.3/../../../../pic32mx/lib\libsupc++.a(eh_personality.o)
 *(.data1)
                0xa00000f0                . = ALIGN (0x4)
                0xa00000f0                . = .
                0xa00080e0                _gp = (ALIGN (0x10) + 0x7ff0)

.got            0xa00000f0        0x0
 *(.got.plt)
 *(.got)
                0xa00000f0                . = ALIGN (0x4)

.sdata          0xa00000f0       0x14
                0xa00000f0                _sdata_begin = .
 *(.sdata .sdata.* .gnu.linkonce.s.*)
 .sdata         0xa00000f0        0x4 c:/program files (x86)/microchip/xc32/v1.40/bin/bin/../../lib/gcc/pic32mx/4.8.3/crtbegin.o
                0xa00000f0                __dso_handle
 .sdata         0xa00000f4        0x4 build/default/production/usb_descriptors.o
                0xa00000f4                usb_application_config_descs
 .sdata._ZN10__cxxabiv120__unexpected_handlerE.__unexpected_handler
                0xa00000f8        0x4 c:/program files (x86)/microchip/xc32/v1.40/bin/bin/../../lib/gcc/pic32mx/4.8.3/../../../../pic32mx/lib\libsupc++.a(eh_unex_handler.o)
                0xa00000f8                __cxxabiv1::__unexpected_handler
 .sdata._ZN10__cxxabiv119__terminate_handlerE.__terminate_handler
                0xa00000fc        0x4 c:/program files (x86)/microchip/xc32/v1.40/bin/bin/../../lib/gcc/pic32mx/4.8.3/../../../../pic32mx/lib\libsupc++.a(eh_term_handler.o)
                0xa00000fc                __cxxabiv1::__terminate_handler
 .sdata         0xa0000100        0x4 c:/program files (x86)/microchip/xc32/v1.40/bin/bin/../../lib/gcc/pic32mx/4.8.3/../../../../pic32mx/lib\libpic32.a(xc32_uart.o)
                0xa0000100                __XC_UART
                0xa0000104                . = ALIGN (0x4)
                0xa0000104                _sdata_end = .

.lit8
 *(.lit8)

.lit4
 *(.lit4)
                0xa0000104                . = ALIGN (0x4)
                0xa0000104                _data_end = .
                0xa0000104                _bss_begin = .

.sbss           0xa0000104       0x68
                0xa0000104                _sbss_begin = .
 *(.dynsbss)
 *(.sbss .sbss.* .gnu.linkonce.sb.*)
 .sbss          0xa0000104        0x4 build/default/production/Register.o
 .sbss          0xa0000108        0x4 build/default/production/SPIDevice.o
 .sbss          0xa000010c        0x4 build/default/production/SPIBus.o
 .sbss          0xa0000110        0x4 build/default/production/Altimeter.o
 .sbss          0xa0000114       0x20 build/default/production/usb/src/usb.o
 .sbss          0xa0000134       0x10 build/default/production/usb/src/usb_cdc.o
 .sbss          0xa0000144        0x4 build/default/production/Object.o
 .sbss          0xa0000148        0x4 build/default/production/Main.o
 .sbss          0xa000014c        0x8 build/default/production/System.o
                0xa0000150                System::Instance
 .sbss._ZL10eh_globals.eh_globals
                0xa0000154        0x8 c:/program files (x86)/microchip/xc32/v1.40/bin/bin/../../lib/gcc/pic32mx/4.8.3/../../../../pic32mx/lib\libsupc++.a(eh_globals.o)
 .sbss._ZL14emergency_used.emergency_used
                0xa000015c        0x4 c:/program files (x86)/microchip/xc32/v1.40/bin/bin/../../lib/gcc/pic32mx/4.8.3/../../../../pic32mx/lib\libsupc++.a(eh_alloc.o)
 .sbss._ZL15dependents_used.dependents_used
                0xa0000160        0x4 c:/program files (x86)/microchip/xc32/v1.40/bin/bin/../../lib/gcc/pic32mx/4.8.3/../../../../pic32mx/lib\libsupc++.a(eh_alloc.o)
 .sbss._ZN12_GLOBAL__N_115emergency_mutexE.emergency_mutex
                0xa0000164        0x4 c:/program files (x86)/microchip/xc32/v1.40/bin/bin/../../lib/gcc/pic32mx/4.8.3/../../../../pic32mx/lib\libsupc++.a(eh_alloc.o)
 .sbss.__new_handler.__new_handler
                0xa0000168        0x4 c:/program files (x86)/microchip/xc32/v1.40/bin/bin/../../lib/gcc/pic32mx/4.8.3/../../../../pic32mx/lib\libsupc++.a(new_handler.o)
                0xa0000168                __new_handler
 *(.scommon)
                0xa000016c                _sbss_end = .
                0xa000016c                . = ALIGN (0x4)

.bss            0xa000016c        0x0
 *(.dynbss)
 *(COMMON)
                0xa000016c                . = ALIGN ((. != 0x0)?0x4:0x1)
                0xa000016c                . = ALIGN (0x4)
                0xa000016c                _end = .
                0xa000016c                _bss_end = .
                0x00010000                _bmxdudba_address = 0x10000
                0x00010000                _bmxdupba_address = 0x10000

/DISCARD/
 *(.pdr)
 *(.rel.dyn)
 *(.note.GNU-stack)
 *(.note.GNU-stack)
 *(.gnu_debuglink)
 *(.gnu.lto_*)
 *(.discard)

.gptab.sdata
 *(.gptab.data)
 *(.gptab.sdata)

.gptab.sbss
 *(.gptab.bss)
 *(.gptab.sbss)

.mdebug.abi32   0xa000016c        0x0
 *(.mdebug.abi32)
 .mdebug.abi32  0xa000016c        0x0 c:/program files (x86)/microchip/xc32/v1.40/bin/bin/../../lib/gcc/pic32mx/4.8.3/crtbegin.o
 .mdebug.abi32  0xa000016c        0x0 build/default/production/Register.o
 .mdebug.abi32  0xa000016c        0x0 build/default/production/SPIDevice.o
 .mdebug.abi32  0xa000016c        0x0 build/default/production/SPIBus.o
 .mdebug.abi32  0xa000016c        0x0 build/default/production/Altimeter.o
 .mdebug.abi32  0xa000016c        0x0 build/default/production/usb/src/usb.o
 .mdebug.abi32  0xa000016c        0x0 build/default/production/usb/src/usb_cdc.o
 .mdebug.abi32  0xa000016c        0x0 build/default/production/usb/src/usb_winusb.o
 .mdebug.abi32  0xa000016c        0x0 build/default/production/usb_callbacks.o
 .mdebug.abi32  0xa000016c        0x0 build/default/production/Object.o
 .mdebug.abi32  0xa000016c        0x0 build/default/production/Main.o
 .mdebug.abi32  0xa000016c        0x0 build/default/production/System.o
 .mdebug.abi32  0xa000016c        0x0 build/default/production/usb_descriptors.o
 .mdebug.abi32  0xa000016c        0x0 c:/program files (x86)/microchip/xc32/v1.40/bin/bin/../../lib/gcc/pic32mx/4.8.3/../../../../pic32mx/lib\libsupc++.a(class_type_info.o)
 .mdebug.abi32  0xa000016c        0x0 c:/program files (x86)/microchip/xc32/v1.40/bin/bin/../../lib/gcc/pic32mx/4.8.3/../../../../pic32mx/lib\libsupc++.a(del_op.o)
 .mdebug.abi32  0xa000016c        0x0 c:/program files (x86)/microchip/xc32/v1.40/bin/bin/../../lib/gcc/pic32mx/4.8.3/../../../../pic32mx/lib\libsupc++.a(eh_catch.o)
 .mdebug.abi32  0xa000016c        0x0 c:/program files (x86)/microchip/xc32/v1.40/bin/bin/../../lib/gcc/pic32mx/4.8.3/../../../../pic32mx/lib\libsupc++.a(eh_exception.o)
 .mdebug.abi32  0xa000016c        0x0 c:/program files (x86)/microchip/xc32/v1.40/bin/bin/../../lib/gcc/pic32mx/4.8.3/../../../../pic32mx/lib\libsupc++.a(eh_globals.o)
 .mdebug.abi32  0xa000016c        0x0 c:/program files (x86)/microchip/xc32/v1.40/bin/bin/../../lib/gcc/pic32mx/4.8.3/../../../../pic32mx/lib\libsupc++.a(eh_personality.o)
 .mdebug.abi32  0xa000016c        0x0 c:/program files (x86)/microchip/xc32/v1.40/bin/bin/../../lib/gcc/pic32mx/4.8.3/../../../../pic32mx/lib\libsupc++.a(eh_terminate.o)
 .mdebug.abi32  0xa000016c        0x0 c:/program files (x86)/microchip/xc32/v1.40/bin/bin/../../lib/gcc/pic32mx/4.8.3/../../../../pic32mx/lib\libsupc++.a(eh_throw.o)
 .mdebug.abi32  0xa000016c        0x0 c:/program files (x86)/microchip/xc32/v1.40/bin/bin/../../lib/gcc/pic32mx/4.8.3/../../../../pic32mx/lib\libsupc++.a(eh_unex_handler.o)
 .mdebug.abi32  0xa000016c        0x0 c:/program files (x86)/microchip/xc32/v1.40/bin/bin/../../lib/gcc/pic32mx/4.8.3/../../../../pic32mx/lib\libsupc++.a(new_op.o)
 .mdebug.abi32  0xa000016c        0x0 c:/program files (x86)/microchip/xc32/v1.40/bin/bin/../../lib/gcc/pic32mx/4.8.3/../../../../pic32mx/lib\libsupc++.a(new_opv.o)
 .mdebug.abi32  0xa000016c        0x0 c:/program files (x86)/microchip/xc32/v1.40/bin/bin/../../lib/gcc/pic32mx/4.8.3/../../../../pic32mx/lib\libsupc++.a(si_class_type_info.o)
 .mdebug.abi32  0xa000016c        0x0 c:/program files (x86)/microchip/xc32/v1.40/bin/bin/../../lib/gcc/pic32mx/4.8.3/../../../../pic32mx/lib\libsupc++.a(tinfo.o)
 .mdebug.abi32  0xa000016c        0x0 c:/program files (x86)/microchip/xc32/v1.40/bin/bin/../../lib/gcc/pic32mx/4.8.3/../../../../pic32mx/lib\libsupc++.a(pure.o)
 .mdebug.abi32  0xa000016c        0x0 c:/program files (x86)/microchip/xc32/v1.40/bin/bin/../../lib/gcc/pic32mx/4.8.3/../../../../pic32mx/lib\libsupc++.a(eh_alloc.o)
 .mdebug.abi32  0xa000016c        0x0 c:/program files (x86)/microchip/xc32/v1.40/bin/bin/../../lib/gcc/pic32mx/4.8.3/../../../../pic32mx/lib\libsupc++.a(eh_call.o)
 .mdebug.abi32  0xa000016c        0x0 c:/program files (x86)/microchip/xc32/v1.40/bin/bin/../../lib/gcc/pic32mx/4.8.3/../../../../pic32mx/lib\libsupc++.a(eh_term_handler.o)
 .mdebug.abi32  0xa000016c        0x0 c:/program files (x86)/microchip/xc32/v1.40/bin/bin/../../lib/gcc/pic32mx/4.8.3/../../../../pic32mx/lib\libsupc++.a(new_handler.o)
 .mdebug.abi32  0xa000016c        0x0 c:/program files (x86)/microchip/xc32/v1.40/bin/bin/../../lib/gcc/pic32mx/4.8.3/../../../../pic32mx/lib\libxcpp.a(gccex.o)
 .mdebug.abi32  0xa000016c        0x0 c:/program files (x86)/microchip/xc32/v1.40/bin/bin/../../lib/gcc/pic32mx/4.8.3/../../../../pic32mx/lib\libxcpp.a(xthrow.o)
 .mdebug.abi32  0xa000016c        0x0 c:/program files (x86)/microchip/xc32/v1.40/bin/bin/../../lib/gcc/pic32mx/4.8.3/../../../../pic32mx/lib\libxcpp.a(raisehan.o)
 .mdebug.abi32  0xa000016c        0x0 c:/program files (x86)/microchip/xc32/v1.40/bin/bin/../../lib/gcc/pic32mx/4.8.3/../../../../pic32mx/lib\libxcpp.a(stdthrow.o)
 .mdebug.abi32  0xa000016c        0x0 c:/program files (x86)/microchip/xc32/v1.40/bin/bin/../../lib/gcc/pic32mx/4.8.3/../../../../pic32mx/lib\libxcpp.a(abort.o)
 .mdebug.abi32  0xa000016c        0x0 c:/program files (x86)/microchip/xc32/v1.40/bin/bin/../../lib/gcc/pic32mx/4.8.3/../../../../pic32mx/lib\libxcpp.a(abs.o)
 .mdebug.abi32  0xa000016c        0x0 c:/program files (x86)/microchip/xc32/v1.40/bin/bin/../../lib/gcc/pic32mx/4.8.3/../../../../pic32mx/lib\libxcpp.a(exit.o)
 .mdebug.abi32  0xa000016c        0x0 c:/program files (x86)/microchip/xc32/v1.40/bin/bin/../../lib/gcc/pic32mx/4.8.3/../../../../pic32mx/lib\libxcpp.a(fflush.o)
 .mdebug.abi32  0xa000016c        0x0 c:/program files (x86)/microchip/xc32/v1.40/bin/bin/../../lib/gcc/pic32mx/4.8.3/../../../../pic32mx/lib\libxcpp.a(fputs.o)
 .mdebug.abi32  0xa000016c        0x0 c:/program files (x86)/microchip/xc32/v1.40/bin/bin/../../lib/gcc/pic32mx/4.8.3/../../../../pic32mx/lib\libxcpp.a(free.o)
 .mdebug.abi32  0xa000016c        0x0 c:/program files (x86)/microchip/xc32/v1.40/bin/bin/../../lib/gcc/pic32mx/4.8.3/../../../../pic32mx/lib\libxcpp.a(malloc.o)
 .mdebug.abi32  0xa000016c        0x0 c:/program files (x86)/microchip/xc32/v1.40/bin/bin/../../lib/gcc/pic32mx/4.8.3/../../../../pic32mx/lib\libxcpp.a(memcmp.o)
 .mdebug.abi32  0xa000016c        0x0 c:/program files (x86)/microchip/xc32/v1.40/bin/bin/../../lib/gcc/pic32mx/4.8.3/../../../../pic32mx/lib\libxcpp.a(memcpy.o)
 .mdebug.abi32  0xa000016c        0x0 c:/program files (x86)/microchip/xc32/v1.40/bin/bin/../../lib/gcc/pic32mx/4.8.3/../../../../pic32mx/lib\libxcpp.a(memmove.o)
 .mdebug.abi32  0xa000016c        0x0 c:/program files (x86)/microchip/xc32/v1.40/bin/bin/../../lib/gcc/pic32mx/4.8.3/../../../../pic32mx/lib\libxcpp.a(memset.o)
 .mdebug.abi32  0xa000016c        0x0 c:/program files (x86)/microchip/xc32/v1.40/bin/bin/../../lib/gcc/pic32mx/4.8.3/../../../../pic32mx/lib\libxcpp.a(raise.o)
 .mdebug.abi32  0xa000016c        0x0 c:/program files (x86)/microchip/xc32/v1.40/bin/bin/../../lib/gcc/pic32mx/4.8.3/../../../../pic32mx/lib\libxcpp.a(strcmp.o)
 .mdebug.abi32  0xa000016c        0x0 c:/program files (x86)/microchip/xc32/v1.40/bin/bin/../../lib/gcc/pic32mx/4.8.3/../../../../pic32mx/lib\libxcpp.a(strlen.o)
 .mdebug.abi32  0xa000016c        0x0 c:/program files (x86)/microchip/xc32/v1.40/bin/bin/../../lib/gcc/pic32mx/4.8.3/../../../../pic32mx/lib\libxcpp.a(strrchr.o)
 .mdebug.abi32  0xa000016c        0x0 c:/program files (x86)/microchip/xc32/v1.40/bin/bin/../../lib/gcc/pic32mx/4.8.3/../../../../pic32mx/lib\libxcpp.a(xexit.o)
 .mdebug.abi32  0xa000016c        0x0 c:/program files (x86)/microchip/xc32/v1.40/bin/bin/../../lib/gcc/pic32mx/4.8.3/../../../../pic32mx/lib\libxcpp.a(xfiles.o)
 .mdebug.abi32  0xa000016c        0x0 c:/program files (x86)/microchip/xc32/v1.40/bin/bin/../../lib/gcc/pic32mx/4.8.3/../../../../pic32mx/lib\libxcpp.a(xflog.o)
 .mdebug.abi32  0xa000016c        0x0 c:/program files (x86)/microchip/xc32/v1.40/bin/bin/../../lib/gcc/pic32mx/4.8.3/../../../../pic32mx/lib\libxcpp.a(xfvalues.o)
 .mdebug.abi32  0xa000016c        0x0 c:/program files (x86)/microchip/xc32/v1.40/bin/bin/../../lib/gcc/pic32mx/4.8.3/../../../../pic32mx/lib\libxcpp.a(xfwprep.o)
 .mdebug.abi32  0xa000016c        0x0 c:/program files (x86)/microchip/xc32/v1.40/bin/bin/../../lib/gcc/pic32mx/4.8.3/../../../../pic32mx/lib\libxcpp.a(xgetmem.o)
 .mdebug.abi32  0xa000016c        0x0 c:/program files (x86)/microchip/xc32/v1.40/bin/bin/../../lib/gcc/pic32mx/4.8.3/../../../../pic32mx/lib\libxcpp.a(fclose.o)
 .mdebug.abi32  0xa000016c        0x0 c:/program files (x86)/microchip/xc32/v1.40/bin/bin/../../lib/gcc/pic32mx/4.8.3/../../../../pic32mx/lib\libxcpp.a(remove.o)
 .mdebug.abi32  0xa000016c        0x0 c:/program files (x86)/microchip/xc32/v1.40/bin/bin/../../lib/gcc/pic32mx/4.8.3/../../../../pic32mx/lib\libxcpp.a(xatexit.o)
 .mdebug.abi32  0xa000016c        0x0 c:/program files (x86)/microchip/xc32/v1.40/bin/bin/../../lib/gcc/pic32mx/4.8.3/../../../../pic32mx/lib\libxcpp.a(xfdunsca.o)
 .mdebug.abi32  0xa000016c        0x0 c:/program files (x86)/microchip/xc32/v1.40/bin/bin/../../lib/gcc/pic32mx/4.8.3/../../../../pic32mx/lib\libxcpp.a(xferaise.o)
 .mdebug.abi32  0xa000016c        0x0 c:/program files (x86)/microchip/xc32/v1.40/bin/bin/../../lib/gcc/pic32mx/4.8.3/../../../../pic32mx/lib\libxcpp.a(xfofind.o)
 .mdebug.abi32  0xa000016c        0x0 c:/program files (x86)/microchip/xc32/v1.40/bin/bin/../../lib/gcc/pic32mx/4.8.3/../../../../pic32mx/lib\libxcpp.a(feraiseexcept.o)
 .mdebug.abi32  0xa000016c        0x0 c:/program files (x86)/microchip/xc32/v1.40/bin/bin/../../lib/gcc/pic32mx/4.8.3/../../../../pic32mx/lib\libxcpp.a(errno.o)
 .mdebug.abi32  0xa000016c        0x0 c:/program files (x86)/microchip/xc32/v1.40/bin/bin/../../lib/gcc/pic32mx/4.8.3/../../../../pic32mx/lib\libxcpp.a(xfdnorm.o)
 .mdebug.abi32  0xa000016c        0x0 c:/program files (x86)/microchip/xc32/v1.40/bin/bin/../../lib/gcc/pic32mx/4.8.3/../../../../pic32mx/lib\libmchp_peripheral_32MX270F256D.a(pcache.o)
 .mdebug.abi32  0xa000016c        0x0 c:/program files (x86)/microchip/xc32/v1.40/bin/bin/../../lib/gcc/pic32mx/4.8.3/../../../../pic32mx/lib\libmchp_peripheral_32MX270F256D.a(int_disable_interrupts_lib.o)
 .mdebug.abi32  0xa000016c        0x0 c:/program files (x86)/microchip/xc32/v1.40/bin/bin/../../lib/gcc/pic32mx/4.8.3/../../../../pic32mx/lib\libmchp_peripheral_32MX270F256D.a(int_restore_interrupts_lib.o)
 .mdebug.abi32  0xa000016c        0x0 c:/program files (x86)/microchip/xc32/v1.40/bin/bin/../../lib/gcc/pic32mx/4.8.3/../../../../pic32mx/lib\libmchp_peripheral_32MX270F256D.a(int_enable_mv_int_lib.o)
 .mdebug.abi32  0xa000016c        0x0 c:/program files (x86)/microchip/xc32/v1.40/bin/bin/../../lib/gcc/pic32mx/4.8.3/../../../../pic32mx/lib\libmchp_peripheral_32MX270F256D.a(spi_chn_close_lib.o)
 .mdebug.abi32  0xa000016c        0x0 c:/program files (x86)/microchip/xc32/v1.40/bin/bin/../../lib/gcc/pic32mx/4.8.3/../../../../pic32mx/lib\libmchp_peripheral_32MX270F256D.a(spi_chn_getc_lib.o)
 .mdebug.abi32  0xa000016c        0x0 c:/program files (x86)/microchip/xc32/v1.40/bin/bin/../../lib/gcc/pic32mx/4.8.3/../../../../pic32mx/lib\libmchp_peripheral_32MX270F256D.a(spi_chn_open_lib.o)
 .mdebug.abi32  0xa000016c        0x0 c:/program files (x86)/microchip/xc32/v1.40/bin/bin/../../lib/gcc/pic32mx/4.8.3/../../../../pic32mx/lib\libmchp_peripheral_32MX270F256D.a(spi_chn_putc_lib.o)
 .mdebug.abi32  0xa000016c        0x0 c:/program files (x86)/microchip/xc32/v1.40/bin/bin/../../lib/gcc/pic32mx/4.8.3/../../../../pic32mx/lib\libmchp_peripheral_32MX270F256D.a(spi_map_tbl_libp.o)
 .mdebug.abi32  0xa000016c        0x0 c:/program files (x86)/microchip/xc32/v1.40/bin/bin/../../lib/gcc/pic32mx/4.8.3/../../../../pic32mx/lib\libmchp_peripheral_32MX270F256D.a(port_set_pins_digital_out_lib.o)
 .mdebug.abi32  0xa000016c        0x0 c:/program files (x86)/microchip/xc32/v1.40/bin/bin/../../lib/gcc/pic32mx/4.8.3/../../../../pic32mx/lib\libmchp_peripheral_32MX270F256D.a(port_clear_bits_lib.o)
 .mdebug.abi32  0xa000016c        0x0 c:/program files (x86)/microchip/xc32/v1.40/bin/bin/../../lib/gcc/pic32mx/4.8.3/../../../../pic32mx/lib\libmchp_peripheral_32MX270F256D.a(port_set_bits_lib.o)
 .mdebug.abi32  0xa000016c        0x0 c:/program files (x86)/microchip/xc32/v1.40/bin/bin/../../lib/gcc/pic32mx/4.8.3/../../../../pic32mx/lib\libmchp_peripheral_32MX270F256D.a(_ports_tbl_libp.o)
 .mdebug.abi32  0xa000016c        0x0 c:/program files (x86)/microchip/xc32/v1.40/bin/bin/../../lib/gcc/pic32mx/4.8.3/../../../../pic32mx/lib\libmchp_peripheral_32MX270F256D.a(int_enable_interrupts_lib.o)
 .mdebug.abi32  0xa000016c        0x0 c:/program files (x86)/microchip/xc32/v1.40/bin/bin/../../lib/gcc/pic32mx/4.8.3/../../../../pic32mx/lib\libmchp_peripheral_32MX270F256D.a(int_tbl_lib.o)
 .mdebug.abi32  0xa000016c        0x0 c:/program files (x86)/microchip/xc32/v1.40/bin/bin/../../lib/gcc/pic32mx/4.8.3\libgcc.a(_divdi3.o)
 .mdebug.abi32  0xa000016c        0x0 c:/program files (x86)/microchip/xc32/v1.40/bin/bin/../../lib/gcc/pic32mx/4.8.3\libgcc.a(floatunsisf.o)
 .mdebug.abi32  0xa000016c        0x0 c:/program files (x86)/microchip/xc32/v1.40/bin/bin/../../lib/gcc/pic32mx/4.8.3\libgcc.a(unwind-sjlj.o)
 .mdebug.abi32  0xa000016c        0x0 c:/program files (x86)/microchip/xc32/v1.40/bin/bin/../../lib/gcc/pic32mx/4.8.3/../../../../pic32mx/lib\libpic32.a(sbrk.o)
 .mdebug.abi32  0xa000016c        0x0 c:/program files (x86)/microchip/xc32/v1.40/bin/bin/../../lib/gcc/pic32mx/4.8.3/../../../../pic32mx/lib\libpic32.a(default-bootstrap-exception-handler.o)
 .mdebug.abi32  0xa000016c        0x0 c:/program files (x86)/microchip/xc32/v1.40/bin/bin/../../lib/gcc/pic32mx/4.8.3/../../../../pic32mx/lib\libpic32.a(default-on-reset.o)
 .mdebug.abi32  0xa000016c        0x0 c:/program files (x86)/microchip/xc32/v1.40/bin/bin/../../lib/gcc/pic32mx/4.8.3/../../../../pic32mx/lib\libpic32.a(default-on-bootstrap.o)
 .mdebug.abi32  0xa000016c        0x0 c:/program files (x86)/microchip/xc32/v1.40/bin/bin/../../lib/gcc/pic32mx/4.8.3/../../../../pic32mx/lib\libpic32.a(_exit.o)
 .mdebug.abi32  0xa000016c        0x0 c:/program files (x86)/microchip/xc32/v1.40/bin/bin/../../lib/gcc/pic32mx/4.8.3/../../../../pic32mx/lib\libpic32.a(isatty.o)
 .mdebug.abi32  0xa000016c        0x0 c:/program files (x86)/microchip/xc32/v1.40/bin/bin/../../lib/gcc/pic32mx/4.8.3/../../../../pic32mx/lib\libpic32.a(write.o)
 .mdebug.abi32  0xa000016c        0x0 c:/program files (x86)/microchip/xc32/v1.40/bin/bin/../../lib/gcc/pic32mx/4.8.3/../../../../pic32mx/lib\libpic32.a(close.o)
 .mdebug.abi32  0xa000016c        0x0 c:/program files (x86)/microchip/xc32/v1.40/bin/bin/../../lib/gcc/pic32mx/4.8.3/../../../../pic32mx/lib\libpic32.a(unlink.o)
 .mdebug.abi32  0xa000016c        0x0 c:/program files (x86)/microchip/xc32/v1.40/bin/bin/../../lib/gcc/pic32mx/4.8.3/../../../../pic32mx/lib\libpic32.a(kill.o)
 .mdebug.abi32  0xa000016c        0x0 c:/program files (x86)/microchip/xc32/v1.40/bin/bin/../../lib/gcc/pic32mx/4.8.3/../../../../pic32mx/lib\libpic32.a(getpid.o)
 .mdebug.abi32  0xa000016c        0x0 c:/program files (x86)/microchip/xc32/v1.40/bin/bin/../../lib/gcc/pic32mx/4.8.3/../../../../pic32mx/lib\libpic32.a(errno.o)
 .mdebug.abi32  0xa000016c        0x0 c:/program files (x86)/microchip/xc32/v1.40/bin/bin/../../lib/gcc/pic32mx/4.8.3/../../../../pic32mx/lib\libpic32.a(rmdir.o)
 .mdebug.abi32  0xa000016c        0x0 c:/program files (x86)/microchip/xc32/v1.40/bin/bin/../../lib/gcc/pic32mx/4.8.3/../../../../pic32mx/lib\libpic32.a(default-general-exception-handler.o)
 .mdebug.abi32  0xa000016c        0x0 c:/program files (x86)/microchip/xc32/v1.40/bin/bin/../../lib/gcc/pic32mx/4.8.3/../../../../pic32mx/lib\libpic32.a(_mon_putc.o)
 .mdebug.abi32  0xa000016c        0x0 c:/program files (x86)/microchip/xc32/v1.40/bin/bin/../../lib/gcc/pic32mx/4.8.3/../../../../pic32mx/lib\libpic32.a(xc32_uart.o)
 .mdebug.abi32  0xa000016c        0x0 c:/program files (x86)/microchip/xc32/v1.40/bin/bin/../../lib/gcc/pic32mx/4.8.3/../../../../pic32mx/lib\libpic32.a(defaultinterrupt.o)
 .mdebug.abi32  0xa000016c        0x0 c:/program files (x86)/microchip/xc32/v1.40/bin/bin/../../lib/gcc/pic32mx/4.8.3/crtend.o

.mdebug.abiN32
 *(.mdebug.abiN32)

.mdebug.abi64
 *(.mdebug.abi64)

.mdebug.abiO64
 *(.mdebug.abiO64)

.mdebug.eabi32
 *(.mdebug.eabi32)

.mdebug.eabi64
 *(.mdebug.eabi64)

.gcc_compiled_long32
 *(.gcc_compiled_long32)

.gcc_compiled_long64
 *(.gcc_compiled_long64)

.stab
 *(.stab)

.stabstr
 *(.stabstr)

.stab.excl
 *(.stab.excl)

.stab.exclstr
 *(.stab.exclstr)

.stab.index
 *(.stab.index)

.stab.indexstr
 *(.stab.indexstr)

.comment        0x00000000       0xd5
 *(.comment)
 .comment       0x00000000       0x3c c:/program files (x86)/microchip/xc32/v1.40/bin/bin/../../lib/gcc/pic32mx/4.8.3/crtbegin.o
                                 0x3d (size before relaxing)
 .comment       0x00000000       0x3d build/default/production/Register.o
 .comment       0x00000000       0x3d build/default/production/SPIDevice.o
 .comment       0x00000000       0x3d build/default/production/SPIBus.o
 .comment       0x00000000       0x3d build/default/production/Altimeter.o
 .comment       0x00000000       0x3d build/default/production/usb/src/usb.o
 .comment       0x00000000       0x3d build/default/production/usb/src/usb_cdc.o
 .comment       0x00000000       0x3d build/default/production/usb/src/usb_winusb.o
 .comment       0x00000000       0x3d build/default/production/usb_callbacks.o
 .comment       0x00000000       0x3d build/default/production/Object.o
 .comment       0x00000000       0x3d build/default/production/Main.o
 .comment       0x00000000       0x3d build/default/production/System.o
 .comment       0x00000000       0x3d build/default/production/usb_descriptors.o
 .comment       0x00000000       0x3d c:/program files (x86)/microchip/xc32/v1.40/bin/bin/../../lib/gcc/pic32mx/4.8.3/../../../../pic32mx/lib\libsupc++.a(class_type_info.o)
 .comment       0x00000000       0x3d c:/program files (x86)/microchip/xc32/v1.40/bin/bin/../../lib/gcc/pic32mx/4.8.3/../../../../pic32mx/lib\libsupc++.a(del_op.o)