Archive member included because of file (symbol)

c:/program files (x86)/microchip/xc32/v1.40/bin/bin/../../lib/gcc/pic32mx/4.8.3/../../../../pic32mx/lib\libsupc++.a(class_type_info.o)
                              build/default/production/Register.o (vtable for __cxxabiv1::__class_type_info)
c:/program files (x86)/microchip/xc32/v1.40/bin/bin/../../lib/gcc/pic32mx/4.8.3/../../../../pic32mx/lib\libsupc++.a(del_op.o)
                              build/default/production/Register.o (operator delete(void*))
c:/program files (x86)/microchip/xc32/v1.40/bin/bin/../../lib/gcc/pic32mx/4.8.3/../../../../pic32mx/lib\libsupc++.a(eh_alloc.o)
                              build/default/production/Quaternion.o (__cxa_allocate_exception)
c:/program files (x86)/microchip/xc32/v1.40/bin/bin/../../lib/gcc/pic32mx/4.8.3/../../../../pic32mx/lib\libsupc++.a(eh_catch.o)
                              build/default/production/System.o (__cxa_get_exception_ptr)
c:/program files (x86)/microchip/xc32/v1.40/bin/bin/../../lib/gcc/pic32mx/4.8.3/../../../../pic32mx/lib\libsupc++.a(eh_exception.o)
                              build/default/production/SPIDevice.o (std::exception::~exception())
c:/program files (x86)/microchip/xc32/v1.40/bin/bin/../../lib/gcc/pic32mx/4.8.3/../../../../pic32mx/lib\libsupc++.a(eh_globals.o)
                              c:/program files (x86)/microchip/xc32/v1.40/bin/bin/../../lib/gcc/pic32mx/4.8.3/../../../../pic32mx/lib\libsupc++.a(eh_catch.o) (__cxa_get_globals_fast)
c:/program files (x86)/microchip/xc32/v1.40/bin/bin/../../lib/gcc/pic32mx/4.8.3/../../../../pic32mx/lib\libsupc++.a(eh_personality.o)
                              build/default/production/Register.o (__gxx_personality_sj0)
c:/program files (x86)/microchip/xc32/v1.40/bin/bin/../../lib/gcc/pic32mx/4.8.3/../../../../pic32mx/lib\libsupc++.a(eh_terminate.o)
                              c:/program files (x86)/microchip/xc32/v1.40/bin/bin/../../lib/gcc/pic32mx/4.8.3/../../../../pic32mx/lib\libsupc++.a(eh_personality.o) (__cxxabiv1::__terminate(void (*)()))
c:/program files (x86)/microchip/xc32/v1.40/bin/bin/../../lib/gcc/pic32mx/4.8.3/../../../../pic32mx/lib\libsupc++.a(eh_throw.o)
                              build/default/production/Quaternion.o (__cxa_throw)
c:/program files (x86)/microchip/xc32/v1.40/bin/bin/../../lib/gcc/pic32mx/4.8.3/../../../../pic32mx/lib\libsupc++.a(eh_unex_handler.o)
                              c:/program files (x86)/microchip/xc32/v1.40/bin/bin/../../lib/gcc/pic32mx/4.8.3/../../../../pic32mx/lib\libsupc++.a(eh_terminate.o) (__cxxabiv1::__unexpected_handler)
c:/program files (x86)/microchip/xc32/v1.40/bin/bin/../../lib/gcc/pic32mx/4.8.3/../../../../pic32mx/lib\libsupc++.a(fundamental_type_info.o)
                              build/default/production/Quaternion.o (typeinfo for char const*)
c:/program files (x86)/microchip/xc32/v1.40/bin/bin/../../lib/gcc/pic32mx/4.8.3/../../../../pic32mx/lib\libsupc++.a(new_op.o)
                              build/default/production/SPIDevice.o (operator new(unsigned long))
c:/program files (x86)/microchip/xc32/v1.40/bin/bin/../../lib/gcc/pic32mx/4.8.3/../../../../pic32mx/lib\libsupc++.a(new_opv.o)
                              build/default/production/SPIDevice.o (operator new[](unsigned long))
c:/program files (x86)/microchip/xc32/v1.40/bin/bin/../../lib/gcc/pic32mx/4.8.3/../../../../pic32mx/lib\libsupc++.a(pointer_type_info.o)
                              c:/program files (x86)/microchip/xc32/v1.40/bin/bin/../../lib/gcc/pic32mx/4.8.3/../../../../pic32mx/lib\libsupc++.a(fundamental_type_info.o) (vtable for __cxxabiv1::__pointer_type_info)
c:/program files (x86)/microchip/xc32/v1.40/bin/bin/../../lib/gcc/pic32mx/4.8.3/../../../../pic32mx/lib\libsupc++.a(si_class_type_info.o)
                              build/default/production/Register.o (vtable for __cxxabiv1::__si_class_type_info)
c:/program files (x86)/microchip/xc32/v1.40/bin/bin/../../lib/gcc/pic32mx/4.8.3/../../../../pic32mx/lib\libsupc++.a(tinfo.o)
                              c:/program files (x86)/microchip/xc32/v1.40/bin/bin/../../lib/gcc/pic32mx/4.8.3/../../../../pic32mx/lib\libsupc++.a(class_type_info.o) (std::type_info::~type_info())
c:/program files (x86)/microchip/xc32/v1.40/bin/bin/../../lib/gcc/pic32mx/4.8.3/../../../../pic32mx/lib\libsupc++.a(pure.o)
                              build/default/production/Register.o (__cxa_pure_virtual)
c:/program files (x86)/microchip/xc32/v1.40/bin/bin/../../lib/gcc/pic32mx/4.8.3/../../../../pic32mx/lib\libsupc++.a(eh_call.o)
                              c:/program files (x86)/microchip/xc32/v1.40/bin/bin/../../lib/gcc/pic32mx/4.8.3/../../../../pic32mx/lib\libsupc++.a(eh_personality.o) (__cxa_call_terminate)
c:/program files (x86)/microchip/xc32/v1.40/bin/bin/../../lib/gcc/pic32mx/4.8.3/../../../../pic32mx/lib\libsupc++.a(eh_term_handler.o)
[...]
Memory Configuration

Name             Origin             Length             Attributes
kseg0_program_mem 0x9d000000         0x0003f000         xr
exception_mem    0x9d03f000         0x00001000
debug_exec_mem   0x9fc00490         0x00000760
kseg0_boot_mem   0x9fc00490         0x00000000
kseg1_boot_mem   0xbfc00000         0x00000490
config3          0xbfc00bf0         0x00000004
config2          0xbfc00bf4         0x00000004
config1          0xbfc00bf8         0x00000004
config0          0xbfc00bfc         0x00000004
kseg1_data_mem   0xa0000000         0x00010000         w !x
sfrs             0xbf800000         0x00100000
configsfrs       0xbfc00bf0         0x00000010
*default*        0x00000000         0xffffffff

Linker script and memory map

LOAD c:/program files (x86)/microchip/xc32/v1.40/bin/bin/../../lib/gcc/pic32mx/4.8.3/../../../../pic32mx/lib/./proc/32MX270F256D/cpprt0_mips32r2.o
LOAD c:/program files (x86)/microchip/xc32/v1.40/bin/bin/../../lib/gcc/pic32mx/4.8.3/crti.o
LOAD c:/program files (x86)/microchip/xc32/v1.40/bin/bin/../../lib/gcc/pic32mx/4.8.3/crtbegin.o
LOAD build/default/production/Register.o
LOAD build/default/production/SPIDevice.o
LOAD build/default/production/SPIBus.o
LOAD build/default/production/Altimeter.o
LOAD build/default/production/LCD.o
LOAD build/default/production/IMU.o
LOAD build/default/production/PWMC.o
LOAD build/default/production/Gyroscope.o
LOAD build/default/production/Quaternion.o
LOAD build/default/production/usb/src/usb.o
LOAD build/default/production/usb/src/usb_cdc.o
LOAD build/default/production/usb/src/usb_winusb.o
LOAD build/default/production/usb_callbacks.o
LOAD build/default/production/Object.o
LOAD build/default/production/Main.o
LOAD build/default/production/System.o
LOAD build/default/production/usb_descriptors.o
LOAD build/default/production/Accelerometer.o
LOAD build/default/production/Magnetometer.o
                0x00000001                __MPLAB_BUILD = 0x1
                0x00001000                _min_heap_size = 0x1000
LOAD c:/program files (x86)/microchip/xc32/v1.40/bin/bin/../../lib/gcc/pic32mx/4.8.3/../../../../pic32mx/lib\libsupc++.a
LOAD c:/program files (x86)/microchip/xc32/v1.40/bin/bin/../../lib/gcc/pic32mx/4.8.3/../../../../pic32mx/lib\libxcpp.a
LOAD c:/program files (x86)/microchip/xc32/v1.40/bin/bin/../../lib/gcc/pic32mx/4.8.3/../../../../pic32mx/lib/./proc/32MX270F256D\default_isr_vectors.o
LOAD c:/program files (x86)/microchip/xc32/v1.40/bin/bin/../../lib/gcc/pic32mx/4.8.3/../../../../pic32mx/lib\pic32_software_reset.o
                0x00000400                PROVIDE (_min_stack_size, 0x400)
LOAD c:/program files (x86)/microchip/xc32/v1.40/bin/bin/../../lib/gcc/pic32mx/4.8.3/../../../../pic32mx/lib/./proc/32MX270F256D\processor.o
START GROUP
LOAD c:/program files (x86)/microchip/xc32/v1.40/bin/bin/../../lib/gcc/pic32mx/4.8.3/../../../../pic32mx/lib\libmchp_peripheral.a
END GROUP
START GROUP
LOAD c:/program files (x86)/microchip/xc32/v1.40/bin/bin/../../lib/gcc/pic32mx/4.8.3/../../../../pic32mx/lib\libmchp_peripheral_32MX270F256D.a
END GROUP
                0x00000001                PROVIDE (_vector_spacing, 0x1)
                0x9d03f000                _ebase_address = 0x9d03f000
                0xbfc00000                _RESET_ADDR = 0xbfc00000
                0xbfc00380                _BEV_EXCPT_ADDR = 0xbfc00380
                0xbfc00480                _DBG_EXCPT_ADDR = 0xbfc00480
                0x9fc00490                _DBG_CODE_ADDR = 0x9fc00490
                0x00000760                _DBG_CODE_SIZE = 0x760
                0x9d03f180                _GEN_EXCPT_ADDR = (_ebase_address + 0x180)

.config_BFC00BF0
 *(.config_BFC00BF0)

.config_BFC00BF4
                0xbfc00bf4        0x4
 *(.config_BFC00BF4)
 .config_BFC00BF4
                0xbfc00bf4        0x4 build/default/production/Main.o

.config_BFC00BF8
                0xbfc00bf8        0x4
 *(.config_BFC00BF8)
 .config_BFC00BF8
                0xbfc00bf8        0x4 build/default/production/Main.o

.config_BFC00BFC
                0xbfc00bfc        0x4
 *(.config_BFC00BFC)
 .config_BFC00BFC
                0xbfc00bfc        0x4 build/default/production/Main.o
                0xbfc02000                PROVIDE (_DBG_CODE_ADDR, 0xbfc02000)
                0x00000ff0                PROVIDE (_DBG_CODE_SIZE, 0xff0)

.reset          0xbfc00000      0x1d0
 *(.reset)
 .reset         0xbfc00000        0x8 c:/program files (x86)/microchip/xc32/v1.40/bin/bin/../../lib/gcc/pic32mx/4.8.3/../../../../pic32mx/lib/./proc/32MX270F256D/cpprt0_mips32r2.o
                0xbfc00000                _reset
 *(.reset.startup)
 .reset.startup
                0xbfc00008      0x1c8 c:/program files (x86)/microchip/xc32/v1.40/bin/bin/../../lib/gcc/pic32mx/4.8.3/../../../../pic32mx/lib/./proc/32MX270F256D/cpprt0_mips32r2.o

.bev_excpt      0xbfc00380       0x10
 *(.bev_handler)
 .bev_handler   0xbfc00380       0x10 c:/program files (x86)/microchip/xc32/v1.40/bin/bin/../../lib/gcc/pic32mx/4.8.3/../../../../pic32mx/lib/./proc/32MX270F256D/cpprt0_mips32r2.o

.dbg_excpt      0xbfc00480        0x0
                0xbfc00480                . = (. + DEFINED (_DEBUGGER)?0x8:0x0)

.dbg_code       0x9fc00490        0x0
                0x9fc00490                . = (. + DEFINED (_DEBUGGER)?_DBG_CODE_SIZE:0x0)

.app_excpt      0x9d03f180       0x10
 *(.gen_handler)
 .gen_handler   0x9d03f180       0x10 c:/program files (x86)/microchip/xc32/v1.40/bin/bin/../../lib/gcc/pic32mx/4.8.3/../../../../pic32mx/lib/./proc/32MX270F256D/cpprt0_mips32r2.o

.vector_0       0x9d03f200        0x8
 *(.vector_0)
 .vector_0      0x9d03f200        0x8 c:/program files (x86)/microchip/xc32/v1.40/bin/bin/../../lib/gcc/pic32mx/4.8.3/../../../../pic32mx/lib\libpic32.a(vector0.o)
                0x9d03f200                __vector_dispatch_0
                0x00000001                ASSERT (((_vector_spacing == 0x0) || (SIZEOF (.vector_0) <= (_vector_spacing << 0x5))), function at exception vector 0 too large)

.vector_1       0x9d03f220        0x8
 *(.vector_1)
 .vector_1      0x9d03f220        0x8 c:/program files (x86)/microchip/xc32/v1.40/bin/bin/../../lib/gcc/pic32mx/4.8.3/../../../../pic32mx/lib\libpic32.a(vector1.o)
                0x9d03f220                __vector_dispatch_1
                0x00000001                ASSERT (((_vector_spacing == 0x0) || (SIZEOF (.vector_1) <= (_vector_spacing << 0x5))), function at exception vector 1 too large)

.vector_2       0x9d03f240        0x8
 *(.vector_2)
 .vector_2      0x9d03f240        0x8 c:/program files (x86)/microchip/xc32/v1.40/bin/bin/../../lib/gcc/pic32mx/4.8.3/../../../../pic32mx/lib\libpic32.a(vector2.o)
                0x9d03f240                __vector_dispatch_2
                0x00000001                ASSERT (((_vector_spacing == 0x0) || (SIZEOF (.vector_2) <= (_vector_spacing << 0x5))), function at exception vector 2 too large)

.vector_3       0x9d03f260        0x8
 *(.vector_3)
 .vector_3      0x9d03f260        0x8 c:/program files (x86)/microchip/xc32/v1.40/bin/bin/../../lib/gcc/pic32mx/4.8.3/../../../../pic32mx/lib\libpic32.a(vector3.o)
                0x9d03f260                __vector_dispatch_3
                0x00000001                ASSERT (((_vector_spacing == 0x0) || (SIZEOF (.vector_3) <= (_vector_spacing << 0x5))), function at exception vector 3 too large)

.vector_4       0x9d03f280        0x8
 *(.vector_4)
 .vector_4      0x9d03f280        0x8 c:/program files (x86)/microchip/xc32/v1.40/bin/bin/../../lib/gcc/pic32mx/4.8.3/../../../../pic32mx/lib\libpic32.a(vector4.o)
                0x9d03f280                __vector_dispatch_4
                0x00000001                ASSERT (((_vector_spacing == 0x0) || (SIZEOF (.vector_4) <= (_vector_spacing << 0x5))), function at exception vector 4 too large)

.vector_5       0x9d03f2a0        0x8
 *(.vector_5)
 .vector_5      0x9d03f2a0        0x8 c:/program files (x86)/microchip/xc32/v1.40/bin/bin/../../lib/gcc/pic32mx/4.8.3/../../../../pic32mx/lib\libpic32.a(vector5.o)
                0x9d03f2a0                __vector_dispatch_5
                0x00000001                ASSERT (((_vector_spacing == 0x0) || (SIZEOF (.vector_5) <= (_vector_spacing << 0x5))), function at exception vector 5 too large)

.vector_6       0x9d03f2c0        0x8
 *(.vector_6)
 .vector_6      0x9d03f2c0        0x8 c:/program files (x86)/microchip/xc32/v1.40/bin/bin/../../lib/gcc/pic32mx/4.8.3/../../../../pic32mx/lib\libpic32.a(vector6.o)
                0x9d03f2c0                __vector_dispatch_6
                0x00000001                ASSERT (((_vector_spacing == 0x0) || (SIZEOF (.vector_6) <= (_vector_spacing << 0x5))), function at exception vector 6 too large)

.vector_7       0x9d03f2e0        0x8
 *(.vector_7)
 .vector_7      0x9d03f2e0        0x8 c:/program files (x86)/microchip/xc32/v1.40/bin/bin/../../lib/gcc/pic32mx/4.8.3/../../../../pic32mx/lib\libpic32.a(vector7.o)
                0x9d03f2e0                __vector_dispatch_7
                0x00000001                ASSERT (((_vector_spacing == 0x0) || (SIZEOF (.vector_7) <= (_vector_spacing << 0x5))), function at exception vector 7 too large)

.vector_8       0x9d03f300        0x8
 *(.vector_8)
 .vector_8      0x9d03f300        0x8 c:/program files (x86)/microchip/xc32/v1.40/bin/bin/../../lib/gcc/pic32mx/4.8.3/../../../../pic32mx/lib\libpic32.a(vector8.o)
                0x9d03f300                __vector_dispatch_8
                0x00000001                ASSERT (((_vector_spacing == 0x0) || (SIZEOF (.vector_8) <= (_vector_spacing << 0x5))), function at exception vector 8 too large)

.vector_9       0x9d03f320        0x8
 *(.vector_9)
 .vector_9      0x9d03f320        0x8 c:/program files (x86)/microchip/xc32/v1.40/bin/bin/../../lib/gcc/pic32mx/4.8.3/../../../../pic32mx/lib\libpic32.a(vector9.o)
                0x9d03f320                __vector_dispatch_9
                0x00000001                ASSERT (((_vector_spacing == 0x0) || (SIZEOF (.vector_9) <= (_vector_spacing << 0x5))), function at exception vector 9 too large)

.vector_10      0x9d03f340        0x8
 *(.vector_10)
 .vector_10     0x9d03f340        0x8 c:/program files (x86)/microchip/xc32/v1.40/bin/bin/../../lib/gcc/pic32mx/4.8.3/../../../../pic32mx/lib\libpic32.a(vector10.o)
                0x9d03f340                __vector_dispatch_10
                0x00000001                ASSERT (((_vector_spacing == 0x0) || (SIZEOF (.vector_10) <= (_vector_spacing << 0x5))), function at exception vector 10 too large)

.vector_11      0x9d03f360        0x8
 *(.vector_11)
 .vector_11     0x9d03f360        0x8 c:/program files (x86)/microchip/xc32/v1.40/bin/bin/../../lib/gcc/pic32mx/4.8.3/../../../../pic32mx/lib\libpic32.a(vector11.o)
                0x9d03f360                __vector_dispatch_11
                0x00000001                ASSERT (((_vector_spacing == 0x0) || (SIZEOF (.vector_11) <= (_vector_spacing << 0x5))), function at exception vector 11 too large)

.vector_12      0x9d03f380        0x8
 *(.vector_12)
 .vector_12     0x9d03f380        0x8 c:/program files (x86)/microchip/xc32/v1.40/bin/bin/../../lib/gcc/pic32mx/4.8.3/../../../../pic32mx/lib\libpic32.a(vector12.o)
                0x9d03f380                __vector_dispatch_12
                0x00000001                ASSERT (((_vector_spacing == 0x0) || (SIZEOF (.vector_12) <= (_vector_spacing << 0x5))), function at exception vector 12 too large)

.vector_13      0x9d03f3a0        0x8
 *(.vector_13)
 .vector_13     0x9d03f3a0        0x8 c:/program files (x86)/microchip/xc32/v1.40/bin/bin/../../lib/gcc/pic32mx/4.8.3/../../../../pic32mx/lib\libpic32.a(vector13.o)
                0x9d03f3a0                __vector_dispatch_13
                0x00000001                ASSERT (((_vector_spacing == 0x0) || (SIZEOF (.vector_13) <= (_vector_spacing << 0x5))), function at exception vector 13 too large)

.vector_14      0x9d03f3c0        0x8
 *(.vector_14)
 .vector_14     0x9d03f3c0        0x8 c:/program files (x86)/microchip/xc32/v1.40/bin/bin/../../lib/gcc/pic32mx/4.8.3/../../../../pic32mx/lib\libpic32.a(vector14.o)
                0x9d03f3c0                __vector_dispatch_14
                0x00000001                ASSERT (((_vector_spacing == 0x0) || (SIZEOF (.vector_14) <= (_vector_spacing << 0x5))), function at exception vector 14 too large)

.vector_15      0x9d03f3e0        0x8
 *(.vector_15)
 .vector_15     0x9d03f3e0        0x8 c:/program files (x86)/microchip/xc32/v1.40/bin/bin/../../lib/gcc/pic32mx/4.8.3/../../../../pic32mx/lib\libpic32.a(vector15.o)
                0x9d03f3e0                __vector_dispatch_15
                0x00000001                ASSERT (((_vector_spacing == 0x0) || (SIZEOF (.vector_15) <= (_vector_spacing << 0x5))), function at exception vector 15 too large)

.vector_16      0x9d03f400        0x8
 *(.vector_16)
 .vector_16     0x9d03f400        0x8 c:/program files (x86)/microchip/xc32/v1.40/bin/bin/../../lib/gcc/pic32mx/4.8.3/../../../../pic32mx/lib\libpic32.a(vector16.o)
                0x9d03f400                __vector_dispatch_16
                0x00000001                ASSERT (((_vector_spacing == 0x0) || (SIZEOF (.vector_16) <= (_vector_spacing << 0x5))), function at exception vector 16 too large)

.vector_17      0x9d03f420        0x8
 *(.vector_17)
 .vector_17     0x9d03f420        0x8 c:/program files (x86)/microchip/xc32/v1.40/bin/bin/../../lib/gcc/pic32mx/4.8.3/../../../../pic32mx/lib\libpic32.a(vector17.o)
                0x9d03f420                __vector_dispatch_17
                0x00000001                ASSERT (((_vector_spacing == 0x0) || (SIZEOF (.vector_17) <= (_vector_spacing << 0x5))), function at exception vector 17 too large)

.vector_18      0x9d03f440        0x8
 *(.vector_18)
 .vector_18     0x9d03f440        0x8 c:/program files (x86)/microchip/xc32/v1.40/bin/bin/../../lib/gcc/pic32mx/4.8.3/../../../../pic32mx/lib\libpic32.a(vector18.o)
                0x9d03f440                __vector_dispatch_18
                0x00000001                ASSERT (((_vector_spacing == 0x0) || (SIZEOF (.vector_18) <= (_vector_spacing << 0x5))), function at exception vector 18 too large)

.vector_19      0x9d03f460        0x8
 *(.vector_19)
 .vector_19     0x9d03f460        0x8 c:/program files (x86)/microchip/xc32/v1.40/bin/bin/../../lib/gcc/pic32mx/4.8.3/../../../../pic32mx/lib\libpic32.a(vector19.o)
                0x9d03f460                __vector_dispatch_19
                0x00000001                ASSERT (((_vector_spacing == 0x0) || (SIZEOF (.vector_19) <= (_vector_spacing << 0x5))), function at exception vector 19 too large)

.vector_20      0x9d03f480        0x8
 *(.vector_20)
 .vector_20     0x9d03f480        0x8 c:/program files (x86)/microchip/xc32/v1.40/bin/bin/../../lib/gcc/pic32mx/4.8.3/../../../../pic32mx/lib\libpic32.a(vector20.o)
                0x9d03f480                __vector_dispatch_20
                0x00000001                ASSERT (((_vector_spacing == 0x0) || (SIZEOF (.vector_20) <= (_vector_spacing << 0x5))), function at exception vector 20 too large)

.vector_21      0x9d03f4a0        0x8
 *(.vector_21)
 .vector_21     0x9d03f4a0        0x8 c:/program files (x86)/microchip/xc32/v1.40/bin/bin/../../lib/gcc/pic32mx/4.8.3/../../../../pic32mx/lib\libpic32.a(vector21.o)
                0x9d03f4a0                __vector_dispatch_21
                0x00000001                ASSERT (((_vector_spacing == 0x0) || (SIZEOF (.vector_21) <= (_vector_spacing << 0x5))), function at exception vector 21 too large)

.vector_22      0x9d03f4c0        0x8
 *(.vector_22)
 .vector_22     0x9d03f4c0        0x8 c:/program files (x86)/microchip/xc32/v1.40/bin/bin/../../lib/gcc/pic32mx/4.8.3/../../../../pic32mx/lib\libpic32.a(vector22.o)
                0x9d03f4c0                __vector_dispatch_22
                0x00000001                ASSERT (((_vector_spacing == 0x0) || (SIZEOF (.vector_22) <= (_vector_spacing << 0x5))), function at exception vector 22 too large)

.vector_23      0x9d03f4e0        0x8
 *(.vector_23)
 .vector_23     0x9d03f4e0        0x8 c:/program files (x86)/microchip/xc32/v1.40/bin/bin/../../lib/gcc/pic32mx/4.8.3/../../../../pic32mx/lib\libpic32.a(vector23.o)
                0x9d03f4e0                __vector_dispatch_23
                0x00000001                ASSERT (((_vector_spacing == 0x0) || (SIZEOF (.vector_23) <= (_vector_spacing << 0x5))), function at exception vector 23 too large)

.vector_24      0x9d03f500        0x8
 *(.vector_24)
 .vector_24     0x9d03f500        0x8 c:/program files (x86)/microchip/xc32/v1.40/bin/bin/../../lib/gcc/pic32mx/4.8.3/../../../../pic32mx/lib\libpic32.a(vector24.o)
                0x9d03f500                __vector_dispatch_24
                0x00000001                ASSERT (((_vector_spacing == 0x0) || (SIZEOF (.vector_24) <= (_vector_spacing << 0x5))), function at exception vector 24 too large)

.vector_25      0x9d03f520        0x8
 *(.vector_25)
 .vector_25     0x9d03f520        0x8 c:/program files (x86)/microchip/xc32/v1.40/bin/bin/../../lib/gcc/pic32mx/4.8.3/../../../../pic32mx/lib\libpic32.a(vector25.o)
                0x9d03f520                __vector_dispatch_25
                0x00000001                ASSERT (((_vector_spacing == 0x0) || (SIZEOF (.vector_25) <= (_vector_spacing << 0x5))), function at exception vector 25 too large)

.vector_26      0x9d03f540        0x8
 *(.vector_26)
 .vector_26     0x9d03f540        0x8 c:/program files (x86)/microchip/xc32/v1.40/bin/bin/../../lib/gcc/pic32mx/4.8.3/../../../../pic32mx/lib\libpic32.a(vector26.o)
                0x9d03f540                __vector_dispatch_26
                0x00000001                ASSERT (((_vector_spacing == 0x0) || (SIZEOF (.vector_26) <= (_vector_spacing << 0x5))), function at exception vector 26 too large)

.vector_27      0x9d03f560        0x8
 *(.vector_27)
 .vector_27     0x9d03f560        0x8 c:/program files (x86)/microchip/xc32/v1.40/bin/bin/../../lib/gcc/pic32mx/4.8.3/../../../../pic32mx/lib\libpic32.a(vector27.o)
                0x9d03f560                __vector_dispatch_27
                0x00000001                ASSERT (((_vector_spacing == 0x0) || (SIZEOF (.vector_27) <= (_vector_spacing << 0x5))), function at exception vector 27 too large)

.vector_28      0x9d03f580        0x8
 *(.vector_28)
 .vector_28     0x9d03f580        0x8 c:/program files (x86)/microchip/xc32/v1.40/bin/bin/../../lib/gcc/pic32mx/4.8.3/../../../../pic32mx/lib\libpic32.a(vector28.o)
                0x9d03f580                __vector_dispatch_28
                0x00000001                ASSERT (((_vector_spacing == 0x0) || (SIZEOF (.vector_28) <= (_vector_spacing << 0x5))), function at exception vector 28 too large)

.vector_29      0x9d03f5a0        0x8
 *(.vector_29)
 .vector_29     0x9d03f5a0        0x8 c:/program files (x86)/microchip/xc32/v1.40/bin/bin/../../lib/gcc/pic32mx/4.8.3/../../../../pic32mx/lib\libpic32.a(vector29.o)
                0x9d03f5a0                __vector_dispatch_29
                0x00000001                ASSERT (((_vector_spacing == 0x0) || (SIZEOF (.vector_29) <= (_vector_spacing << 0x5))), function at exception vector 29 too large)

.vector_30      0x9d03f5c0        0x8
 *(.vector_30)
 .vector_30     0x9d03f5c0        0x8 build/default/production/usb/src/usb.o
                0x9d03f5c0                __vector_dispatch_30
                0x00000001                ASSERT (((_vector_spacing == 0x0) || (SIZEOF (.vector_30) <= (_vector_spacing << 0x5))), function at exception vector 30 too large)

.vector_31      0x9d03f5e0        0x8
 *(.vector_31)
 .vector_31     0x9d03f5e0        0x8 c:/program files (x86)/microchip/xc32/v1.40/bin/bin/../../lib/gcc/pic32mx/4.8.3/../../../../pic32mx/lib\libpic32.a(vector31.o)
                0x9d03f5e0                __vector_dispatch_31
                0x00000001                ASSERT (((_vector_spacing == 0x0) || (SIZEOF (.vector_31) <= (_vector_spacing << 0x5))), function at exception vector 31 too large)

.vector_32      0x9d03f600        0x8
 *(.vector_32)
 .vector_32     0x9d03f600        0x8 c:/program files (x86)/microchip/xc32/v1.40/bin/bin/../../lib/gcc/pic32mx/4.8.3/../../../../pic32mx/lib\libpic32.a(vector32.o)
                0x9d03f600                __vector_dispatch_32
                0x00000001                ASSERT (((_vector_spacing == 0x0) || (SIZEOF (.vector_32) <= (_vector_spacing << 0x5))), function at exception vector 32 too large)

.vector_33      0x9d03f620        0x8
 *(.vector_33)
 .vector_33     0x9d03f620        0x8 c:/program files (x86)/microchip/xc32/v1.40/bin/bin/../../lib/gcc/pic32mx/4.8.3/../../../../pic32mx/lib\libpic32.a(vector33.o)
                0x9d03f620                __vector_dispatch_33
                0x00000001                ASSERT (((_vector_spacing == 0x0) || (SIZEOF (.vector_33) <= (_vector_spacing << 0x5))), function at exception vector 33 too large)

.vector_34      0x9d03f640        0x8
 *(.vector_34)
 .vector_34     0x9d03f640        0x8 c:/program files (x86)/microchip/xc32/v1.40/bin/bin/../../lib/gcc/pic32mx/4.8.3/../../../../pic32mx/lib\libpic32.a(vector34.o)
                0x9d03f640                __vector_dispatch_34
                0x00000001                ASSERT (((_vector_spacing == 0x0) || (SIZEOF (.vector_34) <= (_vector_spacing << 0x5))), function at exception vector 34 too large)

.vector_35      0x9d03f660        0x8
 *(.vector_35)
 .vector_35     0x9d03f660        0x8 c:/program files (x86)/microchip/xc32/v1.40/bin/bin/../../lib/gcc/pic32mx/4.8.3/../../../../pic32mx/lib\libpic32.a(vector35.o)
                0x9d03f660                __vector_dispatch_35
                0x00000001                ASSERT (((_vector_spacing == 0x0) || (SIZEOF (.vector_35) <= (_vector_spacing << 0x5))), function at exception vector 35 too large)

.vector_36      0x9d03f680        0x8
 *(.vector_36)
 .vector_36     0x9d03f680        0x8 c:/program files (x86)/microchip/xc32/v1.40/bin/bin/../../lib/gcc/pic32mx/4.8.3/../../../../pic32mx/lib\libpic32.a(vector36.o)
                0x9d03f680                __vector_dispatch_36
                0x00000001                ASSERT (((_vector_spacing == 0x0) || (SIZEOF (.vector_36) <= (_vector_spacing << 0x5))), function at exception vector 36 too large)

.vector_37      0x9d03f6a0        0x8
 *(.vector_37)
 .vector_37     0x9d03f6a0        0x8 c:/program files (x86)/microchip/xc32/v1.40/bin/bin/../../lib/gcc/pic32mx/4.8.3/../../../../pic32mx/lib\libpic32.a(vector37.o)
                0x9d03f6a0                __vector_dispatch_37
                0x00000001                ASSERT (((_vector_spacing == 0x0) || (SIZEOF (.vector_37) <= (_vector_spacing << 0x5))), function at exception vector 37 too large)

.vector_38      0x9d03f6c0        0x8
 *(.vector_38)
 .vector_38     0x9d03f6c0        0x8 c:/program files (x86)/microchip/xc32/v1.40/bin/bin/../../lib/gcc/pic32mx/4.8.3/../../../../pic32mx/lib\libpic32.a(vector38.o)
                0x9d03f6c0                __vector_dispatch_38
                0x00000001                ASSERT (((_vector_spacing == 0x0) || (SIZEOF (.vector_38) <= (_vector_spacing << 0x5))), function at exception vector 38 too large)

.vector_39      0x9d03f6e0        0x8
 *(.vector_39)
 .vector_39     0x9d03f6e0        0x8 c:/program files (x86)/microchip/xc32/v1.40/bin/bin/../../lib/gcc/pic32mx/4.8.3/../../../../pic32mx/lib\libpic32.a(vector39.o)
                0x9d03f6e0                __vector_dispatch_39
                0x00000001                ASSERT (((_vector_spacing == 0x0) || (SIZEOF (.vector_39) <= (_vector_spacing << 0x5))), function at exception vector 39 too large)

.vector_40      0x9d03f700        0x8
 *(.vector_40)
 .vector_40     0x9d03f700        0x8 c:/program files (x86)/microchip/xc32/v1.40/bin/bin/../../lib/gcc/pic32mx/4.8.3/../../../../pic32mx/lib\libpic32.a(vector40.o)
                0x9d03f700                __vector_dispatch_40
                0x00000001                ASSERT (((_vector_spacing == 0x0) || (SIZEOF (.vector_40) <= (_vector_spacing << 0x5))), function at exception vector 40 too large)

.vector_41      0x9d03f720        0x8
 *(.vector_41)
 .vector_41     0x9d03f720        0x8 c:/program files (x86)/microchip/xc32/v1.40/bin/bin/../../lib/gcc/pic32mx/4.8.3/../../../../pic32mx/lib\libpic32.a(vector41.o)
                0x9d03f720                __vector_dispatch_41
                0x00000001                ASSERT (((_vector_spacing == 0x0) || (SIZEOF (.vector_41) <= (_vector_spacing << 0x5))), function at exception vector 41 too large)

.vector_42      0x9d03f740        0x8
 *(.vector_42)
 .vector_42     0x9d03f740        0x8 c:/program files (x86)/microchip/xc32/v1.40/bin/bin/../../lib/gcc/pic32mx/4.8.3/../../../../pic32mx/lib\libpic32.a(vector42.o)
                0x9d03f740                __vector_dispatch_42
                0x00000001                ASSERT (((_vector_spacing == 0x0) || (SIZEOF (.vector_42) <= (_vector_spacing << 0x5))), function at exception vector 42 too large)

.vector_43      0x9d03f760        0x8
 *(.vector_43)
 .vector_43     0x9d03f760        0x8 c:/program files (x86)/microchip/xc32/v1.40/bin/bin/../../lib/gcc/pic32mx/4.8.3/../../../../pic32mx/lib\libpic32.a(vector43.o)
                0x9d03f760                __vector_dispatch_43
                0x00000001                ASSERT (((_vector_spacing == 0x0) || (SIZEOF (.vector_43) <= (_vector_spacing << 0x5))), function at exception vector 43 too large)

.vector_44      0x9d03f780        0x0
 *(.vector_44)
                0x00000001                ASSERT (((_vector_spacing == 0x0) || (SIZEOF (.vector_44) <= (_vector_spacing << 0x5))), function at exception vector 44 too large)

.vector_45      0x9d03f7a0        0x0
 *(.vector_45)
                0x00000001                ASSERT (((_vector_spacing == 0x0) || (SIZEOF (.vector_45) <= (_vector_spacing << 0x5))), function at exception vector 45 too large)

.vector_46      0x9d03f7c0        0x0
 *(.vector_46)
                0x00000001                ASSERT (((_vector_spacing == 0x0) || (SIZEOF (.vector_46) <= (_vector_spacing << 0x5))), function at exception vector 46 too large)

.vector_47      0x9d03f7e0        0x0
 *(.vector_47)
                0x00000001                ASSERT (((_vector_spacing == 0x0) || (SIZEOF (.vector_47) <= (_vector_spacing << 0x5))), function at exception vector 47 too large)

.vector_48      0x9d03f800        0x0
 *(.vector_48)
                0x00000001                ASSERT (((_vector_spacing == 0x0) || (SIZEOF (.vector_48) <= (_vector_spacing << 0x5))), function at exception vector 48 too large)

.vector_49      0x9d03f820        0x0
 *(.vector_49)
                0x00000001                ASSERT (((_vector_spacing == 0x0) || (SIZEOF (.vector_49) <= (_vector_spacing << 0x5))), function at exception vector 49 too large)

.vector_50      0x9d03f840        0x0
 *(.vector_50)
                0x00000001                ASSERT (((_vector_spacing == 0x0) || (SIZEOF (.vector_50) <= (_vector_spacing << 0x5))), function at exception vector 50 too large)

.vector_51      0x9d03f860        0x0
 *(.vector_51)
                0x00000001                ASSERT (((_vector_spacing == 0x0) || (SIZEOF (.vector_51) <= (_vector_spacing << 0x5))), function at exception vector 51 too large)

.vector_52      0x9d03f880        0x0
 *(.vector_52)
                0x00000001                ASSERT (((_vector_spacing == 0x0) || (SIZEOF (.vector_52) <= (_vector_spacing << 0x5))), function at exception vector 52 too large)

.vector_53      0x9d03f8a0        0x0
 *(.vector_53)
                0x00000001                ASSERT (((_vector_spacing == 0x0) || (SIZEOF (.vector_53) <= (_vector_spacing << 0x5))), function at exception vector 53 too large)

.vector_54      0x9d03f8c0        0x0
 *(.vector_54)
                0x00000001                ASSERT (((_vector_spacing == 0x0) || (SIZEOF (.vector_54) <= (_vector_spacing << 0x5))), function at exception vector 54 too large)

.vector_55      0x9d03f8e0        0x0
 *(.vector_55)
                0x00000001                ASSERT (((_vector_spacing == 0x0) || (SIZEOF (.vector_55) <= (_vector_spacing << 0x5))), function at exception vector 55 too large)

.vector_56      0x9d03f900        0x0
 *(.vector_56)
                0x00000001                ASSERT (((_vector_spacing == 0x0) || (SIZEOF (.vector_56) <= (_vector_spacing << 0x5))), function at exception vector 56 too large)

.vector_57      0x9d03f920        0x0
 *(.vector_57)
                0x00000001                ASSERT (((_vector_spacing == 0x0) || (SIZEOF (.vector_57) <= (_vector_spacing << 0x5))), function at exception vector 57 too large)

.vector_58      0x9d03f940        0x0
 *(.vector_58)
                0x00000001                ASSERT (((_vector_spacing == 0x0) || (SIZEOF (.vector_58) <= (_vector_spacing << 0x5))), function at exception vector 58 too large)

.vector_59      0x9d03f960        0x0
 *(.vector_59)
                0x00000001                ASSERT (((_vector_spacing == 0x0) || (SIZEOF (.vector_59) <= (_vector_spacing << 0x5))), function at exception vector 59 too large)

.vector_60      0x9d03f980        0x0
 *(.vector_60)
                0x00000001                ASSERT (((_vector_spacing == 0x0) || (SIZEOF (.vector_60) <= (_vector_spacing << 0x5))), function at exception vector 60 too large)

.vector_61      0x9d03f9a0        0x0
 *(.vector_61)
                0x00000001                ASSERT (((_vector_spacing == 0x0) || (SIZEOF (.vector_61) <= (_vector_spacing << 0x5))), function at exception vector 61 too large)

.vector_62      0x9d03f9c0        0x0
 *(.vector_62)
                0x00000001                ASSERT (((_vector_spacing == 0x0) || (SIZEOF (.vector_62) <= (_vector_spacing << 0x5))), function at exception vector 62 too large)

.vector_63      0x9d03f9e0        0x0
 *(.vector_63)
                0x00000001                ASSERT (((_vector_spacing == 0x0) || (SIZEOF (.vector_63) <= (_vector_spacing << 0x5))), function at exception vector 63 too large)

.startup
 *(.startup)

.text           0x9d000000     0x3aa8
 *(.stub .gnu.linkonce.t.*)
 .gnu.linkonce.t._ZNSt14error_categoryD1Ev
                0x9d000000       0x90 build/default/production/Register.o
                0x9d000000                std::error_category::~error_category()
 .gnu.linkonce.t._ZNSt14error_categoryD0Ev
                0x9d000090       0x44 build/default/production/Register.o
                0x9d000090                std::error_category::~error_category()
 .gnu.linkonce.t._ZNKSt14error_categoryeqERKS_
                0x9d0000d4       0x3c build/default/production/Register.o
                0x9d0000d4                std::error_category::operator==(std::error_category const&) const
 .gnu.linkonce.t._ZNKSt10error_code5valueEv
                0x9d000110       0x2c build/default/production/Register.o
                0x9d000110                std::error_code::value() const
 .gnu.linkonce.t._ZNKSt10error_code8categoryEv
                0x9d00013c       0x2c build/default/production/Register.o
                0x9d00013c                std::error_code::category() const
 .gnu.linkonce.t._ZNSt15error_conditionC1EiRKSt14error_category
                0x9d000168       0x44 build/default/production/Register.o
                0x9d000168                std::error_condition::error_condition(int, std::error_category const&)
 .gnu.linkonce.t._ZNKSt15error_condition5valueEv
                0x9d0001ac       0x2c build/default/production/Register.o
                0x9d0001ac                std::error_condition::value() const
 .gnu.linkonce.t._ZNKSt15error_condition8categoryEv
                0x9d0001d8       0x2c build/default/production/Register.o
                0x9d0001d8                std::error_condition::category() const
 .gnu.linkonce.t._ZNKSt15error_conditioneqERKS_
                0x9d000204       0xa0 build/default/production/Register.o
                0x9d000204                std::error_condition::operator==(std::error_condition const&) const
 .gnu.linkonce.t._ZNKSt14error_category23default_error_conditionEi
                0x9d0002a4       0x4c build/default/production/Register.o
                0x9d0002a4                std::error_category::default_error_condition(int) const
 .gnu.linkonce.t._ZNKSt14error_category10equivalentEiRKSt15error_condition
                0x9d0002f0       0x70 build/default/production/Register.o
                0x9d0002f0                std::error_category::equivalent(int, std::error_condition const&) const
 .gnu.linkonce.t._ZNKSt14error_category10equivalentERKSt10error_codei
                0x9d000360       0x84 build/default/production/Register.o
                0x9d000360                std::error_category::equivalent(std::error_code const&, int) const
 .gnu.linkonce.t._ZNSt9exceptionC2Ev
                0x9d0003e4       0x34 build/default/production/SPIDevice.o
                0x9d0003e4                std::exception::exception()
 .gnu.linkonce.t._ZNSt9bad_allocC1EPKc
                0x9d000418       0x50 build/default/production/SPIDevice.o
                0x9d000418                std::bad_alloc::bad_alloc(char const*)
 .gnu.linkonce.t._ZNKSt9bad_alloc4whatEv
                0x9d000468       0x2c build/default/production/SPIDevice.o
                0x9d000468                std::bad_alloc::what() const
 .gnu.linkonce.t._ZNKSt9bad_alloc8_DoraiseEv
                0x9d000494       0x3c build/default/production/SPIDevice.o
                0x9d000494                std::bad_alloc::_Doraise() const
 .gnu.linkonce.t._ZNSt9bad_allocD1Ev
                0x9d0004d0       0x64 build/default/production/SPIDevice.o
                0x9d0004d0                std::bad_alloc::~bad_alloc()
 .gnu.linkonce.t._ZNSt9bad_allocD0Ev
                0x9d000534       0x44 build/default/production/SPIDevice.o
                0x9d000534                std::bad_alloc::~bad_alloc()
 .gnu.linkonce.t._ZNSt11char_traitsIcE4copyEPcPKcm
                0x9d000578       0x48 build/default/production/SPIDevice.o
                0x9d000578                std::char_traits<char>::copy(char*, char const*, unsigned long)
 .gnu.linkonce.t._ZNSt11char_traitsIcE4moveEPcPKcm
                0x9d0005c0       0x48 build/default/production/SPIDevice.o
                0x9d0005c0                std::char_traits<char>::move(char*, char const*, unsigned long)
 .gnu.linkonce.t._ZNSt11char_traitsIcE6assignERcRKc
                0x9d000608       0x38 build/default/production/SPIDevice.o
                0x9d000608                std::char_traits<char>::assign(char&, char const&)
 .gnu.linkonce.t._ZNSsC1ERKSs
                0x9d000640      0x16c build/default/production/SPIDevice.o
                0x9d000640                std::basic_string<char, std::char_traits<char>, std::allocator<char> >::basic_string(std::string const&)
 .gnu.linkonce.t._ZNSsD1Ev
                0x9d0007ac       0x8c build/default/production/SPIDevice.o
                0x9d0007ac                std::basic_string<char, std::char_traits<char>, std::allocator<char> >::~basic_string()
 .gnu.linkonce.t._ZNSsC1Ev
                0x9d000838      0x144 build/default/production/SPIDevice.o
                0x9d000838                std::basic_string<char, std::char_traits<char>, std::allocator<char> >::basic_string()
 .gnu.linkonce.t._ZNSsaSERKSs
                0x9d00097c       0x40 build/default/production/SPIDevice.o
                0x9d00097c                std::string::operator=(std::string const&)
 .gnu.linkonce.t._ZNSt15_Allocator_baseIcEC2Ev
                0x9d0009bc       0x24 build/default/production/SPIDevice.o
                0x9d0009bc                std::_Allocator_base<char>::_Allocator_base()
 .gnu.linkonce.t._ZNSaIcEC1ERKS_
                0x9d0009e0       0x3c build/default/production/SPIDevice.o
                0x9d0009e0                std::allocator<char>::allocator(std::allocator<char> const&)
 .gnu.linkonce.t._ZNSt16_Container_base0C2Ev
                0x9d000a1c       0x24 build/default/production/SPIDevice.o
                0x9d000a1c                std::_Container_base0::_Container_base0()
 .gnu.linkonce.t._ZNSt11_String_valIcSaIcEEC2ES0_
                0x9d000a40       0x54 build/default/production/SPIDevice.o
                0x9d000a40                std::_String_val<char, std::allocator<char> >::_String_val(std::allocator<char>)
 .gnu.linkonce.t._ZNSt11_String_valIcSaIcEED2Ev
                0x9d000a94       0x24 build/default/production/SPIDevice.o
                0x9d000a94                std::_String_val<char, std::allocator<char> >::~_String_val()
 .gnu.linkonce.t._ZNSs5_TidyEbm
                0x9d000ab8       0xd4 build/default/production/SPIDevice.o
                0x9d000ab8                std::string::_Tidy(bool, unsigned long)
 .gnu.linkonce.t._ZNSs6assignERKSsmm
                0x9d000b8c      0x160 build/default/production/SPIDevice.o
                0x9d000b8c                std::string::assign(std::string const&, unsigned long, unsigned long)
 .gnu.linkonce.t._ZNSaIcEC1Ev
                0x9d000cec       0x38 build/default/production/SPIDevice.o
                0x9d000cec                std::allocator<char>::allocator()
 .gnu.linkonce.t._ZNKSs6_MyptrEv
                0x9d000d24       0x4c build/default/production/SPIDevice.o
                0x9d000d24                std::string::_Myptr() const
 .gnu.linkonce.t._ZNKSs4sizeEv
                0x9d000d70       0x2c build/default/production/SPIDevice.o
                0x9d000d70                std::string::size() const
 .gnu.linkonce.t._ZNSs6assignERKSs
                0x9d000d9c       0x48 build/default/production/SPIDevice.o
                0x9d000d9c                std::string::assign(std::string const&)
 .gnu.linkonce.t._ZNSaIcE10deallocateEPcm
                0x9d000de4       0x40 build/default/production/SPIDevice.o
                0x9d000de4                std::allocator<char>::deallocate(char*, unsigned long)
 .gnu.linkonce.t._ZNSs4_EosEm
                0x9d000e24       0x70 build/default/production/SPIDevice.o
                0x9d000e24                std::string::_Eos(unsigned long)
 .gnu.linkonce.t._ZNKSs5_XranEv
                0x9d000e94       0x3c build/default/production/SPIDevice.o
                0x9d000e94                std::string::_Xran() const
 .gnu.linkonce.t._ZNSs5eraseEmm
                0x9d000ed0      0x12c build/default/production/SPIDevice.o
                0x9d000ed0                std::string::erase(unsigned long, unsigned long)
 .gnu.linkonce.t._ZNSs5_GrowEmb
                0x9d000ffc      0x130 build/default/production/SPIDevice.o
                0x9d000ffc                std::string::_Grow(unsigned long, bool)
 .gnu.linkonce.t._ZNSs6_MyptrEv
                0x9d00112c       0x4c build/default/production/SPIDevice.o
                0x9d00112c                std::string::_Myptr()
 .gnu.linkonce.t._ZNKSs8max_sizeEv
                0x9d001178       0x68 build/default/production/SPIDevice.o
                0x9d001178                std::string::max_size() const
 .gnu.linkonce.t._ZNKSs5_XlenEv
                0x9d0011e0       0x3c build/default/production/SPIDevice.o
                0x9d0011e0                std::string::_Xlen() const
 .gnu.linkonce.t._ZNSs5_CopyEmm
                0x9d00121c      0x1a8 build/default/production/SPIDevice.o
                0x9d00121c                std::string::_Copy(unsigned long, unsigned long)
 .gnu.linkonce.t._ZNKSaIcE8max_sizeEv
                0x9d0013c4       0x48 build/default/production/SPIDevice.o
                0x9d0013c4                std::allocator<char>::max_size() const
 .gnu.linkonce.t._ZNSaIcE8allocateEm
                0x9d00140c       0x40 build/default/production/SPIDevice.o
                0x9d00140c                std::allocator<char>::allocate(unsigned long)
 .gnu.linkonce.t._ZSt9_AllocateIcEPT_mS1_
                0x9d00144c      0x190 build/default/production/SPIDevice.o
                0x9d00144c                char* std::_Allocate<char>(unsigned long, char*)
 .gnu.linkonce.t.log
                0x9d0015dc       0x3c build/default/production/Altimeter.o
                0x9d0015dc                log
 .gnu.linkonce.t._Z3logIjEN14_Combined_typeIN8_Rc_typeIT_E5_TypeEN10_Real_typeIS2_E5_TypeEE5_TypeES2_
                0x9d001618       0x50 build/default/production/Altimeter.o
                0x9d001618                _Combined_type<_Rc_type<unsigned int>::_Type, _Real_type<unsigned int>::_Type>::_Type log<unsigned int>(unsigned int)
 .gnu.linkonce.t._Z11_Rc_convertIjdffET0_RKT_PS0_PT1_PT2_
                0x9d001668       0x4c build/default/production/Altimeter.o
                0x9d001668                double _Rc_convert<unsigned int, double, float, float>(unsigned int const&, double*, float*, float*)
 .gnu.linkonce.t._ZNKSs6lengthEv
                0x9d0016b4       0x2c build/default/production/LCD.o
                0x9d0016b4                std::string::length() const
 .gnu.linkonce.t._Z3absf
                0x9d0016e0       0x2c build/default/production/Quaternion.o
                0x9d0016e0                abs(float)
 .gnu.linkonce.t._Z3cosf
                0x9d00170c       0x3c build/default/production/Quaternion.o
                0x9d00170c                cos(float)
 .gnu.linkonce.t._Z3expf
                0x9d001748       0x38 build/default/production/Quaternion.o
                0x9d001748                exp(float)
 .gnu.linkonce.t._Z3sinf
                0x9d001780       0x3c build/default/production/Quaternion.o
                0x9d001780                sin(float)
 .gnu.linkonce.t._Z4sqrtf
                0x9d0017bc       0x38 build/default/production/Quaternion.o
                0x9d0017bc                sqrt(float)
 .gnu.linkonce.t._ZnwmPv
                0x9d0017f4       0x2c build/default/production/System.o
                0x9d0017f4                operator new(unsigned long, void*)
 .gnu.linkonce.t._ZNSt11char_traitsIcE7compareEPKcS2_m
                0x9d001820       0x48 build/default/production/System.o
                0x9d001820                std::char_traits<char>::compare(char const*, char const*, unsigned long)
 .gnu.linkonce.t._ZNSt11char_traitsIcE6lengthEPKc
                0x9d001868       0x38 build/default/production/System.o
                0x9d001868                std::char_traits<char>::length(char const*)
 .gnu.linkonce.t._ZNSt11char_traitsIcE2eqERKcS2_
                0x9d0018a0       0x44 build/default/production/System.o
                0x9d0018a0                std::char_traits<char>::eq(char const&, char const&)
 .gnu.linkonce.t._ZNSt16_Container_base011_Orphan_allEv
                0x9d0018e4       0x24 build/default/production/System.o
                0x9d0018e4                std::_Container_base0::_Orphan_all()
 .gnu.linkonce.t._ZNSt9exceptionC2ERKS_
                0x9d001908       0x38 build/default/production/System.o
                0x9d001908                std::exception::exception(std::exception const&)
 .gnu.linkonce.t._ZNSt9bad_allocC1ERKS_
                0x9d001940       0x58 build/default/production/System.o
                0x9d001940                std::bad_alloc::bad_alloc(std::bad_alloc const&)
 .gnu.linkonce.t._ZNSsC1EPKc
                0x9d001998      0x158 build/default/production/System.o
                0x9d001998                std::basic_string<char, std::char_traits<char>, std::allocator<char> >::basic_string(char const*)
 .gnu.linkonce.t._ZNKSs5c_strEv
                0x9d001af0       0x38 build/default/production/System.o
                0x9d001af0                std::string::c_str() const
 .gnu.linkonce.t._ZNSt6vectorIPN3HAL9SPIDeviceESaIS2_EEC1Ev
                0x9d001b28       0x5c build/default/production/System.o
                0x9d001b28                std::vector<HAL::SPIDevice*, std::allocator<HAL::SPIDevice*> >::vector()
 .gnu.linkonce.t._ZNSt6vectorIPN3HAL9SPIDeviceESaIS2_EED1Ev
                0x9d001b84       0x84 build/default/production/System.o
                0x9d001b84                std::vector<HAL::SPIDevice*, std::allocator<HAL::SPIDevice*> >::~vector()
 .gnu.linkonce.t._ZN3MapISsN3HAL8RegisterEEC1Ev
                0x9d001c08       0x2c build/default/production/System.o
                0x9d001c08                Map<std::string, HAL::Register>::Map()
 .gnu.linkonce.t._ZN3MapISsN3HAL8RegisterEED1Ev
                0x9d001c34       0xbc build/default/production/System.o
                0x9d001c34                Map<std::string, HAL::Register>::~Map()
 .gnu.linkonce.t._ZNSt6vectorIPN3HAL9SPIDeviceESaIS2_EE9push_backERKS2_
                0x9d001cf0      0x198 build/default/production/System.o
                0x9d001cf0                std::vector<HAL::SPIDevice*, std::allocator<HAL::SPIDevice*> >::push_back(HAL::SPIDevice* const&)
 .gnu.linkonce.t._ZNSt6vectorIPN3HAL9SPIDeviceESaIS2_EEixEm
                0x9d001e88       0x3c build/default/production/System.o
                0x9d001e88                std::vector<HAL::SPIDevice*, std::allocator<HAL::SPIDevice*> >::operator[](unsigned long)
 .gnu.linkonce.t._ZNKSs5rfindEPKcm
                0x9d001ec4       0x58 build/default/production/System.o
                0x9d001ec4                std::string::rfind(char const*, unsigned long) const
 .gnu.linkonce.t._ZNSs6assignEPKc
                0x9d001f1c       0x50 build/default/production/System.o
                0x9d001f1c                std::string::assign(char const*)
 .gnu.linkonce.t._ZNSt15_Allocator_baseIPN3HAL9SPIDeviceEEC2Ev
                0x9d001f6c       0x24 build/default/production/System.o
                0x9d001f6c                std::_Allocator_base<HAL::SPIDevice*>::_Allocator_base()
 .gnu.linkonce.t._ZNSaIPN3HAL9SPIDeviceEEC1Ev
                0x9d001f90       0x38 build/default/production/System.o
                0x9d001f90                std::allocator<HAL::SPIDevice*>::allocator()
 .gnu.linkonce.t._ZNSaIPN3HAL9SPIDeviceEEC1ERKS2_
                0x9d001fc8       0x3c build/default/production/System.o
                0x9d001fc8                std::allocator<HAL::SPIDevice*>::allocator(std::allocator<HAL::SPIDevice*> const&)
 .gnu.linkonce.t._ZNSt11_Vector_valIPN3HAL9SPIDeviceESaIS2_EEC2ES3_
                0x9d002004       0x6c build/default/production/System.o
                0x9d002004                std::_Vector_val<HAL::SPIDevice*, std::allocator<HAL::SPIDevice*> >::_Vector_val(std::allocator<HAL::SPIDevice*>)
 .gnu.linkonce.t._ZNSt11_Vector_valIPN3HAL9SPIDeviceESaIS2_EED2Ev
                0x9d002070       0x24 build/default/production/System.o
                0x9d002070                std::_Vector_val<HAL::SPIDevice*, std::allocator<HAL::SPIDevice*> >::~_Vector_val()
 .gnu.linkonce.t._ZNSt6vectorIPN3HAL9SPIDeviceESaIS2_EE5_TidyEv
                0x9d002094       0xc0 build/default/production/System.o
                0x9d002094                std::vector<HAL::SPIDevice*, std::allocator<HAL::SPIDevice*> >::_Tidy()
 .gnu.linkonce.t._ZN3MapISsN3HAL8RegisterEE10DestructorEPNS2_4NodeE
                0x9d002154       0x90 build/default/production/System.o
                0x9d002154                Map<std::string, HAL::Register>::Destructor(Map<std::string, HAL::Register>::Node*)
 .gnu.linkonce.t._ZN3MapISsN3HAL8RegisterEE4NodeD1Ev
                0x9d0021e4       0x50 build/default/production/System.o
                0x9d0021e4                Map<std::string, HAL::Register>::Node::~Node()
 .gnu.linkonce.t._ZNKSt6vectorIPN3HAL9SPIDeviceESaIS2_EE7_InsideEPKS2_
                0x9d002234       0x68 build/default/production/System.o
                0x9d002234                std::vector<HAL::SPIDevice*, std::allocator<HAL::SPIDevice*> >::_Inside(HAL::SPIDevice* const*) const
 .gnu.linkonce.t._ZSt9addressofIKPN3HAL9SPIDeviceEEPT_RS4_
                0x9d00229c       0x28 build/default/production/System.o
                0x9d00229c                HAL::SPIDevice* const* std::addressof<HAL::SPIDevice* const>(HAL::SPIDevice* const&)
 .gnu.linkonce.t._ZNSt6vectorIPN3HAL9SPIDeviceESaIS2_EE8_ReserveEm
                0x9d0022c4       0xd4 build/default/production/System.o
                0x9d0022c4                std::vector<HAL::SPIDevice*, std::allocator<HAL::SPIDevice*> >::_Reserve(unsigned long)
 .gnu.linkonce.t._ZNKSt6vectorIPN3HAL9SPIDeviceESaIS2_EE13_Orphan_rangeEPS2_S5_
                0x9d002398       0x2c build/default/production/System.o
                0x9d002398                std::vector<HAL::SPIDevice*, std::allocator<HAL::SPIDevice*> >::_Orphan_range(HAL::SPIDevice**, HAL::SPIDevice**) const
 .gnu.linkonce.t._ZSt9_Cons_valISaIPN3HAL9SPIDeviceEES2_S2_EvRT_PT0_RKT1_
                0x9d0023c4       0x48 build/default/production/System.o
                0x9d0023c4                void std::_Cons_val<std::allocator<HAL::SPIDevice*>, HAL::SPIDevice*, HAL::SPIDevice*>(std::allocator<HAL::SPIDevice*>&, HAL::SPIDevice**, HAL::SPIDevice* const&)
 .gnu.linkonce.t._ZNKSs5rfindEPKcmm
                0x9d00240c      0x180 build/default/production/System.o
                0x9d00240c                std::string::rfind(char const*, unsigned long, unsigned long) const
 .gnu.linkonce.t._ZNSs6assignEPKcm
                0x9d00258c       0xd8 build/default/production/System.o
                0x9d00258c                std::string::assign(char const*, unsigned long)
 .gnu.linkonce.t._ZNSt6vectorIPN3HAL9SPIDeviceESaIS2_EE8_DestroyEPS2_S5_
                0x9d002664       0x50 build/default/production/System.o
                0x9d002664                std::vector<HAL::SPIDevice*, std::allocator<HAL::SPIDevice*> >::_Destroy(HAL::SPIDevice**, HAL::SPIDevice**)
 .gnu.linkonce.t._ZNSaIPN3HAL9SPIDeviceEE10deallocateEPS1_m
                0x9d0026b4       0x40 build/default/production/System.o
                0x9d0026b4                std::allocator<HAL::SPIDevice*>::deallocate(HAL::SPIDevice**, unsigned long)
 .gnu.linkonce.t._ZNKSt6vectorIPN3HAL9SPIDeviceESaIS2_EE4sizeEv
                0x9d0026f4       0x40 build/default/production/System.o
                0x9d0026f4                std::vector<HAL::SPIDevice*, std::allocator<HAL::SPIDevice*> >::size() const
 .gnu.linkonce.t._ZNKSt6vectorIPN3HAL9SPIDeviceESaIS2_EE8max_sizeEv
                0x9d002734       0x40 build/default/production/System.o
                0x9d002734                std::vector<HAL::SPIDevice*, std::allocator<HAL::SPIDevice*> >::max_size() const
 .gnu.linkonce.t._ZNKSt6vectorIPN3HAL9SPIDeviceESaIS2_EE5_XlenEv
                0x9d002774       0x3c build/default/production/System.o
                0x9d002774                std::vector<HAL::SPIDevice*, std::allocator<HAL::SPIDevice*> >::_Xlen() const
 .gnu.linkonce.t._ZNKSt6vectorIPN3HAL9SPIDeviceESaIS2_EE8capacityEv
                0x9d0027b0       0x40 build/default/production/System.o
                0x9d0027b0                std::vector<HAL::SPIDevice*, std::allocator<HAL::SPIDevice*> >::capacity() const
 .gnu.linkonce.t._ZNSt6vectorIPN3HAL9SPIDeviceESaIS2_EE7reserveEm
                0x9d0027f0      0x198 build/default/production/System.o
                0x9d0027f0                std::vector<HAL::SPIDevice*, std::allocator<HAL::SPIDevice*> >::reserve(unsigned long)
 .gnu.linkonce.t._ZNKSt6vectorIPN3HAL9SPIDeviceESaIS2_EE8_Grow_toEm
                0x9d002988       0xac build/default/production/System.o
                0x9d002988                std::vector<HAL::SPIDevice*, std::allocator<HAL::SPIDevice*> >::_Grow_to(unsigned long) const
 .gnu.linkonce.t._ZNSaIPN3HAL9SPIDeviceEE9constructEPS1_RKS1_
                0x9d002a34       0x44 build/default/production/System.o
                0x9d002a34                std::allocator<HAL::SPIDevice*>::construct(HAL::SPIDevice**, HAL::SPIDevice* const&)
 .gnu.linkonce.t._ZNSs7_InsideEPKc
                0x9d002a78       0xb0 build/default/production/System.o
                0x9d002a78                std::string::_Inside(char const*)
 .gnu.linkonce.t._ZSt14_Destroy_rangeISaIPN3HAL9SPIDeviceEEEvNT_7pointerES5_RS4_
                0x9d002b28       0x6c build/default/production/System.o
                0x9d002b28                void std::_Destroy_range<std::allocator<HAL::SPIDevice*> >(std::allocator<HAL::SPIDevice*>::pointer, std::allocator<HAL::SPIDevice*>::pointer, std::allocator<HAL::SPIDevice*>&)
 .gnu.linkonce.t._ZNKSaIPN3HAL9SPIDeviceEE8max_sizeEv
                0x9d002b94       0x4c build/default/production/System.o
                0x9d002b94                std::allocator<HAL::SPIDevice*>::max_size() const
 .gnu.linkonce.t._ZNSaIPN3HAL9SPIDeviceEE8allocateEm
                0x9d002be0       0x40 build/default/production/System.o
                0x9d002be0                std::allocator<HAL::SPIDevice*>::allocate(unsigned long)
 .gnu.linkonce.t._ZNSt6vectorIPN3HAL9SPIDeviceESaIS2_EE6_UmoveIPS2_EES6_T_S7_S6_
                0x9d002c20       0x58 build/default/production/System.o
                0x9d002c20                HAL::SPIDevice** std::vector<HAL::SPIDevice*, std::allocator<HAL::SPIDevice*> >::_Umove<HAL::SPIDevice**>(HAL::SPIDevice**, HAL::SPIDevice**, HAL::SPIDevice**)
 .gnu.linkonce.t._ZSt10_ConstructIPN3HAL9SPIDeviceES2_EvPT_RKT0_
                0x9d002c78       0x58 build/default/production/System.o
                0x9d002c78                void std::_Construct<HAL::SPIDevice*, HAL::SPIDevice*>(HAL::SPIDevice**, HAL::SPIDevice* const&)
 .gnu.linkonce.t._ZSt8_Ptr_catIN3HAL9SPIDeviceEESt24_Scalar_ptr_iterator_tagPPT_S5_
                0x9d002cd0       0x34 build/default/production/System.o
                0x9d002cd0                std::_Scalar_ptr_iterator_tag std::_Ptr_cat<HAL::SPIDevice>(HAL::SPIDevice**, HAL::SPIDevice**)
 .gnu.linkonce.t._ZSt14_Destroy_rangeISaIPN3HAL9SPIDeviceEEEvNT_7pointerES5_RS4_St24_Scalar_ptr_iterator_tag
                0x9d002d04       0x30 build/default/production/System.o
                0x9d002d04                void std::_Destroy_range<std::allocator<HAL::SPIDevice*> >(std::allocator<HAL::SPIDevice*>::pointer, std::allocator<HAL::SPIDevice*>::pointer, std::allocator<HAL::SPIDevice*>&, std::_Scalar_ptr_iterator_tag)
 .gnu.linkonce.t._ZSt9_AllocateIPN3HAL9SPIDeviceEEPT_mS4_
                0x9d002d34      0x1bc build/default/production/System.o
                0x9d002d34                HAL::SPIDevice** std::_Allocate<HAL::SPIDevice*>(unsigned long, HAL::SPIDevice**)
 .gnu.linkonce.t._ZSt19_Uninitialized_moveIPPN3HAL9SPIDeviceES3_SaIS2_EET0_T_S6_S5_RT1_
                0x9d002ef0       0x90 build/default/production/System.o
                0x9d002ef0                HAL::SPIDevice** std::_Uninitialized_move<HAL::SPIDevice**, HAL::SPIDevice**, std::allocator<HAL::SPIDevice*> >(HAL::SPIDevice**, HAL::SPIDevice**, HAL::SPIDevice**, std::allocator<HAL::SPIDevice*>&)
 .gnu.linkonce.t._ZSt9_Val_typeIPPN3HAL9SPIDeviceEEPNSt15iterator_traitsIT_E10value_typeES5_
                0x9d002f80       0x28 build/default/production/System.o
                0x9d002f80                std::iterator_traits<HAL::SPIDevice**>::value_type* std::_Val_type<HAL::SPIDevice**>(HAL::SPIDevice**)
 .gnu.linkonce.t._ZSt12_Uninit_moveIPN3HAL9SPIDeviceES2_S2_EPT0_PT_S6_S4_RSaIS3_EPT1_St24_Scalar_ptr_iterator_tag
                0x9d002fa8       0x78 build/default/production/System.o
                0x9d002fa8                HAL::SPIDevice** std::_Uninit_move<HAL::SPIDevice*, HAL::SPIDevice*, HAL::SPIDevice*>(HAL::SPIDevice**, HAL::SPIDevice**, HAL::SPIDevice**, std::allocator<HAL::SPIDevice*>&, HAL::SPIDevice**, std::_Scalar_ptr_iterator_tag)
 .gnu.linkonce.t._ZNK10__cxxabiv117__pbase_type_info15__pointer_catchEPKS0_PPvj
                0x9d003020       0x18 c:/program files (x86)/microchip/xc32/v1.40/bin/bin/../../lib/gcc/pic32mx/4.8.3/../../../../pic32mx/lib\libsupc++.a(pbase_type_info.o)
                0x9d003020                __cxxabiv1::__pbase_type_info::__pointer_catch(__cxxabiv1::__pbase_type_info const*, void**, unsigned int) const
 .gnu.linkonce.t._ZNSt11logic_errorD1Ev
                0x9d003038       0x58 c:/program files (x86)/microchip/xc32/v1.40/bin/bin/../../lib/gcc/pic32mx/4.8.3/../../../../pic32mx/lib\libxcpp.a(xthrow.o)
                0x9d003038                std::logic_error::~logic_error()
 .gnu.linkonce.t._ZNSt11logic_errorD0Ev
                0x9d003090       0x60 c:/program files (x86)/microchip/xc32/v1.40/bin/bin/../../lib/gcc/pic32mx/4.8.3/../../../../pic32mx/lib\libxcpp.a(xthrow.o)
                0x9d003090                std::logic_error::~logic_error()
 .gnu.linkonce.t._ZNKSt11logic_error4whatEv
                0x9d0030f0       0x20 c:/program files (x86)/microchip/xc32/v1.40/bin/bin/../../lib/gcc/pic32mx/4.8.3/../../../../pic32mx/lib\libxcpp.a(xthrow.o)
                0x9d0030f0                std::logic_error::what() const
 .gnu.linkonce.t._ZNKSt11logic_error8_DoraiseEv
                0x9d003110       0x1c c:/program files (x86)/microchip/xc32/v1.40/bin/bin/../../lib/gcc/pic32mx/4.8.3/../../../../pic32mx/lib\libxcpp.a(xthrow.o)
                0x9d003110                std::logic_error::_Doraise() const
 .gnu.linkonce.t._ZNKSt16invalid_argument8_DoraiseEv
                0x9d00312c       0x1c c:/program files (x86)/microchip/xc32/v1.40/bin/bin/../../lib/gcc/pic32mx/4.8.3/../../../../pic32mx/lib\libxcpp.a(xthrow.o)
                0x9d00312c                std::invalid_argument::_Doraise() const
 .gnu.linkonce.t._ZNKSt12length_error8_DoraiseEv
                0x9d003148       0x1c c:/program files (x86)/microchip/xc32/v1.40/bin/bin/../../lib/gcc/pic32mx/4.8.3/../../../../pic32mx/lib\libxcpp.a(xthrow.o)
                0x9d003148                std::length_error::_Doraise() const
 .gnu.linkonce.t._ZNKSt12out_of_range8_DoraiseEv
                0x9d003164       0x1c c:/program files (x86)/microchip/xc32/v1.40/bin/bin/../../lib/gcc/pic32mx/4.8.3/../../../../pic32mx/lib\libxcpp.a(xthrow.o)
                0x9d003164                std::out_of_range::_Doraise() const
 .gnu.linkonce.t._ZNSt13runtime_errorD1Ev
                0x9d003180       0x58 c:/program files (x86)/microchip/xc32/v1.40/bin/bin/../../lib/gcc/pic32mx/4.8.3/../../../../pic32mx/lib\libxcpp.a(xthrow.o)
                0x9d003180                std::runtime_error::~runtime_error()
 .gnu.linkonce.t._ZNSt13runtime_errorD0Ev
                0x9d0031d8       0x60 c:/program files (x86)/microchip/xc32/v1.40/bin/bin/../../lib/gcc/pic32mx/4.8.3/../../../../pic32mx/lib\libxcpp.a(xthrow.o)
                0x9d0031d8                std::runtime_error::~runtime_error()
 .gnu.linkonce.t._ZNKSt13runtime_error4whatEv
                0x9d003238       0x20 c:/program files (x86)/microchip/xc32/v1.40/bin/bin/../../lib/gcc/pic32mx/4.8.3/../../../../pic32mx/lib\libxcpp.a(xthrow.o)
                0x9d003238                std::runtime_error::what() const
 .gnu.linkonce.t._ZNKSt13runtime_error8_DoraiseEv
                0x9d003258       0x1c c:/program files (x86)/microchip/xc32/v1.40/bin/bin/../../lib/gcc/pic32mx/4.8.3/../../../../pic32mx/lib\libxcpp.a(xthrow.o)
                0x9d003258                std::runtime_error::_Doraise() const
 .gnu.linkonce.t._ZNKSt14overflow_error8_DoraiseEv
                0x9d003274       0x1c c:/program files (x86)/microchip/xc32/v1.40/bin/bin/../../lib/gcc/pic32mx/4.8.3/../../../../pic32mx/lib\libxcpp.a(xthrow.o)
                0x9d003274                std::overflow_error::_Doraise() const
 .gnu.linkonce.t._ZNSt14overflow_errorD1Ev
                0x9d003290       0x58 c:/program files (x86)/microchip/xc32/v1.40/bin/bin/../../lib/gcc/pic32mx/4.8.3/../../../../pic32mx/lib\libxcpp.a(xthrow.o)
                0x9d003290                std::overflow_error::~overflow_error()
 .gnu.linkonce.t._ZNSt14overflow_errorD0Ev
                0x9d0032e8       0x60 c:/program files (x86)/microchip/xc32/v1.40/bin/bin/../../lib/gcc/pic32mx/4.8.3/../../../../pic32mx/lib\libxcpp.a(xthrow.o)
                0x9d0032e8                std::overflow_error::~overflow_error()
 .gnu.linkonce.t._ZNSt12out_of_rangeD1Ev
                0x9d003348       0x58 c:/program files (x86)/microchip/xc32/v1.40/bin/bin/../../lib/gcc/pic32mx/4.8.3/../../../../pic32mx/lib\libxcpp.a(xthrow.o)
                0x9d003348                std::out_of_range::~out_of_range()
 .gnu.linkonce.t._ZNSt12out_of_rangeD0Ev
                0x9d0033a0       0x60 c:/program files (x86)/microchip/xc32/v1.40/bin/bin/../../lib/gcc/pic32mx/4.8.3/../../../../pic32mx/lib\libxcpp.a(xthrow.o)
                0x9d0033a0                std::out_of_range::~out_of_range()
 .gnu.linkonce.t._ZNSt12length_errorD1Ev
                0x9d003400       0x58 c:/program files (x86)/microchip/xc32/v1.40/bin/bin/../../lib/gcc/pic32mx/4.8.3/../../../../pic32mx/lib\libxcpp.a(xthrow.o)
                0x9d003400                std::length_error::~length_error()
 .gnu.linkonce.t._ZNSt12length_errorD0Ev
                0x9d003458       0x60 c:/program files (x86)/microchip/xc32/v1.40/bin/bin/../../lib/gcc/pic32mx/4.8.3/../../../../pic32mx/lib\libxcpp.a(xthrow.o)
                0x9d003458                std::length_error::~length_error()
 .gnu.linkonce.t._ZNSt16invalid_argumentD1Ev
                0x9d0034b8       0x58 c:/program files (x86)/microchip/xc32/v1.40/bin/bin/../../lib/gcc/pic32mx/4.8.3/../../../../pic32mx/lib\libxcpp.a(xthrow.o)
                0x9d0034b8                std::invalid_argument::~invalid_argument()
 .gnu.linkonce.t._ZNSt16invalid_argumentD0Ev
                0x9d003510       0x60 c:/program files (x86)/microchip/xc32/v1.40/bin/bin/../../lib/gcc/pic32mx/4.8.3/../../../../pic32mx/lib\libxcpp.a(xthrow.o)
                0x9d003510                std::invalid_argument::~invalid_argument()
 *(.text.*personality*)
 .text.__gxx_personality_sj0
                0x9d003570      0x538 c:/program files (x86)/microchip/xc32/v1.40/bin/bin/../../lib/gcc/pic32mx/4.8.3/../../../../pic32mx/lib\libsupc++.a(eh_personality.o)
                0x9d003570                __gxx_personality_sj0
 *(.mips16.fn.*)
 *(.mips16.call.*)
 *(.gnu.warning)
                0x9d003aa8                . = ALIGN (0x4)

.init           0x9d003aa8       0x24
 *crti.o(.init)
 .init          0x9d003aa8        0x8 c:/program files (x86)/microchip/xc32/v1.40/bin/bin/../../lib/gcc/pic32mx/4.8.3/crti.o
                0x9d003aa8                _init
 *crtbegin.o(.init)
 .init          0x9d003ab0        0x8 c:/program files (x86)/microchip/xc32/v1.40/bin/bin/../../lib/gcc/pic32mx/4.8.3/crtbegin.o
 *(EXCLUDE_FILE(*crtn.o *crtend?.o *crtend.o) .init)
 *crtend.o(.init)
 .init          0x9d003ab8        0x8 c:/program files (x86)/microchip/xc32/v1.40/bin/bin/../../lib/gcc/pic32mx/4.8.3/crtend.o
 *crtn.o(.init)
 .init          0x9d003ac0        0xc c:/program files (x86)/microchip/xc32/v1.40/bin/bin/../../lib/gcc/pic32mx/4.8.3/crtn.o
                0x9d003acc                . = ALIGN (0x4)

.fini           0x9d003acc       0x1c
 *(.fini)
 .fini          0x9d003acc        0x8 c:/program files (x86)/microchip/xc32/v1.40/bin/bin/../../lib/gcc/pic32mx/4.8.3/crti.o
                0x9d003acc                _fini
 .fini          0x9d003ad4        0x8 c:/program files (x86)/microchip/xc32/v1.40/bin/bin/../../lib/gcc/pic32mx/4.8.3/crtbegin.o
 .fini          0x9d003adc        0xc c:/program files (x86)/microchip/xc32/v1.40/bin/bin/../../lib/gcc/pic32mx/4.8.3/crtn.o
                0x9d003ae8                . = ALIGN (0x4)

.preinit_array  0x9d003ae8        0x0
                0x9d003ae8                PROVIDE (__preinit_array_start, .)
 *(.preinit_array)
                0x9d003ae8                PROVIDE (__preinit_array_end, .)
                0x9d003ae8                . = ALIGN (0x4)

.init_array     0x9d003ae8        0x0
                0x9d003ae8                PROVIDE (__init_array_start, .)
 *(SORT(.init_array.*))
 *(.init_array)
                0x9d003ae8                PROVIDE (__init_array_end, .)
                0x9d003ae8                . = ALIGN (0x4)

.fini_array     0x9d003ae8        0x0
                0x9d003ae8                PROVIDE (__fini_array_start, .)
 *(SORT(.fini_array.*))
 *(.fini_array)
                0x9d003ae8                PROVIDE (__fini_array_end, .)
                0x9d003ae8                . = ALIGN (0x4)

.ctors          0x9d003ae8        0x8
 *crtbegin.o(.ctors)
 .ctors         0x9d003ae8        0x4 c:/program files (x86)/microchip/xc32/v1.40/bin/bin/../../lib/gcc/pic32mx/4.8.3/crtbegin.o
 *crtbegin?.o(.ctors)
 *(EXCLUDE_FILE(*crtend?.o *crtend.o) .ctors)
 *(SORT(.ctors.*))
 *(.ctors)
 .ctors         0x9d003aec        0x4 c:/program files (x86)/microchip/xc32/v1.40/bin/bin/../../lib/gcc/pic32mx/4.8.3/crtend.o
                0x9d003af0                . = ALIGN (0x4)

.dtors          0x9d003af0        0x8
 *crtbegin.o(.dtors)
 .dtors         0x9d003af0        0x4 c:/program files (x86)/microchip/xc32/v1.40/bin/bin/../../lib/gcc/pic32mx/4.8.3/crtbegin.o
 *crtbegin?.o(.dtors)
 *(EXCLUDE_FILE(*crtend?.o *crtend.o) .dtors)
 *(SORT(.dtors.*))
 *(.dtors)
 .dtors         0x9d003af4        0x4 c:/program files (x86)/microchip/xc32/v1.40/bin/bin/../../lib/gcc/pic32mx/4.8.3/crtend.o
                0x9d003af4                __DTOR_END__
                0x9d003af8                . = ALIGN (0x4)

.rodata         0x9d003af8      0xb94
 *(.gnu.linkonce.r.*)
 .gnu.linkonce.r._ZTVN3HAL8RegisterE
                0x9d003af8       0x18 build/default/production/Register.o
                0x9d003af8                vtable for HAL::Register
 .gnu.linkonce.r._ZTVSt14error_category
                0x9d003b10       0x24 build/default/production/Register.o
                0x9d003b10                vtable for std::error_category
 .gnu.linkonce.r._ZTIN3HAL8RegisterE
                0x9d003b34        0xc build/default/production/Register.o
                0x9d003b34                typeinfo for HAL::Register
 .gnu.linkonce.r._ZTSN3HAL8RegisterE
                0x9d003b40       0x10 build/default/production/Register.o
                0x9d003b40                typeinfo name for HAL::Register
 .gnu.linkonce.r._ZTS6Object
                0x9d003b50        0x8 build/default/production/Register.o
                0x9d003b50                typeinfo name for Object
 .gnu.linkonce.r._ZTI6Object
                0x9d003b58        0x8 build/default/production/Register.o
                0x9d003b58                typeinfo for Object
 .gnu.linkonce.r._ZTISt14error_category
                0x9d003b60        0x8 build/default/production/Register.o
                0x9d003b60                typeinfo for std::error_category
 .gnu.linkonce.r._ZTSSt14error_category
                0x9d003b68       0x14 build/default/production/Register.o
                0x9d003b68                typeinfo name for std::error_category
 .gnu.linkonce.r._ZTVN3HAL9SPIDeviceE
                0x9d003b7c       0x18 build/default/production/SPIDevice.o
                0x9d003b7c                vtable for HAL::SPIDevice
 .gnu.linkonce.r._ZTVSt9bad_alloc
                0x9d003b94       0x18 build/default/production/SPIDevice.o
                0x9d003b94                vtable for std::bad_alloc
 .gnu.linkonce.r._ZTSN3HAL9SPIDeviceE
                0x9d003bac       0x14 build/default/production/SPIDevice.o
                0x9d003bac                typeinfo name for HAL::SPIDevice
 .gnu.linkonce.r._ZTIN3HAL9SPIDeviceE
                0x9d003bc0        0xc build/default/production/SPIDevice.o
                0x9d003bc0                typeinfo for HAL::SPIDevice
 .gnu.linkonce.r._ZTSSt9bad_alloc
                0x9d003bcc       0x10 build/default/production/SPIDevice.o
                0x9d003bcc                typeinfo name for std::bad_alloc
 .gnu.linkonce.r._ZTISt9bad_alloc
                0x9d003bdc        0xc build/default/production/SPIDevice.o
                0x9d003bdc                typeinfo for std::bad_alloc
 .gnu.linkonce.r._ZTVN3HAL6SPIBusE
                0x9d003be8       0x18 build/default/production/SPIBus.o
                0x9d003be8                vtable for HAL::SPIBus
 .gnu.linkonce.r._ZTIN3HAL6SPIBusE
                0x9d003c00        0xc build/default/production/SPIBus.o
                0x9d003c00                typeinfo for HAL::SPIBus
 .gnu.linkonce.r._ZTSN3HAL6SPIBusE
                0x9d003c0c       0x10 build/default/production/SPIBus.o
                0x9d003c0c                typeinfo name for HAL::SPIBus
 .gnu.linkonce.r._ZTVN3HAL9AltimeterE
                0x9d003c1c       0x18 build/default/production/Altimeter.o
                0x9d003c1c                vtable for HAL::Altimeter
 .gnu.linkonce.r._ZTIN3HAL9AltimeterE
                0x9d003c34        0xc build/default/production/Altimeter.o
                0x9d003c34                typeinfo for HAL::Altimeter
 .gnu.linkonce.r._ZTSN3HAL9AltimeterE
                0x9d003c40       0x14 build/default/production/Altimeter.o
                0x9d003c40                typeinfo name for HAL::Altimeter
 .gnu.linkonce.r._ZTVN3HAL3LCDE
                0x9d003c54       0x18 build/default/production/LCD.o
                0x9d003c54                vtable for HAL::LCD
 .gnu.linkonce.r._ZTIN3HAL3LCDE
                0x9d003c6c        0xc build/default/production/LCD.o
                0x9d003c6c                typeinfo for HAL::LCD
 .gnu.linkonce.r._ZTSN3HAL3LCDE
                0x9d003c78        0xc build/default/production/LCD.o
                0x9d003c78                typeinfo name for HAL::LCD
 .gnu.linkonce.r._ZTVN3HAL3IMUE
                0x9d003c84       0x18 build/default/production/IMU.o
                0x9d003c84                vtable for HAL::IMU
 .gnu.linkonce.r._ZTIN3HAL3IMUE
                0x9d003c9c        0xc build/default/production/IMU.o
                0x9d003c9c                typeinfo for HAL::IMU
 .gnu.linkonce.r._ZTSN3HAL3IMUE
                0x9d003ca8        0xc build/default/production/IMU.o
                0x9d003ca8                typeinfo name for HAL::IMU
 .gnu.linkonce.r._ZTVN3HAL4PWMCE
                0x9d003cb4       0x18 build/default/production/PWMC.o
                0x9d003cb4                vtable for HAL::PWMC
 .gnu.linkonce.r._ZTIN3HAL4PWMCE
                0x9d003ccc        0xc build/default/production/PWMC.o
                0x9d003ccc                typeinfo for HAL::PWMC
 .gnu.linkonce.r._ZTSN3HAL4PWMCE
                0x9d003cd8        0xc build/default/production/PWMC.o
                0x9d003cd8                typeinfo name for HAL::PWMC
 .gnu.linkonce.r._ZTVN3HAL9GyroscopeE
                0x9d003ce4       0x18 build/default/production/Gyroscope.o
                0x9d003ce4                vtable for HAL::Gyroscope
 .gnu.linkonce.r._ZTIN3HAL9GyroscopeE
                0x9d003cfc        0xc build/default/production/Gyroscope.o
                0x9d003cfc                typeinfo for HAL::Gyroscope
 .gnu.linkonce.r._ZTSN3HAL9GyroscopeE
                0x9d003d08       0x14 build/default/production/Gyroscope.o
                0x9d003d08                typeinfo name for HAL::Gyroscope
 .gnu.linkonce.r._ZTV6Object
                0x9d003d1c       0x18 build/default/production/Object.o
                0x9d003d1c                vtable for Object
 .gnu.linkonce.r._ZTVN3HAL13AccelerometerE
                0x9d003d34       0x18 build/default/production/Accelerometer.o
                0x9d003d34                vtable for HAL::Accelerometer
 .gnu.linkonce.r._ZTIN3HAL13AccelerometerE
                0x9d003d4c        0xc build/default/production/Accelerometer.o
                0x9d003d4c                typeinfo for HAL::Accelerometer
 .gnu.linkonce.r._ZTSN3HAL13AccelerometerE
                0x9d003d58       0x18 build/default/production/Accelerometer.o
                0x9d003d58                typeinfo name for HAL::Accelerometer
 .gnu.linkonce.r._ZTVN3HAL12MagnetometerE
                0x9d003d70       0x18 build/default/production/Magnetometer.o
                0x9d003d70                vtable for HAL::Magnetometer
 .gnu.linkonce.r._ZTIN3HAL12MagnetometerE
                0x9d003d88        0xc build/default/production/Magnetometer.o
                0x9d003d88                typeinfo for HAL::Magnetometer
 .gnu.linkonce.r._ZTSN3HAL12MagnetometerE
                0x9d003d94       0x18 build/default/production/Magnetometer.o
                0x9d003d94                typeinfo name for HAL::Magnetometer
 .gnu.linkonce.r._ZTVN10__cxxabiv117__class_type_infoE._ZTVN10__cxxabiv117__class_type_infoE
                0x9d003dac       0x2c c:/program files (x86)/microchip/xc32/v1.40/bin/bin/../../lib/gcc/pic32mx/4.8.3/../../../../pic32mx/lib\libsupc++.a(class_type_info.o)
                0x9d003dac                vtable for __cxxabiv1::__class_type_info
 .gnu.linkonce.r._ZTIN10__cxxabiv117__class_type_infoE._ZTIN10__cxxabiv117__class_type_infoE
                0x9d003dd8        0xc c:/program files (x86)/microchip/xc32/v1.40/bin/bin/../../lib/gcc/pic32mx/4.8.3/../../../../pic32mx/lib\libsupc++.a(class_type_info.o)
                0x9d003dd8                typeinfo for __cxxabiv1::__class_type_info
 .gnu.linkonce.r._ZTSN10__cxxabiv117__class_type_infoE._ZTSN10__cxxabiv117__class_type_infoE
                0x9d003de4       0x24 c:/program files (x86)/microchip/xc32/v1.40/bin/bin/../../lib/gcc/pic32mx/4.8.3/../../../../pic32mx/lib\libsupc++.a(class_type_info.o)
                0x9d003de4                typeinfo name for __cxxabiv1::__class_type_info
 .gnu.linkonce.r._ZTVN10__cxxabiv119__foreign_exceptionE._ZTVN10__cxxabiv119__foreign_exceptionE
                0x9d003e08       0x14 c:/program files (x86)/microchip/xc32/v1.40/bin/bin/../../lib/gcc/pic32mx/4.8.3/../../../../pic32mx/lib\libsupc++.a(eh_exception.o)
                0x9d003e08                vtable for __cxxabiv1::__foreign_exception
 .gnu.linkonce.r._ZTVN10__cxxabiv115__forced_unwindE._ZTVN10__cxxabiv115__forced_unwindE
                0x9d003e1c       0x14 c:/program files (x86)/microchip/xc32/v1.40/bin/bin/../../lib/gcc/pic32mx/4.8.3/../../../../pic32mx/lib\libsupc++.a(eh_exception.o)
                0x9d003e1c                vtable for __cxxabiv1::__forced_unwind
 .gnu.linkonce.r._ZTVSt13bad_exception._ZTVSt13bad_exception
                0x9d003e30       0x14 c:/program files (x86)/microchip/xc32/v1.40/bin/bin/../../lib/gcc/pic32mx/4.8.3/../../../../pic32mx/lib\libsupc++.a(eh_exception.o)
                0x9d003e30                vtable for std::bad_exception
 .gnu.linkonce.r._ZTVSt9exception._ZTVSt9exception
                0x9d003e44       0x14 c:/program files (x86)/microchip/xc32/v1.40/bin/bin/../../lib/gcc/pic32mx/4.8.3/../../../../pic32mx/lib\libsupc++.a(eh_exception.o)
                0x9d003e44                vtable for std::exception
 .gnu.linkonce.r._ZTIN10__cxxabiv119__foreign_exceptionE._ZTIN10__cxxabiv119__foreign_exceptionE
                0x9d003e58        0x8 c:/program files (x86)/microchip/xc32/v1.40/bin/bin/../../lib/gcc/pic32mx/4.8.3/../../../../pic32mx/lib\libsupc++.a(eh_exception.o)
                0x9d003e58                typeinfo for __cxxabiv1::__foreign_exception
 .gnu.linkonce.r._ZTSN10__cxxabiv119__foreign_exceptionE._ZTSN10__cxxabiv119__foreign_exceptionE
                0x9d003e60       0x24 c:/program files (x86)/microchip/xc32/v1.40/bin/bin/../../lib/gcc/pic32mx/4.8.3/../../../../pic32mx/lib\libsupc++.a(eh_exception.o)
                0x9d003e60                typeinfo name for __cxxabiv1::__foreign_exception
 .gnu.linkonce.r._ZTIN10__cxxabiv115__forced_unwindE._ZTIN10__cxxabiv115__forced_unwindE
                0x9d003e84        0x8 c:/program files (x86)/microchip/xc32/v1.40/bin/bin/../../lib/gcc/pic32mx/4.8.3/../../../../pic32mx/lib\libsupc++.a(eh_exception.o)
                0x9d003e84                typeinfo for __cxxabiv1::__forced_unwind
 .gnu.linkonce.r._ZTSN10__cxxabiv115__forced_unwindE._ZTSN10__cxxabiv115__forced_unwindE
                0x9d003e8c       0x20 c:/program files (x86)/microchip/xc32/v1.40/bin/bin/../../lib/gcc/pic32mx/4.8.3/../../../../pic32mx/lib\libsupc++.a(eh_exception.o)
                0x9d003e8c                typeinfo name for __cxxabiv1::__forced_unwind
 .gnu.linkonce.r._ZTISt13bad_exception._ZTISt13bad_exception
                0x9d003eac        0xc c:/program files (x86)/microchip/xc32/v1.40/bin/bin/../../lib/gcc/pic32mx/4.8.3/../../../../pic32mx/lib\libsupc++.a(eh_exception.o)
                0x9d003eac                typeinfo for std::bad_exception
 .gnu.linkonce.r._ZTSSt13bad_exception._ZTSSt13bad_exception
                0x9d003eb8       0x14 c:/program files (x86)/microchip/xc32/v1.40/bin/bin/../../lib/gcc/pic32mx/4.8.3/../../../../pic32mx/lib\libsupc++.a(eh_exception.o)
                0x9d003eb8                typeinfo name for std::bad_exception
 .gnu.linkonce.r._ZTISt9exception._ZTISt9exception
                0x9d003ecc        0x8 c:/program files (x86)/microchip/xc32/v1.40/bin/bin/../../lib/gcc/pic32mx/4.8.3/../../../../pic32mx/lib\libsupc++.a(eh_exception.o)
                0x9d003ecc                typeinfo for std::exception
 .gnu.linkonce.r._ZTSSt9exception._ZTSSt9exception
                0x9d003ed4       0x10 c:/program files (x86)/microchip/xc32/v1.40/bin/bin/../../lib/gcc/pic32mx/4.8.3/../../../../pic32mx/lib\libsupc++.a(eh_exception.o)
                0x9d003ed4                typeinfo name for std::exception
 .gnu.linkonce.r._ZTIv._ZTIv
                0x9d003ee4        0x8 c:/program files (x86)/microchip/xc32/v1.40/bin/bin/../../lib/gcc/pic32mx/4.8.3/../../../../pic32mx/lib\libsupc++.a(fundamental_type_info.o)
                0x9d003ee4                typeinfo for void
 .gnu.linkonce.r._ZTIPv._ZTIPv
                0x9d003eec       0x10 c:/program files (x86)/microchip/xc32/v1.40/bin/bin/../../lib/gcc/pic32mx/4.8.3/../../../../pic32mx/lib\libsupc++.a(fundamental_type_info.o)
                0x9d003eec                typeinfo for void*
 .gnu.linkonce.r._ZTIPKv._ZTIPKv
                0x9d003efc       0x10 c:/program files (x86)/microchip/xc32/v1.40/bin/bin/../../lib/gcc/pic32mx/4.8.3/../../../../pic32mx/lib\libsupc++.a(fundamental_type_info.o)
                0x9d003efc                typeinfo for void const*
 .gnu.linkonce.r._ZTIb._ZTIb
                0x9d003f0c        0x8 c:/program files (x86)/microchip/xc32/v1.40/bin/bin/../../lib/gcc/pic32mx/4.8.3/../../../../pic32mx/lib\libsupc++.a(fundamental_type_info.o)
                0x9d003f0c                typeinfo for bool
 .gnu.linkonce.r._ZTIPb._ZTIPb
                0x9d003f14       0x10 c:/program files (x86)/microchip/xc32/v1.40/bin/bin/../../lib/gcc/pic32mx/4.8.3/../../../../pic32mx/lib\libsupc++.a(fundamental_type_info.o)
                0x9d003f14                typeinfo for bool*
 .gnu.linkonce.r._ZTIPKb._ZTIPKb
                0x9d003f24       0x10 c:/program files (x86)/microchip/xc32/v1.40/bin/bin/../../lib/gcc/pic32mx/4.8.3/../../../../pic32mx/lib\libsupc++.a(fundamental_type_info.o)
                0x9d003f24                typeinfo for bool const*
 .gnu.linkonce.r._ZTIw._ZTIw
                0x9d003f34        0x8 c:/program files (x86)/microchip/xc32/v1.40/bin/bin/../../lib/gcc/pic32mx/4.8.3/../../../../pic32mx/lib\libsupc++.a(fundamental_type_info.o)
                0x9d003f34                typeinfo for wchar_t
 .gnu.linkonce.r._ZTIPw._ZTIPw
                0x9d003f3c       0x10 c:/program files (x86)/microchip/xc32/v1.40/bin/bin/../../lib/gcc/pic32mx/4.8.3/../../../../pic32mx/lib\libsupc++.a(fundamental_type_info.o)
                0x9d003f3c                typeinfo for wchar_t*
 .gnu.linkonce.r._ZTIPKw._ZTIPKw
                0x9d003f4c       0x10 c:/program files (x86)/microchip/xc32/v1.40/bin/bin/../../lib/gcc/pic32mx/4.8.3/../../../../pic32mx/lib\libsupc++.a(fundamental_type_info.o)
                0x9d003f4c                typeinfo for wchar_t const*
 .gnu.linkonce.r._ZTIDs._ZTIDs
                0x9d003f5c        0x8 c:/program files (x86)/microchip/xc32/v1.40/bin/bin/../../lib/gcc/pic32mx/4.8.3/../../../../pic32mx/lib\libsupc++.a(fundamental_type_info.o)
                0x9d003f5c                typeinfo for char16_t
 .gnu.linkonce.r._ZTIPDs._ZTIPDs
                0x9d003f64       0x10 c:/program files (x86)/microchip/xc32/v1.40/bin/bin/../../lib/gcc/pic32mx/4.8.3/../../../../pic32mx/lib\libsupc++.a(fundamental_type_info.o)
                0x9d003f64                typeinfo for char16_t*
 .gnu.linkonce.r._ZTIPKDs._ZTIPKDs
                0x9d003f74       0x10 c:/program files (x86)/microchip/xc32/v1.40/bin/bin/../../lib/gcc/pic32mx/4.8.3/../../../../pic32mx/lib\libsupc++.a(fundamental_type_info.o)
                0x9d003f74                typeinfo for char16_t const*
 .gnu.linkonce.r._ZTIDi._ZTIDi
                0x9d003f84        0x8 c:/program files (x86)/microchip/xc32/v1.40/bin/bin/../../lib/gcc/pic32mx/4.8.3/../../../../pic32mx/lib\libsupc++.a(fundamental_type_info.o)
                0x9d003f84                typeinfo for char32_t
 .gnu.linkonce.r._ZTIPDi._ZTIPDi
                0x9d003f8c       0x10 c:/program files (x86)/microchip/xc32/v1.40/bin/bin/../../lib/gcc/pic32mx/4.8.3/../../../../pic32mx/lib\libsupc++.a(fundamental_type_info.o)
                0x9d003f8c                typeinfo for char32_t*
 .gnu.linkonce.r._ZTIPKDi._ZTIPKDi
                0x9d003f9c       0x10 c:/program files (x86)/microchip/xc32/v1.40/bin/bin/../../lib/gcc/pic32mx/4.8.3/../../../../pic32mx/lib\libsupc++.a(fundamental_type_info.o)
                0x9d003f9c                typeinfo for char32_t const*
 .gnu.linkonce.r._ZTIc._ZTIc
                0x9d003fac        0x8 c:/program files (x86)/microchip/xc32/v1.40/bin/bin/../../lib/gcc/pic32mx/4.8.3/../../../../pic32mx/lib\libsupc++.a(fundamental_type_info.o)
                0x9d003fac                typeinfo for char
 .gnu.linkonce.r._ZTIPc._ZTIPc
                0x9d003fb4       0x10 c:/program files (x86)/microchip/xc32/v1.40/bin/bin/../../lib/gcc/pic32mx/4.8.3/../../../../pic32mx/lib\libsupc++.a(fundamental_type_info.o)
                0x9d003fb4                typeinfo for char*
 .gnu.linkonce.r._ZTIPKc._ZTIPKc
                0x9d003fc4       0x10 c:/program files (x86)/microchip/xc32/v1.40/bin/bin/../../lib/gcc/pic32mx/4.8.3/../../../../pic32mx/lib\libsupc++.a(fundamental_type_info.o)
                0x9d003fc4                typeinfo for char const*
 .gnu.linkonce.r._ZTIa._ZTIa
                0x9d003fd4        0x8 c:/program files (x86)/microchip/xc32/v1.40/bin/bin/../../lib/gcc/pic32mx/4.8.3/../../../../pic32mx/lib\libsupc++.a(fundamental_type_info.o)
                0x9d003fd4                typeinfo for signed char
 .gnu.linkonce.r._ZTIPa._ZTIPa
                0x9d003fdc       0x10 c:/program files (x86)/microchip/xc32/v1.40/bin/bin/../../lib/gcc/pic32mx/4.8.3/../../../../pic32mx/lib\libsupc++.a(fundamental_type_info.o)
                0x9d003fdc                typeinfo for signed char*
 .gnu.linkonce.r._ZTIPKa._ZTIPKa
                0x9d003fec       0x10 c:/program files (x86)/microchip/xc32/v1.40/bin/bin/../../lib/gcc/pic32mx/4.8.3/../../../../pic32mx/lib\libsupc++.a(fundamental_type_info.o)
                0x9d003fec                typeinfo for signed char const*
 .gnu.linkonce.r._ZTIh._ZTIh
                0x9d003ffc        0x8 c:/program files (x86)/microchip/xc32/v1.40/bin/bin/../../lib/gcc/pic32mx/4.8.3/../../../../pic32mx/lib\libsupc++.a(fundamental_type_info.o)
                0x9d003ffc                typeinfo for unsigned char
 .gnu.linkonce.r._ZTIPh._ZTIPh
                0x9d004004       0x10 c:/program files (x86)/microchip/xc32/v1.40/bin/bin/../../lib/gcc/pic32mx/4.8.3/../../../../pic32mx/lib\libsupc++.a(fundamental_type_info.o)
                0x9d004004                typeinfo for unsigned char*
 .gnu.linkonce.r._ZTIPKh._ZTIPKh
                0x9d004014       0x10 c:/program files (x86)/microchip/xc32/v1.40/bin/bin/../../lib/gcc/pic32mx/4.8.3/../../../../pic32mx/lib\libsupc++.a(fundamental_type_info.o)
                0x9d004014                typeinfo for unsigned char const*
 .gnu.linkonce.r._ZTIs._ZTIs
                0x9d004024        0x8 c:/program files (x86)/microchip/xc32/v1.40/bin/bin/../../lib/gcc/pic32mx/4.8.3/../../../../pic32mx/lib\libsupc++.a(fundamental_type_info.o)
                0x9d004024                typeinfo for short
 .gnu.linkonce.r._ZTIPs._ZTIPs
                0x9d00402c       0x10 c:/program files (x86)/microchip/xc32/v1.40/bin/bin/../../lib/gcc/pic32mx/4.8.3/../../../../pic32mx/lib\libsupc++.a(fundamental_type_info.o)
                0x9d00402c                typeinfo for short*
 .gnu.linkonce.r._ZTIPKs._ZTIPKs
                0x9d00403c       0x10 c:/program files (x86)/microchip/xc32/v1.40/bin/bin/../../lib/gcc/pic32mx/4.8.3/../../../../pic32mx/lib\libsupc++.a(fundamental_type_info.o)
                0x9d00403c                typeinfo for short const*
 .gnu.linkonce.r._ZTIt._ZTIt
                0x9d00404c        0x8 c:/program files (x86)/microchip/xc32/v1.40/bin/bin/../../lib/gcc/pic32mx/4.8.3/../../../../pic32mx/lib\libsupc++.a(fundamental_type_info.o)
                0x9d00404c                typeinfo for unsigned short
 .gnu.linkonce.r._ZTIPt._ZTIPt
                0x9d004054       0x10 c:/program files (x86)/microchip/xc32/v1.40/bin/bin/../../lib/gcc/pic32mx/4.8.3/../../../../pic32mx/lib\libsupc++.a(fundamental_type_info.o)
                0x9d004054                typeinfo for unsigned short*
 .gnu.linkonce.r._ZTIPKt._ZTIPKt
                0x9d004064       0x10 c:/program files (x86)/microchip/xc32/v1.40/bin/bin/../../lib/gcc/pic32mx/4.8.3/../../../../pic32mx/lib\libsupc++.a(fundamental_type_info.o)
                0x9d004064                typeinfo for unsigned short const*
 .gnu.linkonce.r._ZTIi._ZTIi
                0x9d004074        0x8 c:/program files (x86)/microchip/xc32/v1.40/bin/bin/../../lib/gcc/pic32mx/4.8.3/../../../../pic32mx/lib\libsupc++.a(fundamental_type_info.o)
                0x9d004074                typeinfo for int
 .gnu.linkonce.r._ZTIPi._ZTIPi
                0x9d00407c       0x10 c:/program files (x86)/microchip/xc32/v1.40/bin/bin/../../lib/gcc/pic32mx/4.8.3/../../../../pic32mx/lib\libsupc++.a(fundamental_type_info.o)
                0x9d00407c                typeinfo for int*
 .gnu.linkonce.r._ZTIPKi._ZTIPKi
                0x9d00408c       0x10 c:/program files (x86)/microchip/xc32/v1.40/bin/bin/../../lib/gcc/pic32mx/4.8.3/../../../../pic32mx/lib\libsupc++.a(fundamental_type_info.o)
                0x9d00408c                typeinfo for int const*
 .gnu.linkonce.r._ZTIj._ZTIj
                0x9d00409c        0x8 c:/program files (x86)/microchip/xc32/v1.40/bin/bin/../../lib/gcc/pic32mx/4.8.3/../../../../pic32mx/lib\libsupc++.a(fundamental_type_info.o)
                0x9d00409c                typeinfo for unsigned int
 .gnu.linkonce.r._ZTIPj._ZTIPj
                0x9d0040a4       0x10 c:/program files (x86)/microchip/xc32/v1.40/bin/bin/../../lib/gcc/pic32mx/4.8.3/../../../../pic32mx/lib\libsupc++.a(fundamental_type_info.o)
                0x9d0040a4                typeinfo for unsigned int*
 .gnu.linkonce.r._ZTIPKj._ZTIPKj
                0x9d0040b4       0x10 c:/program files (x86)/microchip/xc32/v1.40/bin/bin/../../lib/gcc/pic32mx/4.8.3/../../../../pic32mx/lib\libsupc++.a(fundamental_type_info.o)
                0x9d0040b4                typeinfo for unsigned int const*
 .gnu.linkonce.r._ZTIl._ZTIl
                0x9d0040c4        0x8 c:/program files (x86)/microchip/xc32/v1.40/bin/bin/../../lib/gcc/pic32mx/4.8.3/../../../../pic32mx/lib\libsupc++.a(fundamental_type_info.o)
                0x9d0040c4                typeinfo for long
 .gnu.linkonce.r._ZTIPl._ZTIPl
                0x9d0040cc       0x10 c:/program files (x86)/microchip/xc32/v1.40/bin/bin/../../lib/gcc/pic32mx/4.8.3/../../../../pic32mx/lib\libsupc++.a(fundamental_type_info.o)
                0x9d0040cc                typeinfo for long*
 .gnu.linkonce.r._ZTIPKl._ZTIPKl
                0x9d0040dc       0x10 c:/program files (x86)/microchip/xc32/v1.40/bin/bin/../../lib/gcc/pic32mx/4.8.3/../../../../pic32mx/lib\libsupc++.a(fundamental_type_info.o)
                0x9d0040dc                typeinfo for long const*
 .gnu.linkonce.r._ZTIm._ZTIm
                0x9d0040ec        0x8 c:/program files (x86)/microchip/xc32/v1.40/bin/bin/../../lib/gcc/pic32mx/4.8.3/../../../../pic32mx/lib\libsupc++.a(fundamental_type_info.o)
                0x9d0040ec                typeinfo for unsigned long
 .gnu.linkonce.r._ZTIPm._ZTIPm
                0x9d0040f4       0x10 c:/program files (x86)/microchip/xc32/v1.40/bin/bin/../../lib/gcc/pic32mx/4.8.3/../../../../pic32mx/lib\libsupc++.a(fundamental_type_info.o)
                0x9d0040f4                typeinfo for unsigned long*
 .gnu.linkonce.r._ZTIPKm._ZTIPKm
                0x9d004104       0x10 c:/program files (x86)/microchip/xc32/v1.40/bin/bin/../../lib/gcc/pic32mx/4.8.3/../../../../pic32mx/lib\libsupc++.a(fundamental_type_info.o)
                0x9d004104                typeinfo for unsigned long const*
 .gnu.linkonce.r._ZTIx._ZTIx
                0x9d004114        0x8 c:/program files (x86)/microchip/xc32/v1.40/bin/bin/../../lib/gcc/pic32mx/4.8.3/../../../../pic32mx/lib\libsupc++.a(fundamental_type_info.o)
                0x9d004114                typeinfo for long long
 .gnu.linkonce.r._ZTIPx._ZTIPx
                0x9d00411c       0x10 c:/program files (x86)/microchip/xc32/v1.40/bin/bin/../../lib/gcc/pic32mx/4.8.3/../../../../pic32mx/lib\libsupc++.a(fundamental_type_info.o)
                0x9d00411c                typeinfo for long long*
 .gnu.linkonce.r._ZTIPKx._ZTIPKx
                0x9d00412c       0x10 c:/program files (x86)/microchip/xc32/v1.40/bin/bin/../../lib/gcc/pic32mx/4.8.3/../../../../pic32mx/lib\libsupc++.a(fundamental_type_info.o)
                0x9d00412c                typeinfo for long long const*
 .gnu.linkonce.r._ZTIy._ZTIy
                0x9d00413c        0x8 c:/program files (x86)/microchip/xc32/v1.40/bin/bin/../../lib/gcc/pic32mx/4.8.3/../../../../pic32mx/lib\libsupc++.a(fundamental_type_info.o)
                0x9d00413c                typeinfo for unsigned long long
 .gnu.linkonce.r._ZTIPy._ZTIPy
                0x9d004144       0x10 c:/program files (x86)/microchip/xc32/v1.40/bin/bin/../../lib/gcc/pic32mx/4.8.3/../../../../pic32mx/lib\libsupc++.a(fundamental_type_info.o)
                0x9d004144                typeinfo for unsigned long long*
 .gnu.linkonce.r._ZTIPKy._ZTIPKy
                0x9d004154       0x10 c:/program files (x86)/microchip/xc32/v1.40/bin/bin/../../lib/gcc/pic32mx/4.8.3/../../../../pic32mx/lib\libsupc++.a(fundamental_type_info.o)
                0x9d004154                typeinfo for unsigned long long const*
 .gnu.linkonce.r._ZTIf._ZTIf
                0x9d004164        0x8 c:/program files (x86)/microchip/xc32/v1.40/bin/bin/../../lib/gcc/pic32mx/4.8.3/../../../../pic32mx/lib\libsupc++.a(fundamental_type_info.o)
                0x9d004164                typeinfo for float
 .gnu.linkonce.r._ZTIPf._ZTIPf
                0x9d00416c       0x10 c:/program files (x86)/microchip/xc32/v1.40/bin/bin/../../lib/gcc/pic32mx/4.8.3/../../../../pic32mx/lib\libsupc++.a(fundamental_type_info.o)
                0x9d00416c                typeinfo for float*
 .gnu.linkonce.r._ZTIPKf._ZTIPKf
                0x9d00417c       0x10 c:/program files (x86)/microchip/xc32/v1.40/bin/bin/../../lib/gcc/pic32mx/4.8.3/../../../../pic32mx/lib\libsupc++.a(fundamental_type_info.o)
                0x9d00417c                typeinfo for float const*
 .gnu.linkonce.r._ZTId._ZTId
                0x9d00418c        0x8 c:/program files (x86)/microchip/xc32/v1.40/bin/bin/../../lib/gcc/pic32mx/4.8.3/../../../../pic32mx/lib\libsupc++.a(fundamental_type_info.o)
                0x9d00418c                typeinfo for double
 .gnu.linkonce.r._ZTIPd._ZTIPd
                0x9d004194       0x10 c:/program files (x86)/microchip/xc32/v1.40/bin/bin/../../lib/gcc/pic32mx/4.8.3/../../../../pic32mx/lib\libsupc++.a(fundamental_type_info.o)
                0x9d004194                typeinfo for double*
 .gnu.linkonce.r._ZTIPKd._ZTIPKd
                0x9d0041a4       0x10 c:/program files (x86)/microchip/xc32/v1.40/bin/bin/../../lib/gcc/pic32mx/4.8.3/../../../../pic32mx/lib\libsupc++.a(fundamental_type_info.o)
                0x9d0041a4                typeinfo for double const*
 .gnu.linkonce.r._ZTIe._ZTIe
                0x9d0041b4        0x8 c:/program files (x86)/microchip/xc32/v1.40/bin/bin/../../lib/gcc/pic32mx/4.8.3/../../../../pic32mx/lib\libsupc++.a(fundamental_type_info.o)
                0x9d0041b4                typeinfo for long double
 .gnu.linkonce.r._ZTIPe._ZTIPe
                0x9d0041bc       0x10 c:/program files (x86)/microchip/xc32/v1.40/bin/bin/../../lib/gcc/pic32mx/4.8.3/../../../../pic32mx/lib\libsupc++.a(fundamental_type_info.o)
                0x9d0041bc                typeinfo for long double*
 .gnu.linkonce.r._ZTIPKe._ZTIPKe
                0x9d0041cc       0x10 c:/program files (x86)/microchip/xc32/v1.40/bin/bin/../../lib/gcc/pic32mx/4.8.3/../../../../pic32mx/lib\libsupc++.a(fundamental_type_info.o)
                0x9d0041cc                typeinfo for long double const*
 .gnu.linkonce.r._ZTIDf._ZTIDf
                0x9d0041dc        0x8 c:/program files (x86)/microchip/xc32/v1.40/bin/bin/../../lib/gcc/pic32mx/4.8.3/../../../../pic32mx/lib\libsupc++.a(fundamental_type_info.o)
                0x9d0041dc                typeinfo for decimal32
 .gnu.linkonce.r._ZTIPDf._ZTIPDf
                0x9d0041e4       0x10 c:/program files (x86)/microchip/xc32/v1.40/bin/bin/../../lib/gcc/pic32mx/4.8.3/../../../../pic32mx/lib\libsupc++.a(fundamental_type_info.o)
                0x9d0041e4                typeinfo for decimal32*
 .gnu.linkonce.r._ZTIPKDf._ZTIPKDf
                0x9d0041f4       0x10 c:/program files (x86)/microchip/xc32/v1.40/bin/bin/../../lib/gcc/pic32mx/4.8.3/../../../../pic32mx/lib\libsupc++.a(fundamental_type_info.o)
                0x9d0041f4                typeinfo for decimal32 const*
 .gnu.linkonce.r._ZTIDd._ZTIDd
                0x9d004204        0x8 c:/program files (x86)/microchip/xc32/v1.40/bin/bin/../../lib/gcc/pic32mx/4.8.3/../../../../pic32mx/lib\libsupc++.a(fundamental_type_info.o)
                0x9d004204                typeinfo for decimal64
 .gnu.linkonce.r._ZTIPDd._ZTIPDd
                0x9d00420c       0x10 c:/program files (x86)/microchip/xc32/v1.40/bin/bin/../../lib/gcc/pic32mx/4.8.3/../../../../pic32mx/lib\libsupc++.a(fundamental_type_info.o)
                0x9d00420c                typeinfo for decimal64*
 .gnu.linkonce.r._ZTIPKDd._ZTIPKDd
                0x9d00421c       0x10 c:/program files (x86)/microchip/xc32/v1.40/bin/bin/../../lib/gcc/pic32mx/4.8.3/../../../../pic32mx/lib\libsupc++.a(fundamental_type_info.o)
                0x9d00421c                typeinfo for decimal64 const*
 .gnu.linkonce.r._ZTIDe._ZTIDe
                0x9d00422c        0x8 c:/program files (x86)/microchip/xc32/v1.40/bin/bin/../../lib/gcc/pic32mx/4.8.3/../../../../pic32mx/lib\libsupc++.a(fundamental_type_info.o)
                0x9d00422c                typeinfo for decimal128
 .gnu.linkonce.r._ZTIPDe._ZTIPDe